[0.071s] DEBUG:colcon:Command line arguments: ['/usr/bin/colcon', 'build', '--symlink-install', '--packages-select', 'kiss_icp', '--cmake-args', '-DCMAKE_BUILD_TYPE=Release']
[0.071s] DEBUG:colcon:Parsed command line arguments: Namespace(log_base=None, log_level=None, verb_name='build', build_base='build', install_base='install', merge_install=False, symlink_install=True, test_result_base=None, continue_on_error=False, executor='parallel', parallel_workers=32, event_handlers=None, ignore_user_meta=False, metas=['./colcon.meta'], base_paths=['.'], packages_ignore=None, packages_ignore_regex=None, paths=None, packages_up_to=None, packages_up_to_regex=None, packages_above=None, packages_above_and_dependencies=None, packages_above_depth=None, packages_select_by_dep=None, packages_skip_by_dep=None, packages_skip_up_to=None, packages_select_build_failed=False, packages_skip_build_finished=False, packages_select_test_failures=False, packages_skip_test_passed=False, packages_select=['kiss_icp'], packages_skip=None, packages_select_regex=None, packages_skip_regex=None, packages_start=None, packages_end=None, allow_overriding=[], cmake_args=['-DCMAKE_BUILD_TYPE=Release'], cmake_target=None, cmake_target_skip_unavailable=False, cmake_clean_cache=False, cmake_clean_first=False, cmake_force_configure=False, ament_cmake_args=None, catkin_cmake_args=None, catkin_skip_building_tests=False, verb_parser=<colcon_defaults.argument_parser.defaults.DefaultArgumentsDecorator object at 0x70111be490c0>, verb_extension=<colcon_core.verb.build.BuildVerb object at 0x70111bfca710>, main=<bound method BuildVerb.main of <colcon_core.verb.build.BuildVerb object at 0x70111bfca710>>)
[0.181s] Level 1:colcon.colcon_core.package_discovery:discover_packages(colcon_meta) check parameters
[0.181s] Level 1:colcon.colcon_core.package_discovery:discover_packages(recursive) check parameters
[0.181s] Level 1:colcon.colcon_core.package_discovery:discover_packages(ignore) check parameters
[0.181s] Level 1:colcon.colcon_core.package_discovery:discover_packages(path) check parameters
[0.181s] Level 1:colcon.colcon_core.package_discovery:discover_packages(colcon_meta) discover
[0.181s] Level 1:colcon.colcon_core.package_discovery:discover_packages(recursive) discover
[0.181s] INFO:colcon.colcon_core.package_discovery:Crawling recursively for packages in '/home/ugiviag1/Documents/TFM-Miquel_Reynes/Follower_Project/robot-internal-files/robot-slam'
[0.181s] Level 1:colcon.colcon_core.package_identification:_identify(.) by extensions ['ignore', 'ignore_ament_install']
[0.181s] Level 1:colcon.colcon_core.package_identification:_identify(.) by extension 'ignore'
[0.181s] Level 1:colcon.colcon_core.package_identification:_identify(.) by extension 'ignore_ament_install'
[0.181s] Level 1:colcon.colcon_core.package_identification:_identify(.) by extensions ['colcon_pkg']
[0.181s] Level 1:colcon.colcon_core.package_identification:_identify(.) by extension 'colcon_pkg'
[0.181s] Level 1:colcon.colcon_core.package_identification:_identify(.) by extensions ['colcon_meta']
[0.181s] Level 1:colcon.colcon_core.package_identification:_identify(.) by extension 'colcon_meta'
[0.181s] Level 1:colcon.colcon_core.package_identification:_identify(.) by extensions ['ros']
[0.181s] Level 1:colcon.colcon_core.package_identification:_identify(.) by extension 'ros'
[0.189s] Level 1:colcon.colcon_core.package_identification:_identify(.) by extensions ['cmake', 'python']
[0.189s] Level 1:colcon.colcon_core.package_identification:_identify(.) by extension 'cmake'
[0.189s] Level 1:colcon.colcon_core.package_identification:_identify(.) by extension 'python'
[0.189s] Level 1:colcon.colcon_core.package_identification:_identify(.) by extensions ['python_setup_py']
[0.189s] Level 1:colcon.colcon_core.package_identification:_identify(.) by extension 'python_setup_py'
[0.190s] Level 1:colcon.colcon_core.package_identification:_identify(build) by extensions ['ignore', 'ignore_ament_install']
[0.190s] Level 1:colcon.colcon_core.package_identification:_identify(build) by extension 'ignore'
[0.190s] Level 1:colcon.colcon_core.package_identification:_identify(build) ignored
[0.190s] Level 1:colcon.colcon_core.package_identification:_identify(config) by extensions ['ignore', 'ignore_ament_install']
[0.190s] Level 1:colcon.colcon_core.package_identification:_identify(config) by extension 'ignore'
[0.190s] Level 1:colcon.colcon_core.package_identification:_identify(config) by extension 'ignore_ament_install'
[0.190s] Level 1:colcon.colcon_core.package_identification:_identify(config) by extensions ['colcon_pkg']
[0.190s] Level 1:colcon.colcon_core.package_identification:_identify(config) by extension 'colcon_pkg'
[0.190s] Level 1:colcon.colcon_core.package_identification:_identify(config) by extensions ['colcon_meta']
[0.190s] Level 1:colcon.colcon_core.package_identification:_identify(config) by extension 'colcon_meta'
[0.190s] Level 1:colcon.colcon_core.package_identification:_identify(config) by extensions ['ros']
[0.190s] Level 1:colcon.colcon_core.package_identification:_identify(config) by extension 'ros'
[0.190s] Level 1:colcon.colcon_core.package_identification:_identify(config) by extensions ['cmake', 'python']
[0.190s] Level 1:colcon.colcon_core.package_identification:_identify(config) by extension 'cmake'
[0.190s] Level 1:colcon.colcon_core.package_identification:_identify(config) by extension 'python'
[0.190s] Level 1:colcon.colcon_core.package_identification:_identify(config) by extensions ['python_setup_py']
[0.190s] Level 1:colcon.colcon_core.package_identification:_identify(config) by extension 'python_setup_py'
[0.190s] Level 1:colcon.colcon_core.package_identification:_identify(install) by extensions ['ignore', 'ignore_ament_install']
[0.190s] Level 1:colcon.colcon_core.package_identification:_identify(install) by extension 'ignore'
[0.190s] Level 1:colcon.colcon_core.package_identification:_identify(install) ignored
[0.190s] Level 1:colcon.colcon_core.package_identification:_identify(log) by extensions ['ignore', 'ignore_ament_install']
[0.190s] Level 1:colcon.colcon_core.package_identification:_identify(log) by extension 'ignore'
[0.190s] Level 1:colcon.colcon_core.package_identification:_identify(log) ignored
[0.190s] Level 1:colcon.colcon_core.package_identification:_identify(results) by extensions ['ignore', 'ignore_ament_install']
[0.191s] Level 1:colcon.colcon_core.package_identification:_identify(results) by extension 'ignore'
[0.191s] Level 1:colcon.colcon_core.package_identification:_identify(results) by extension 'ignore_ament_install'
[0.191s] Level 1:colcon.colcon_core.package_identification:_identify(results) by extensions ['colcon_pkg']
[0.191s] Level 1:colcon.colcon_core.package_identification:_identify(results) by extension 'colcon_pkg'
[0.191s] Level 1:colcon.colcon_core.package_identification:_identify(results) by extensions ['colcon_meta']
[0.191s] Level 1:colcon.colcon_core.package_identification:_identify(results) by extension 'colcon_meta'
[0.191s] Level 1:colcon.colcon_core.package_identification:_identify(results) by extensions ['ros']
[0.191s] Level 1:colcon.colcon_core.package_identification:_identify(results) by extension 'ros'
[0.191s] Level 1:colcon.colcon_core.package_identification:_identify(results) by extensions ['cmake', 'python']
[0.191s] Level 1:colcon.colcon_core.package_identification:_identify(results) by extension 'cmake'
[0.191s] Level 1:colcon.colcon_core.package_identification:_identify(results) by extension 'python'
[0.191s] Level 1:colcon.colcon_core.package_identification:_identify(results) by extensions ['python_setup_py']
[0.191s] Level 1:colcon.colcon_core.package_identification:_identify(results) by extension 'python_setup_py'
[0.191s] Level 1:colcon.colcon_core.package_identification:_identify(results/runs) by extensions ['ignore', 'ignore_ament_install']
[0.191s] Level 1:colcon.colcon_core.package_identification:_identify(results/runs) by extension 'ignore'
[0.191s] Level 1:colcon.colcon_core.package_identification:_identify(results/runs) by extension 'ignore_ament_install'
[0.191s] Level 1:colcon.colcon_core.package_identification:_identify(results/runs) by extensions ['colcon_pkg']
[0.191s] Level 1:colcon.colcon_core.package_identification:_identify(results/runs) by extension 'colcon_pkg'
[0.191s] Level 1:colcon.colcon_core.package_identification:_identify(results/runs) by extensions ['colcon_meta']
[0.191s] Level 1:colcon.colcon_core.package_identification:_identify(results/runs) by extension 'colcon_meta'
[0.191s] Level 1:colcon.colcon_core.package_identification:_identify(results/runs) by extensions ['ros']
[0.191s] Level 1:colcon.colcon_core.package_identification:_identify(results/runs) by extension 'ros'
[0.191s] Level 1:colcon.colcon_core.package_identification:_identify(results/runs) by extensions ['cmake', 'python']
[0.191s] Level 1:colcon.colcon_core.package_identification:_identify(results/runs) by extension 'cmake'
[0.191s] Level 1:colcon.colcon_core.package_identification:_identify(results/runs) by extension 'python'
[0.191s] Level 1:colcon.colcon_core.package_identification:_identify(results/runs) by extensions ['python_setup_py']
[0.191s] Level 1:colcon.colcon_core.package_identification:_identify(results/runs) by extension 'python_setup_py'
[0.191s] Level 1:colcon.colcon_core.package_identification:_identify(results/runs/20260910_123844_icp_pose_graph_tfm-bag-00) by extensions ['ignore', 'ignore_ament_install']
[0.191s] Level 1:colcon.colcon_core.package_identification:_identify(results/runs/20260910_123844_icp_pose_graph_tfm-bag-00) by extension 'ignore'
[0.191s] Level 1:colcon.colcon_core.package_identification:_identify(results/runs/20260910_123844_icp_pose_graph_tfm-bag-00) by extension 'ignore_ament_install'
[0.191s] Level 1:colcon.colcon_core.package_identification:_identify(results/runs/20260910_123844_icp_pose_graph_tfm-bag-00) by extensions ['colcon_pkg']
[0.192s] Level 1:colcon.colcon_core.package_identification:_identify(results/runs/20260910_123844_icp_pose_graph_tfm-bag-00) by extension 'colcon_pkg'
[0.192s] Level 1:colcon.colcon_core.package_identification:_identify(results/runs/20260910_123844_icp_pose_graph_tfm-bag-00) by extensions ['colcon_meta']
[0.192s] Level 1:colcon.colcon_core.package_identification:_identify(results/runs/20260910_123844_icp_pose_graph_tfm-bag-00) by extension 'colcon_meta'
[0.192s] Level 1:colcon.colcon_core.package_identification:_identify(results/runs/20260910_123844_icp_pose_graph_tfm-bag-00) by extensions ['ros']
[0.192s] Level 1:colcon.colcon_core.package_identification:_identify(results/runs/20260910_123844_icp_pose_graph_tfm-bag-00) by extension 'ros'
[0.192s] Level 1:colcon.colcon_core.package_identification:_identify(results/runs/20260910_123844_icp_pose_graph_tfm-bag-00) by extensions ['cmake', 'python']
[0.192s] Level 1:colcon.colcon_core.package_identification:_identify(results/runs/20260910_123844_icp_pose_graph_tfm-bag-00) by extension 'cmake'
[0.192s] Level 1:colcon.colcon_core.package_identification:_identify(results/runs/20260910_123844_icp_pose_graph_tfm-bag-00) by extension 'python'
[0.192s] Level 1:colcon.colcon_core.package_identification:_identify(results/runs/20260910_123844_icp_pose_graph_tfm-bag-00) by extensions ['python_setup_py']
[0.192s] Level 1:colcon.colcon_core.package_identification:_identify(results/runs/20260910_123844_icp_pose_graph_tfm-bag-00) by extension 'python_setup_py'
[0.192s] Level 1:colcon.colcon_core.package_identification:_identify(results/runs/20260910_125706_icp_pose_graph_tfm-bag-00) by extensions ['ignore', 'ignore_ament_install']
[0.192s] Level 1:colcon.colcon_core.package_identification:_identify(results/runs/20260910_125706_icp_pose_graph_tfm-bag-00) by extension 'ignore'
[0.192s] Level 1:colcon.colcon_core.package_identification:_identify(results/runs/20260910_125706_icp_pose_graph_tfm-bag-00) by extension 'ignore_ament_install'
[0.192s] Level 1:colcon.colcon_core.package_identification:_identify(results/runs/20260910_125706_icp_pose_graph_tfm-bag-00) by extensions ['colcon_pkg']
[0.192s] Level 1:colcon.colcon_core.package_identification:_identify(results/runs/20260910_125706_icp_pose_graph_tfm-bag-00) by extension 'colcon_pkg'
[0.192s] Level 1:colcon.colcon_core.package_identification:_identify(results/runs/20260910_125706_icp_pose_graph_tfm-bag-00) by extensions ['colcon_meta']
[0.192s] Level 1:colcon.colcon_core.package_identification:_identify(results/runs/20260910_125706_icp_pose_graph_tfm-bag-00) by extension 'colcon_meta'
[0.192s] Level 1:colcon.colcon_core.package_identification:_identify(results/runs/20260910_125706_icp_pose_graph_tfm-bag-00) by extensions ['ros']
[0.192s] Level 1:colcon.colcon_core.package_identification:_identify(results/runs/20260910_125706_icp_pose_graph_tfm-bag-00) by extension 'ros'
[0.192s] Level 1:colcon.colcon_core.package_identification:_identify(results/runs/20260910_125706_icp_pose_graph_tfm-bag-00) by extensions ['cmake', 'python']
[0.192s] Level 1:colcon.colcon_core.package_identification:_identify(results/runs/20260910_125706_icp_pose_graph_tfm-bag-00) by extension 'cmake'
[0.192s] Level 1:colcon.colcon_core.package_identification:_identify(results/runs/20260910_125706_icp_pose_graph_tfm-bag-00) by extension 'python'
[0.192s] Level 1:colcon.colcon_core.package_identification:_identify(results/runs/20260910_125706_icp_pose_graph_tfm-bag-00) by extensions ['python_setup_py']
[0.192s] Level 1:colcon.colcon_core.package_identification:_identify(results/runs/20260910_125706_icp_pose_graph_tfm-bag-00) by extension 'python_setup_py'
[0.192s] Level 1:colcon.colcon_core.package_identification:_identify(results/runs/20260910_130413_icp_pose_graph_tfm-bag-00) by extensions ['ignore', 'ignore_ament_install']
[0.192s] Level 1:colcon.colcon_core.package_identification:_identify(results/runs/20260910_130413_icp_pose_graph_tfm-bag-00) by extension 'ignore'
[0.192s] Level 1:colcon.colcon_core.package_identification:_identify(results/runs/20260910_130413_icp_pose_graph_tfm-bag-00) by extension 'ignore_ament_install'
[0.192s] Level 1:colcon.colcon_core.package_identification:_identify(results/runs/20260910_130413_icp_pose_graph_tfm-bag-00) by extensions ['colcon_pkg']
[0.192s] Level 1:colcon.colcon_core.package_identification:_identify(results/runs/20260910_130413_icp_pose_graph_tfm-bag-00) by extension 'colcon_pkg'
[0.192s] Level 1:colcon.colcon_core.package_identification:_identify(results/runs/20260910_130413_icp_pose_graph_tfm-bag-00) by extensions ['colcon_meta']
[0.192s] Level 1:colcon.colcon_core.package_identification:_identify(results/runs/20260910_130413_icp_pose_graph_tfm-bag-00) by extension 'colcon_meta'
[0.192s] Level 1:colcon.colcon_core.package_identification:_identify(results/runs/20260910_130413_icp_pose_graph_tfm-bag-00) by extensions ['ros']
[0.192s] Level 1:colcon.colcon_core.package_identification:_identify(results/runs/20260910_130413_icp_pose_graph_tfm-bag-00) by extension 'ros'
[0.193s] Level 1:colcon.colcon_core.package_identification:_identify(results/runs/20260910_130413_icp_pose_graph_tfm-bag-00) by extensions ['cmake', 'python']
[0.193s] Level 1:colcon.colcon_core.package_identification:_identify(results/runs/20260910_130413_icp_pose_graph_tfm-bag-00) by extension 'cmake'
[0.193s] Level 1:colcon.colcon_core.package_identification:_identify(results/runs/20260910_130413_icp_pose_graph_tfm-bag-00) by extension 'python'
[0.193s] Level 1:colcon.colcon_core.package_identification:_identify(results/runs/20260910_130413_icp_pose_graph_tfm-bag-00) by extensions ['python_setup_py']
[0.193s] Level 1:colcon.colcon_core.package_identification:_identify(results/runs/20260910_130413_icp_pose_graph_tfm-bag-00) by extension 'python_setup_py'
[0.193s] Level 1:colcon.colcon_core.package_identification:_identify(results/runs/20260910_130839_icp_pose_graph_tfm-bag-00) by extensions ['ignore', 'ignore_ament_install']
[0.193s] Level 1:colcon.colcon_core.package_identification:_identify(results/runs/20260910_130839_icp_pose_graph_tfm-bag-00) by extension 'ignore'
[0.193s] Level 1:colcon.colcon_core.package_identification:_identify(results/runs/20260910_130839_icp_pose_graph_tfm-bag-00) by extension 'ignore_ament_install'
[0.193s] Level 1:colcon.colcon_core.package_identification:_identify(results/runs/20260910_130839_icp_pose_graph_tfm-bag-00) by extensions ['colcon_pkg']
[0.193s] Level 1:colcon.colcon_core.package_identification:_identify(results/runs/20260910_130839_icp_pose_graph_tfm-bag-00) by extension 'colcon_pkg'
[0.193s] Level 1:colcon.colcon_core.package_identification:_identify(results/runs/20260910_130839_icp_pose_graph_tfm-bag-00) by extensions ['colcon_meta']
[0.193s] Level 1:colcon.colcon_core.package_identification:_identify(results/runs/20260910_130839_icp_pose_graph_tfm-bag-00) by extension 'colcon_meta'
[0.193s] Level 1:colcon.colcon_core.package_identification:_identify(results/runs/20260910_130839_icp_pose_graph_tfm-bag-00) by extensions ['ros']
[0.193s] Level 1:colcon.colcon_core.package_identification:_identify(results/runs/20260910_130839_icp_pose_graph_tfm-bag-00) by extension 'ros'
[0.193s] Level 1:colcon.colcon_core.package_identification:_identify(results/runs/20260910_130839_icp_pose_graph_tfm-bag-00) by extensions ['cmake', 'python']
[0.193s] Level 1:colcon.colcon_core.package_identification:_identify(results/runs/20260910_130839_icp_pose_graph_tfm-bag-00) by extension 'cmake'
[0.193s] Level 1:colcon.colcon_core.package_identification:_identify(results/runs/20260910_130839_icp_pose_graph_tfm-bag-00) by extension 'python'
[0.193s] Level 1:colcon.colcon_core.package_identification:_identify(results/runs/20260910_130839_icp_pose_graph_tfm-bag-00) by extensions ['python_setup_py']
[0.193s] Level 1:colcon.colcon_core.package_identification:_identify(results/runs/20260910_130839_icp_pose_graph_tfm-bag-00) by extension 'python_setup_py'
[0.193s] Level 1:colcon.colcon_core.package_identification:_identify(results/runs/20260910_130903_icp_pose_graph_tfm-bag-00) by extensions ['ignore', 'ignore_ament_install']
[0.193s] Level 1:colcon.colcon_core.package_identification:_identify(results/runs/20260910_130903_icp_pose_graph_tfm-bag-00) by extension 'ignore'
[0.193s] Level 1:colcon.colcon_core.package_identification:_identify(results/runs/20260910_130903_icp_pose_graph_tfm-bag-00) by extension 'ignore_ament_install'
[0.193s] Level 1:colcon.colcon_core.package_identification:_identify(results/runs/20260910_130903_icp_pose_graph_tfm-bag-00) by extensions ['colcon_pkg']
[0.193s] Level 1:colcon.colcon_core.package_identification:_identify(results/runs/20260910_130903_icp_pose_graph_tfm-bag-00) by extension 'colcon_pkg'
[0.193s] Level 1:colcon.colcon_core.package_identification:_identify(results/runs/20260910_130903_icp_pose_graph_tfm-bag-00) by extensions ['colcon_meta']
[0.193s] Level 1:colcon.colcon_core.package_identification:_identify(results/runs/20260910_130903_icp_pose_graph_tfm-bag-00) by extension 'colcon_meta'
[0.193s] Level 1:colcon.colcon_core.package_identification:_identify(results/runs/20260910_130903_icp_pose_graph_tfm-bag-00) by extensions ['ros']
[0.193s] Level 1:colcon.colcon_core.package_identification:_identify(results/runs/20260910_130903_icp_pose_graph_tfm-bag-00) by extension 'ros'
[0.193s] Level 1:colcon.colcon_core.package_identification:_identify(results/runs/20260910_130903_icp_pose_graph_tfm-bag-00) by extensions ['cmake', 'python']
[0.193s] Level 1:colcon.colcon_core.package_identification:_identify(results/runs/20260910_130903_icp_pose_graph_tfm-bag-00) by extension 'cmake'
[0.193s] Level 1:colcon.colcon_core.package_identification:_identify(results/runs/20260910_130903_icp_pose_graph_tfm-bag-00) by extension 'python'
[0.193s] Level 1:colcon.colcon_core.package_identification:_identify(results/runs/20260910_130903_icp_pose_graph_tfm-bag-00) by extensions ['python_setup_py']
[0.193s] Level 1:colcon.colcon_core.package_identification:_identify(results/runs/20260910_130903_icp_pose_graph_tfm-bag-00) by extension 'python_setup_py'
[0.194s] Level 1:colcon.colcon_core.package_identification:_identify(results/runs/20260910_130946_icp_pose_graph_tfm-bag-00) by extensions ['ignore', 'ignore_ament_install']
[0.194s] Level 1:colcon.colcon_core.package_identification:_identify(results/runs/20260910_130946_icp_pose_graph_tfm-bag-00) by extension 'ignore'
[0.194s] Level 1:colcon.colcon_core.package_identification:_identify(results/runs/20260910_130946_icp_pose_graph_tfm-bag-00) by extension 'ignore_ament_install'
[0.194s] Level 1:colcon.colcon_core.package_identification:_identify(results/runs/20260910_130946_icp_pose_graph_tfm-bag-00) by extensions ['colcon_pkg']
[0.194s] Level 1:colcon.colcon_core.package_identification:_identify(results/runs/20260910_130946_icp_pose_graph_tfm-bag-00) by extension 'colcon_pkg'
[0.194s] Level 1:colcon.colcon_core.package_identification:_identify(results/runs/20260910_130946_icp_pose_graph_tfm-bag-00) by extensions ['colcon_meta']
[0.194s] Level 1:colcon.colcon_core.package_identification:_identify(results/runs/20260910_130946_icp_pose_graph_tfm-bag-00) by extension 'colcon_meta'
[0.194s] Level 1:colcon.colcon_core.package_identification:_identify(results/runs/20260910_130946_icp_pose_graph_tfm-bag-00) by extensions ['ros']
[0.194s] Level 1:colcon.colcon_core.package_identification:_identify(results/runs/20260910_130946_icp_pose_graph_tfm-bag-00) by extension 'ros'
[0.194s] Level 1:colcon.colcon_core.package_identification:_identify(results/runs/20260910_130946_icp_pose_graph_tfm-bag-00) by extensions ['cmake', 'python']
[0.194s] Level 1:colcon.colcon_core.package_identification:_identify(results/runs/20260910_130946_icp_pose_graph_tfm-bag-00) by extension 'cmake'
[0.194s] Level 1:colcon.colcon_core.package_identification:_identify(results/runs/20260910_130946_icp_pose_graph_tfm-bag-00) by extension 'python'
[0.194s] Level 1:colcon.colcon_core.package_identification:_identify(results/runs/20260910_130946_icp_pose_graph_tfm-bag-00) by extensions ['python_setup_py']
[0.194s] Level 1:colcon.colcon_core.package_identification:_identify(results/runs/20260910_130946_icp_pose_graph_tfm-bag-00) by extension 'python_setup_py'
[0.194s] Level 1:colcon.colcon_core.package_identification:_identify(results/runs/20260910_134021_icp_pose_graph_tfm-bag-00) by extensions ['ignore', 'ignore_ament_install']
[0.194s] Level 1:colcon.colcon_core.package_identification:_identify(results/runs/20260910_134021_icp_pose_graph_tfm-bag-00) by extension 'ignore'
[0.194s] Level 1:colcon.colcon_core.package_identification:_identify(results/runs/20260910_134021_icp_pose_graph_tfm-bag-00) by extension 'ignore_ament_install'
[0.194s] Level 1:colcon.colcon_core.package_identification:_identify(results/runs/20260910_134021_icp_pose_graph_tfm-bag-00) by extensions ['colcon_pkg']
[0.194s] Level 1:colcon.colcon_core.package_identification:_identify(results/runs/20260910_134021_icp_pose_graph_tfm-bag-00) by extension 'colcon_pkg'
[0.194s] Level 1:colcon.colcon_core.package_identification:_identify(results/runs/20260910_134021_icp_pose_graph_tfm-bag-00) by extensions ['colcon_meta']
[0.194s] Level 1:colcon.colcon_core.package_identification:_identify(results/runs/20260910_134021_icp_pose_graph_tfm-bag-00) by extension 'colcon_meta'
[0.194s] Level 1:colcon.colcon_core.package_identification:_identify(results/runs/20260910_134021_icp_pose_graph_tfm-bag-00) by extensions ['ros']
[0.194s] Level 1:colcon.colcon_core.package_identification:_identify(results/runs/20260910_134021_icp_pose_graph_tfm-bag-00) by extension 'ros'
[0.194s] Level 1:colcon.colcon_core.package_identification:_identify(results/runs/20260910_134021_icp_pose_graph_tfm-bag-00) by extensions ['cmake', 'python']
[0.194s] Level 1:colcon.colcon_core.package_identification:_identify(results/runs/20260910_134021_icp_pose_graph_tfm-bag-00) by extension 'cmake'
[0.194s] Level 1:colcon.colcon_core.package_identification:_identify(results/runs/20260910_134021_icp_pose_graph_tfm-bag-00) by extension 'python'
[0.194s] Level 1:colcon.colcon_core.package_identification:_identify(results/runs/20260910_134021_icp_pose_graph_tfm-bag-00) by extensions ['python_setup_py']
[0.194s] Level 1:colcon.colcon_core.package_identification:_identify(results/runs/20260910_134021_icp_pose_graph_tfm-bag-00) by extension 'python_setup_py'
[0.194s] Level 1:colcon.colcon_core.package_identification:_identify(results/runs/20260910_142306_icp_pose_graph_tfm-bag-00) by extensions ['ignore', 'ignore_ament_install']
[0.194s] Level 1:colcon.colcon_core.package_identification:_identify(results/runs/20260910_142306_icp_pose_graph_tfm-bag-00) by extension 'ignore'
[0.194s] Level 1:colcon.colcon_core.package_identification:_identify(results/runs/20260910_142306_icp_pose_graph_tfm-bag-00) by extension 'ignore_ament_install'
[0.195s] Level 1:colcon.colcon_core.package_identification:_identify(results/runs/20260910_142306_icp_pose_graph_tfm-bag-00) by extensions ['colcon_pkg']
[0.195s] Level 1:colcon.colcon_core.package_identification:_identify(results/runs/20260910_142306_icp_pose_graph_tfm-bag-00) by extension 'colcon_pkg'
[0.195s] Level 1:colcon.colcon_core.package_identification:_identify(results/runs/20260910_142306_icp_pose_graph_tfm-bag-00) by extensions ['colcon_meta']
[0.195s] Level 1:colcon.colcon_core.package_identification:_identify(results/runs/20260910_142306_icp_pose_graph_tfm-bag-00) by extension 'colcon_meta'
[0.195s] Level 1:colcon.colcon_core.package_identification:_identify(results/runs/20260910_142306_icp_pose_graph_tfm-bag-00) by extensions ['ros']
[0.195s] Level 1:colcon.colcon_core.package_identification:_identify(results/runs/20260910_142306_icp_pose_graph_tfm-bag-00) by extension 'ros'
[0.195s] Level 1:colcon.colcon_core.package_identification:_identify(results/runs/20260910_142306_icp_pose_graph_tfm-bag-00) by extensions ['cmake', 'python']
[0.195s] Level 1:colcon.colcon_core.package_identification:_identify(results/runs/20260910_142306_icp_pose_graph_tfm-bag-00) by extension 'cmake'
[0.195s] Level 1:colcon.colcon_core.package_identification:_identify(results/runs/20260910_142306_icp_pose_graph_tfm-bag-00) by extension 'python'
[0.195s] Level 1:colcon.colcon_core.package_identification:_identify(results/runs/20260910_142306_icp_pose_graph_tfm-bag-00) by extensions ['python_setup_py']
[0.195s] Level 1:colcon.colcon_core.package_identification:_identify(results/runs/20260910_142306_icp_pose_graph_tfm-bag-00) by extension 'python_setup_py'
[0.195s] Level 1:colcon.colcon_core.package_identification:_identify(results/runs/20260910_143717_icp_pose_graph_tfm-bag-00) by extensions ['ignore', 'ignore_ament_install']
[0.195s] Level 1:colcon.colcon_core.package_identification:_identify(results/runs/20260910_143717_icp_pose_graph_tfm-bag-00) by extension 'ignore'
[0.195s] Level 1:colcon.colcon_core.package_identification:_identify(results/runs/20260910_143717_icp_pose_graph_tfm-bag-00) by extension 'ignore_ament_install'
[0.195s] Level 1:colcon.colcon_core.package_identification:_identify(results/runs/20260910_143717_icp_pose_graph_tfm-bag-00) by extensions ['colcon_pkg']
[0.195s] Level 1:colcon.colcon_core.package_identification:_identify(results/runs/20260910_143717_icp_pose_graph_tfm-bag-00) by extension 'colcon_pkg'
[0.195s] Level 1:colcon.colcon_core.package_identification:_identify(results/runs/20260910_143717_icp_pose_graph_tfm-bag-00) by extensions ['colcon_meta']
[0.195s] Level 1:colcon.colcon_core.package_identification:_identify(results/runs/20260910_143717_icp_pose_graph_tfm-bag-00) by extension 'colcon_meta'
[0.195s] Level 1:colcon.colcon_core.package_identification:_identify(results/runs/20260910_143717_icp_pose_graph_tfm-bag-00) by extensions ['ros']
[0.195s] Level 1:colcon.colcon_core.package_identification:_identify(results/runs/20260910_143717_icp_pose_graph_tfm-bag-00) by extension 'ros'
[0.195s] Level 1:colcon.colcon_core.package_identification:_identify(results/runs/20260910_143717_icp_pose_graph_tfm-bag-00) by extensions ['cmake', 'python']
[0.195s] Level 1:colcon.colcon_core.package_identification:_identify(results/runs/20260910_143717_icp_pose_graph_tfm-bag-00) by extension 'cmake'
[0.195s] Level 1:colcon.colcon_core.package_identification:_identify(results/runs/20260910_143717_icp_pose_graph_tfm-bag-00) by extension 'python'
[0.195s] Level 1:colcon.colcon_core.package_identification:_identify(results/runs/20260910_143717_icp_pose_graph_tfm-bag-00) by extensions ['python_setup_py']
[0.195s] Level 1:colcon.colcon_core.package_identification:_identify(results/runs/20260910_143717_icp_pose_graph_tfm-bag-00) by extension 'python_setup_py'
[0.195s] Level 1:colcon.colcon_core.package_identification:_identify(results/runs/20260910_144847_icp_pose_graph_tfm-bag-00) by extensions ['ignore', 'ignore_ament_install']
[0.195s] Level 1:colcon.colcon_core.package_identification:_identify(results/runs/20260910_144847_icp_pose_graph_tfm-bag-00) by extension 'ignore'
[0.195s] Level 1:colcon.colcon_core.package_identification:_identify(results/runs/20260910_144847_icp_pose_graph_tfm-bag-00) by extension 'ignore_ament_install'
[0.195s] Level 1:colcon.colcon_core.package_identification:_identify(results/runs/20260910_144847_icp_pose_graph_tfm-bag-00) by extensions ['colcon_pkg']
[0.195s] Level 1:colcon.colcon_core.package_identification:_identify(results/runs/20260910_144847_icp_pose_graph_tfm-bag-00) by extension 'colcon_pkg'
[0.196s] Level 1:colcon.colcon_core.package_identification:_identify(results/runs/20260910_144847_icp_pose_graph_tfm-bag-00) by extensions ['colcon_meta']
[0.196s] Level 1:colcon.colcon_core.package_identification:_identify(results/runs/20260910_144847_icp_pose_graph_tfm-bag-00) by extension 'colcon_meta'
[0.196s] Level 1:colcon.colcon_core.package_identification:_identify(results/runs/20260910_144847_icp_pose_graph_tfm-bag-00) by extensions ['ros']
[0.196s] Level 1:colcon.colcon_core.package_identification:_identify(results/runs/20260910_144847_icp_pose_graph_tfm-bag-00) by extension 'ros'
[0.196s] Level 1:colcon.colcon_core.package_identification:_identify(results/runs/20260910_144847_icp_pose_graph_tfm-bag-00) by extensions ['cmake', 'python']
[0.196s] Level 1:colcon.colcon_core.package_identification:_identify(results/runs/20260910_144847_icp_pose_graph_tfm-bag-00) by extension 'cmake'
[0.196s] Level 1:colcon.colcon_core.package_identification:_identify(results/runs/20260910_144847_icp_pose_graph_tfm-bag-00) by extension 'python'
[0.196s] Level 1:colcon.colcon_core.package_identification:_identify(results/runs/20260910_144847_icp_pose_graph_tfm-bag-00) by extensions ['python_setup_py']
[0.196s] Level 1:colcon.colcon_core.package_identification:_identify(results/runs/20260910_144847_icp_pose_graph_tfm-bag-00) by extension 'python_setup_py'
[0.196s] Level 1:colcon.colcon_core.package_identification:_identify(results/runs/20260910_145520_icp_pose_graph_tfm-bag-00) by extensions ['ignore', 'ignore_ament_install']
[0.196s] Level 1:colcon.colcon_core.package_identification:_identify(results/runs/20260910_145520_icp_pose_graph_tfm-bag-00) by extension 'ignore'
[0.196s] Level 1:colcon.colcon_core.package_identification:_identify(results/runs/20260910_145520_icp_pose_graph_tfm-bag-00) by extension 'ignore_ament_install'
[0.196s] Level 1:colcon.colcon_core.package_identification:_identify(results/runs/20260910_145520_icp_pose_graph_tfm-bag-00) by extensions ['colcon_pkg']
[0.196s] Level 1:colcon.colcon_core.package_identification:_identify(results/runs/20260910_145520_icp_pose_graph_tfm-bag-00) by extension 'colcon_pkg'
[0.196s] Level 1:colcon.colcon_core.package_identification:_identify(results/runs/20260910_145520_icp_pose_graph_tfm-bag-00) by extensions ['colcon_meta']
[0.196s] Level 1:colcon.colcon_core.package_identification:_identify(results/runs/20260910_145520_icp_pose_graph_tfm-bag-00) by extension 'colcon_meta'
[0.196s] Level 1:colcon.colcon_core.package_identification:_identify(results/runs/20260910_145520_icp_pose_graph_tfm-bag-00) by extensions ['ros']
[0.196s] Level 1:colcon.colcon_core.package_identification:_identify(results/runs/20260910_145520_icp_pose_graph_tfm-bag-00) by extension 'ros'
[0.196s] Level 1:colcon.colcon_core.package_identification:_identify(results/runs/20260910_145520_icp_pose_graph_tfm-bag-00) by extensions ['cmake', 'python']
[0.196s] Level 1:colcon.colcon_core.package_identification:_identify(results/runs/20260910_145520_icp_pose_graph_tfm-bag-00) by extension 'cmake'
[0.196s] Level 1:colcon.colcon_core.package_identification:_identify(results/runs/20260910_145520_icp_pose_graph_tfm-bag-00) by extension 'python'
[0.196s] Level 1:colcon.colcon_core.package_identification:_identify(results/runs/20260910_145520_icp_pose_graph_tfm-bag-00) by extensions ['python_setup_py']
[0.196s] Level 1:colcon.colcon_core.package_identification:_identify(results/runs/20260910_145520_icp_pose_graph_tfm-bag-00) by extension 'python_setup_py'
[0.196s] Level 1:colcon.colcon_core.package_identification:_identify(results/runs/20260910_150207_icp_pose_graph_tfm-bag-00) by extensions ['ignore', 'ignore_ament_install']
[0.196s] Level 1:colcon.colcon_core.package_identification:_identify(results/runs/20260910_150207_icp_pose_graph_tfm-bag-00) by extension 'ignore'
[0.196s] Level 1:colcon.colcon_core.package_identification:_identify(results/runs/20260910_150207_icp_pose_graph_tfm-bag-00) by extension 'ignore_ament_install'
[0.196s] Level 1:colcon.colcon_core.package_identification:_identify(results/runs/20260910_150207_icp_pose_graph_tfm-bag-00) by extensions ['colcon_pkg']
[0.196s] Level 1:colcon.colcon_core.package_identification:_identify(results/runs/20260910_150207_icp_pose_graph_tfm-bag-00) by extension 'colcon_pkg'
[0.196s] Level 1:colcon.colcon_core.package_identification:_identify(results/runs/20260910_150207_icp_pose_graph_tfm-bag-00) by extensions ['colcon_meta']
[0.196s] Level 1:colcon.colcon_core.package_identification:_identify(results/runs/20260910_150207_icp_pose_graph_tfm-bag-00) by extension 'colcon_meta'
[0.196s] Level 1:colcon.colcon_core.package_identification:_identify(results/runs/20260910_150207_icp_pose_graph_tfm-bag-00) by extensions ['ros']
[0.196s] Level 1:colcon.colcon_core.package_identification:_identify(results/runs/20260910_150207_icp_pose_graph_tfm-bag-00) by extension 'ros'
[0.197s] Level 1:colcon.colcon_core.package_identification:_identify(results/runs/20260910_150207_icp_pose_graph_tfm-bag-00) by extensions ['cmake', 'python']
[0.197s] Level 1:colcon.colcon_core.package_identification:_identify(results/runs/20260910_150207_icp_pose_graph_tfm-bag-00) by extension 'cmake'
[0.197s] Level 1:colcon.colcon_core.package_identification:_identify(results/runs/20260910_150207_icp_pose_graph_tfm-bag-00) by extension 'python'
[0.197s] Level 1:colcon.colcon_core.package_identification:_identify(results/runs/20260910_150207_icp_pose_graph_tfm-bag-00) by extensions ['python_setup_py']
[0.197s] Level 1:colcon.colcon_core.package_identification:_identify(results/runs/20260910_150207_icp_pose_graph_tfm-bag-00) by extension 'python_setup_py'
[0.197s] Level 1:colcon.colcon_core.package_identification:_identify(results/runs/20260910_151240_icp_pose_graph_tfm-bag-00) by extensions ['ignore', 'ignore_ament_install']
[0.197s] Level 1:colcon.colcon_core.package_identification:_identify(results/runs/20260910_151240_icp_pose_graph_tfm-bag-00) by extension 'ignore'
[0.197s] Level 1:colcon.colcon_core.package_identification:_identify(results/runs/20260910_151240_icp_pose_graph_tfm-bag-00) by extension 'ignore_ament_install'
[0.197s] Level 1:colcon.colcon_core.package_identification:_identify(results/runs/20260910_151240_icp_pose_graph_tfm-bag-00) by extensions ['colcon_pkg']
[0.197s] Level 1:colcon.colcon_core.package_identification:_identify(results/runs/20260910_151240_icp_pose_graph_tfm-bag-00) by extension 'colcon_pkg'
[0.197s] Level 1:colcon.colcon_core.package_identification:_identify(results/runs/20260910_151240_icp_pose_graph_tfm-bag-00) by extensions ['colcon_meta']
[0.197s] Level 1:colcon.colcon_core.package_identification:_identify(results/runs/20260910_151240_icp_pose_graph_tfm-bag-00) by extension 'colcon_meta'
[0.197s] Level 1:colcon.colcon_core.package_identification:_identify(results/runs/20260910_151240_icp_pose_graph_tfm-bag-00) by extensions ['ros']
[0.197s] Level 1:colcon.colcon_core.package_identification:_identify(results/runs/20260910_151240_icp_pose_graph_tfm-bag-00) by extension 'ros'
[0.197s] Level 1:colcon.colcon_core.package_identification:_identify(results/runs/20260910_151240_icp_pose_graph_tfm-bag-00) by extensions ['cmake', 'python']
[0.197s] Level 1:colcon.colcon_core.package_identification:_identify(results/runs/20260910_151240_icp_pose_graph_tfm-bag-00) by extension 'cmake'
[0.197s] Level 1:colcon.colcon_core.package_identification:_identify(results/runs/20260910_151240_icp_pose_graph_tfm-bag-00) by extension 'python'
[0.197s] Level 1:colcon.colcon_core.package_identification:_identify(results/runs/20260910_151240_icp_pose_graph_tfm-bag-00) by extensions ['python_setup_py']
[0.197s] Level 1:colcon.colcon_core.package_identification:_identify(results/runs/20260910_151240_icp_pose_graph_tfm-bag-00) by extension 'python_setup_py'
[0.197s] Level 1:colcon.colcon_core.package_identification:_identify(results/runs/20260910_152226_icp_pose_graph_tfm-bag-00) by extensions ['ignore', 'ignore_ament_install']
[0.197s] Level 1:colcon.colcon_core.package_identification:_identify(results/runs/20260910_152226_icp_pose_graph_tfm-bag-00) by extension 'ignore'
[0.197s] Level 1:colcon.colcon_core.package_identification:_identify(results/runs/20260910_152226_icp_pose_graph_tfm-bag-00) by extension 'ignore_ament_install'
[0.197s] Level 1:colcon.colcon_core.package_identification:_identify(results/runs/20260910_152226_icp_pose_graph_tfm-bag-00) by extensions ['colcon_pkg']
[0.197s] Level 1:colcon.colcon_core.package_identification:_identify(results/runs/20260910_152226_icp_pose_graph_tfm-bag-00) by extension 'colcon_pkg'
[0.197s] Level 1:colcon.colcon_core.package_identification:_identify(results/runs/20260910_152226_icp_pose_graph_tfm-bag-00) by extensions ['colcon_meta']
[0.197s] Level 1:colcon.colcon_core.package_identification:_identify(results/runs/20260910_152226_icp_pose_graph_tfm-bag-00) by extension 'colcon_meta'
[0.197s] Level 1:colcon.colcon_core.package_identification:_identify(results/runs/20260910_152226_icp_pose_graph_tfm-bag-00) by extensions ['ros']
[0.197s] Level 1:colcon.colcon_core.package_identification:_identify(results/runs/20260910_152226_icp_pose_graph_tfm-bag-00) by extension 'ros'
[0.197s] Level 1:colcon.colcon_core.package_identification:_identify(results/runs/20260910_152226_icp_pose_graph_tfm-bag-00) by extensions ['cmake', 'python']
[0.197s] Level 1:colcon.colcon_core.package_identification:_identify(results/runs/20260910_152226_icp_pose_graph_tfm-bag-00) by extension 'cmake'
[0.197s] Level 1:colcon.colcon_core.package_identification:_identify(results/runs/20260910_152226_icp_pose_graph_tfm-bag-00) by extension 'python'
[0.197s] Level 1:colcon.colcon_core.package_identification:_identify(results/runs/20260910_152226_icp_pose_graph_tfm-bag-00) by extensions ['python_setup_py']
[0.197s] Level 1:colcon.colcon_core.package_identification:_identify(results/runs/20260910_152226_icp_pose_graph_tfm-bag-00) by extension 'python_setup_py'
[0.198s] Level 1:colcon.colcon_core.package_identification:_identify(results/runs/20260910_153844_icp_pose_graph_tfm-bag-00) by extensions ['ignore', 'ignore_ament_install']
[0.198s] Level 1:colcon.colcon_core.package_identification:_identify(results/runs/20260910_153844_icp_pose_graph_tfm-bag-00) by extension 'ignore'
[0.198s] Level 1:colcon.colcon_core.package_identification:_identify(results/runs/20260910_153844_icp_pose_graph_tfm-bag-00) by extension 'ignore_ament_install'
[0.198s] Level 1:colcon.colcon_core.package_identification:_identify(results/runs/20260910_153844_icp_pose_graph_tfm-bag-00) by extensions ['colcon_pkg']
[0.198s] Level 1:colcon.colcon_core.package_identification:_identify(results/runs/20260910_153844_icp_pose_graph_tfm-bag-00) by extension 'colcon_pkg'
[0.198s] Level 1:colcon.colcon_core.package_identification:_identify(results/runs/20260910_153844_icp_pose_graph_tfm-bag-00) by extensions ['colcon_meta']
[0.198s] Level 1:colcon.colcon_core.package_identification:_identify(results/runs/20260910_153844_icp_pose_graph_tfm-bag-00) by extension 'colcon_meta'
[0.198s] Level 1:colcon.colcon_core.package_identification:_identify(results/runs/20260910_153844_icp_pose_graph_tfm-bag-00) by extensions ['ros']
[0.198s] Level 1:colcon.colcon_core.package_identification:_identify(results/runs/20260910_153844_icp_pose_graph_tfm-bag-00) by extension 'ros'
[0.198s] Level 1:colcon.colcon_core.package_identification:_identify(results/runs/20260910_153844_icp_pose_graph_tfm-bag-00) by extensions ['cmake', 'python']
[0.198s] Level 1:colcon.colcon_core.package_identification:_identify(results/runs/20260910_153844_icp_pose_graph_tfm-bag-00) by extension 'cmake'
[0.198s] Level 1:colcon.colcon_core.package_identification:_identify(results/runs/20260910_153844_icp_pose_graph_tfm-bag-00) by extension 'python'
[0.198s] Level 1:colcon.colcon_core.package_identification:_identify(results/runs/20260910_153844_icp_pose_graph_tfm-bag-00) by extensions ['python_setup_py']
[0.198s] Level 1:colcon.colcon_core.package_identification:_identify(results/runs/20260910_153844_icp_pose_graph_tfm-bag-00) by extension 'python_setup_py'
[0.198s] Level 1:colcon.colcon_core.package_identification:_identify(results/runs/20260910_155629_kiss_icp_pose_graph_tfm-bag-00) by extensions ['ignore', 'ignore_ament_install']
[0.198s] Level 1:colcon.colcon_core.package_identification:_identify(results/runs/20260910_155629_kiss_icp_pose_graph_tfm-bag-00) by extension 'ignore'
[0.198s] Level 1:colcon.colcon_core.package_identification:_identify(results/runs/20260910_155629_kiss_icp_pose_graph_tfm-bag-00) by extension 'ignore_ament_install'
[0.198s] Level 1:colcon.colcon_core.package_identification:_identify(results/runs/20260910_155629_kiss_icp_pose_graph_tfm-bag-00) by extensions ['colcon_pkg']
[0.198s] Level 1:colcon.colcon_core.package_identification:_identify(results/runs/20260910_155629_kiss_icp_pose_graph_tfm-bag-00) by extension 'colcon_pkg'
[0.198s] Level 1:colcon.colcon_core.package_identification:_identify(results/runs/20260910_155629_kiss_icp_pose_graph_tfm-bag-00) by extensions ['colcon_meta']
[0.198s] Level 1:colcon.colcon_core.package_identification:_identify(results/runs/20260910_155629_kiss_icp_pose_graph_tfm-bag-00) by extension 'colcon_meta'
[0.198s] Level 1:colcon.colcon_core.package_identification:_identify(results/runs/20260910_155629_kiss_icp_pose_graph_tfm-bag-00) by extensions ['ros']
[0.198s] Level 1:colcon.colcon_core.package_identification:_identify(results/runs/20260910_155629_kiss_icp_pose_graph_tfm-bag-00) by extension 'ros'
[0.198s] Level 1:colcon.colcon_core.package_identification:_identify(results/runs/20260910_155629_kiss_icp_pose_graph_tfm-bag-00) by extensions ['cmake', 'python']
[0.198s] Level 1:colcon.colcon_core.package_identification:_identify(results/runs/20260910_155629_kiss_icp_pose_graph_tfm-bag-00) by extension 'cmake'
[0.198s] Level 1:colcon.colcon_core.package_identification:_identify(results/runs/20260910_155629_kiss_icp_pose_graph_tfm-bag-00) by extension 'python'
[0.198s] Level 1:colcon.colcon_core.package_identification:_identify(results/runs/20260910_155629_kiss_icp_pose_graph_tfm-bag-00) by extensions ['python_setup_py']
[0.198s] Level 1:colcon.colcon_core.package_identification:_identify(results/runs/20260910_155629_kiss_icp_pose_graph_tfm-bag-00) by extension 'python_setup_py'
[0.198s] Level 1:colcon.colcon_core.package_identification:_identify(results/runs/20260910_155900_kiss_icp_pose_graph_tfm-bag-00) by extensions ['ignore', 'ignore_ament_install']
[0.198s] Level 1:colcon.colcon_core.package_identification:_identify(results/runs/20260910_155900_kiss_icp_pose_graph_tfm-bag-00) by extension 'ignore'
[0.198s] Level 1:colcon.colcon_core.package_identification:_identify(results/runs/20260910_155900_kiss_icp_pose_graph_tfm-bag-00) by extension 'ignore_ament_install'
[0.198s] Level 1:colcon.colcon_core.package_identification:_identify(results/runs/20260910_155900_kiss_icp_pose_graph_tfm-bag-00) by extensions ['colcon_pkg']
[0.198s] Level 1:colcon.colcon_core.package_identification:_identify(results/runs/20260910_155900_kiss_icp_pose_graph_tfm-bag-00) by extension 'colcon_pkg'
[0.198s] Level 1:colcon.colcon_core.package_identification:_identify(results/runs/20260910_155900_kiss_icp_pose_graph_tfm-bag-00) by extensions ['colcon_meta']
[0.199s] Level 1:colcon.colcon_core.package_identification:_identify(results/runs/20260910_155900_kiss_icp_pose_graph_tfm-bag-00) by extension 'colcon_meta'
[0.199s] Level 1:colcon.colcon_core.package_identification:_identify(results/runs/20260910_155900_kiss_icp_pose_graph_tfm-bag-00) by extensions ['ros']
[0.199s] Level 1:colcon.colcon_core.package_identification:_identify(results/runs/20260910_155900_kiss_icp_pose_graph_tfm-bag-00) by extension 'ros'
[0.199s] Level 1:colcon.colcon_core.package_identification:_identify(results/runs/20260910_155900_kiss_icp_pose_graph_tfm-bag-00) by extensions ['cmake', 'python']
[0.199s] Level 1:colcon.colcon_core.package_identification:_identify(results/runs/20260910_155900_kiss_icp_pose_graph_tfm-bag-00) by extension 'cmake'
[0.199s] Level 1:colcon.colcon_core.package_identification:_identify(results/runs/20260910_155900_kiss_icp_pose_graph_tfm-bag-00) by extension 'python'
[0.199s] Level 1:colcon.colcon_core.package_identification:_identify(results/runs/20260910_155900_kiss_icp_pose_graph_tfm-bag-00) by extensions ['python_setup_py']
[0.199s] Level 1:colcon.colcon_core.package_identification:_identify(results/runs/20260910_155900_kiss_icp_pose_graph_tfm-bag-00) by extension 'python_setup_py'
[0.199s] Level 1:colcon.colcon_core.package_identification:_identify(results/runs/20260910_160315_kiss_icp_pose_graph_tfm-bag-00) by extensions ['ignore', 'ignore_ament_install']
[0.199s] Level 1:colcon.colcon_core.package_identification:_identify(results/runs/20260910_160315_kiss_icp_pose_graph_tfm-bag-00) by extension 'ignore'
[0.199s] Level 1:colcon.colcon_core.package_identification:_identify(results/runs/20260910_160315_kiss_icp_pose_graph_tfm-bag-00) by extension 'ignore_ament_install'
[0.199s] Level 1:colcon.colcon_core.package_identification:_identify(results/runs/20260910_160315_kiss_icp_pose_graph_tfm-bag-00) by extensions ['colcon_pkg']
[0.199s] Level 1:colcon.colcon_core.package_identification:_identify(results/runs/20260910_160315_kiss_icp_pose_graph_tfm-bag-00) by extension 'colcon_pkg'
[0.199s] Level 1:colcon.colcon_core.package_identification:_identify(results/runs/20260910_160315_kiss_icp_pose_graph_tfm-bag-00) by extensions ['colcon_meta']
[0.199s] Level 1:colcon.colcon_core.package_identification:_identify(results/runs/20260910_160315_kiss_icp_pose_graph_tfm-bag-00) by extension 'colcon_meta'
[0.199s] Level 1:colcon.colcon_core.package_identification:_identify(results/runs/20260910_160315_kiss_icp_pose_graph_tfm-bag-00) by extensions ['ros']
[0.199s] Level 1:colcon.colcon_core.package_identification:_identify(results/runs/20260910_160315_kiss_icp_pose_graph_tfm-bag-00) by extension 'ros'
[0.199s] Level 1:colcon.colcon_core.package_identification:_identify(results/runs/20260910_160315_kiss_icp_pose_graph_tfm-bag-00) by extensions ['cmake', 'python']
[0.199s] Level 1:colcon.colcon_core.package_identification:_identify(results/runs/20260910_160315_kiss_icp_pose_graph_tfm-bag-00) by extension 'cmake'
[0.199s] Level 1:colcon.colcon_core.package_identification:_identify(results/runs/20260910_160315_kiss_icp_pose_graph_tfm-bag-00) by extension 'python'
[0.199s] Level 1:colcon.colcon_core.package_identification:_identify(results/runs/20260910_160315_kiss_icp_pose_graph_tfm-bag-00) by extensions ['python_setup_py']
[0.199s] Level 1:colcon.colcon_core.package_identification:_identify(results/runs/20260910_160315_kiss_icp_pose_graph_tfm-bag-00) by extension 'python_setup_py'
[0.199s] Level 1:colcon.colcon_core.package_identification:_identify(results/runs/20260910_160521_kiss_icp_pose_graph_tfm-bag-00) by extensions ['ignore', 'ignore_ament_install']
[0.199s] Level 1:colcon.colcon_core.package_identification:_identify(results/runs/20260910_160521_kiss_icp_pose_graph_tfm-bag-00) by extension 'ignore'
[0.199s] Level 1:colcon.colcon_core.package_identification:_identify(results/runs/20260910_160521_kiss_icp_pose_graph_tfm-bag-00) by extension 'ignore_ament_install'
[0.199s] Level 1:colcon.colcon_core.package_identification:_identify(results/runs/20260910_160521_kiss_icp_pose_graph_tfm-bag-00) by extensions ['colcon_pkg']
[0.199s] Level 1:colcon.colcon_core.package_identification:_identify(results/runs/20260910_160521_kiss_icp_pose_graph_tfm-bag-00) by extension 'colcon_pkg'
[0.199s] Level 1:colcon.colcon_core.package_identification:_identify(results/runs/20260910_160521_kiss_icp_pose_graph_tfm-bag-00) by extensions ['colcon_meta']
[0.199s] Level 1:colcon.colcon_core.package_identification:_identify(results/runs/20260910_160521_kiss_icp_pose_graph_tfm-bag-00) by extension 'colcon_meta'
[0.199s] Level 1:colcon.colcon_core.package_identification:_identify(results/runs/20260910_160521_kiss_icp_pose_graph_tfm-bag-00) by extensions ['ros']
[0.199s] Level 1:colcon.colcon_core.package_identification:_identify(results/runs/20260910_160521_kiss_icp_pose_graph_tfm-bag-00) by extension 'ros'
[0.199s] Level 1:colcon.colcon_core.package_identification:_identify(results/runs/20260910_160521_kiss_icp_pose_graph_tfm-bag-00) by extensions ['cmake', 'python']
[0.199s] Level 1:colcon.colcon_core.package_identification:_identify(results/runs/20260910_160521_kiss_icp_pose_graph_tfm-bag-00) by extension 'cmake'
[0.199s] Level 1:colcon.colcon_core.package_identification:_identify(results/runs/20260910_160521_kiss_icp_pose_graph_tfm-bag-00) by extension 'python'
[0.200s] Level 1:colcon.colcon_core.package_identification:_identify(results/runs/20260910_160521_kiss_icp_pose_graph_tfm-bag-00) by extensions ['python_setup_py']
[0.200s] Level 1:colcon.colcon_core.package_identification:_identify(results/runs/20260910_160521_kiss_icp_pose_graph_tfm-bag-00) by extension 'python_setup_py'
[0.200s] Level 1:colcon.colcon_core.package_identification:_identify(results/runs/20260910_163600_kiss_icp_pose_graph_tfm-bag-00) by extensions ['ignore', 'ignore_ament_install']
[0.200s] Level 1:colcon.colcon_core.package_identification:_identify(results/runs/20260910_163600_kiss_icp_pose_graph_tfm-bag-00) by extension 'ignore'
[0.200s] Level 1:colcon.colcon_core.package_identification:_identify(results/runs/20260910_163600_kiss_icp_pose_graph_tfm-bag-00) by extension 'ignore_ament_install'
[0.200s] Level 1:colcon.colcon_core.package_identification:_identify(results/runs/20260910_163600_kiss_icp_pose_graph_tfm-bag-00) by extensions ['colcon_pkg']
[0.200s] Level 1:colcon.colcon_core.package_identification:_identify(results/runs/20260910_163600_kiss_icp_pose_graph_tfm-bag-00) by extension 'colcon_pkg'
[0.200s] Level 1:colcon.colcon_core.package_identification:_identify(results/runs/20260910_163600_kiss_icp_pose_graph_tfm-bag-00) by extensions ['colcon_meta']
[0.200s] Level 1:colcon.colcon_core.package_identification:_identify(results/runs/20260910_163600_kiss_icp_pose_graph_tfm-bag-00) by extension 'colcon_meta'
[0.200s] Level 1:colcon.colcon_core.package_identification:_identify(results/runs/20260910_163600_kiss_icp_pose_graph_tfm-bag-00) by extensions ['ros']
[0.200s] Level 1:colcon.colcon_core.package_identification:_identify(results/runs/20260910_163600_kiss_icp_pose_graph_tfm-bag-00) by extension 'ros'
[0.200s] Level 1:colcon.colcon_core.package_identification:_identify(results/runs/20260910_163600_kiss_icp_pose_graph_tfm-bag-00) by extensions ['cmake', 'python']
[0.200s] Level 1:colcon.colcon_core.package_identification:_identify(results/runs/20260910_163600_kiss_icp_pose_graph_tfm-bag-00) by extension 'cmake'
[0.200s] Level 1:colcon.colcon_core.package_identification:_identify(results/runs/20260910_163600_kiss_icp_pose_graph_tfm-bag-00) by extension 'python'
[0.200s] Level 1:colcon.colcon_core.package_identification:_identify(results/runs/20260910_163600_kiss_icp_pose_graph_tfm-bag-00) by extensions ['python_setup_py']
[0.200s] Level 1:colcon.colcon_core.package_identification:_identify(results/runs/20260910_163600_kiss_icp_pose_graph_tfm-bag-00) by extension 'python_setup_py'
[0.200s] Level 1:colcon.colcon_core.package_identification:_identify(scripts) by extensions ['ignore', 'ignore_ament_install']
[0.200s] Level 1:colcon.colcon_core.package_identification:_identify(scripts) by extension 'ignore'
[0.200s] Level 1:colcon.colcon_core.package_identification:_identify(scripts) by extension 'ignore_ament_install'
[0.200s] Level 1:colcon.colcon_core.package_identification:_identify(scripts) by extensions ['colcon_pkg']
[0.200s] Level 1:colcon.colcon_core.package_identification:_identify(scripts) by extension 'colcon_pkg'
[0.200s] Level 1:colcon.colcon_core.package_identification:_identify(scripts) by extensions ['colcon_meta']
[0.200s] Level 1:colcon.colcon_core.package_identification:_identify(scripts) by extension 'colcon_meta'
[0.200s] Level 1:colcon.colcon_core.package_identification:_identify(scripts) by extensions ['ros']
[0.200s] Level 1:colcon.colcon_core.package_identification:_identify(scripts) by extension 'ros'
[0.200s] Level 1:colcon.colcon_core.package_identification:_identify(scripts) by extensions ['cmake', 'python']
[0.200s] Level 1:colcon.colcon_core.package_identification:_identify(scripts) by extension 'cmake'
[0.200s] Level 1:colcon.colcon_core.package_identification:_identify(scripts) by extension 'python'
[0.200s] Level 1:colcon.colcon_core.package_identification:_identify(scripts) by extensions ['python_setup_py']
[0.200s] Level 1:colcon.colcon_core.package_identification:_identify(scripts) by extension 'python_setup_py'
[0.200s] Level 1:colcon.colcon_core.package_identification:_identify(src) by extensions ['ignore', 'ignore_ament_install']
[0.200s] Level 1:colcon.colcon_core.package_identification:_identify(src) by extension 'ignore'
[0.201s] Level 1:colcon.colcon_core.package_identification:_identify(src) by extension 'ignore_ament_install'
[0.201s] Level 1:colcon.colcon_core.package_identification:_identify(src) by extensions ['colcon_pkg']
[0.201s] Level 1:colcon.colcon_core.package_identification:_identify(src) by extension 'colcon_pkg'
[0.201s] Level 1:colcon.colcon_core.package_identification:_identify(src) by extensions ['colcon_meta']
[0.201s] Level 1:colcon.colcon_core.package_identification:_identify(src) by extension 'colcon_meta'
[0.201s] Level 1:colcon.colcon_core.package_identification:_identify(src) by extensions ['ros']
[0.201s] Level 1:colcon.colcon_core.package_identification:_identify(src) by extension 'ros'
[0.201s] Level 1:colcon.colcon_core.package_identification:_identify(src) by extensions ['cmake', 'python']
[0.201s] Level 1:colcon.colcon_core.package_identification:_identify(src) by extension 'cmake'
[0.201s] Level 1:colcon.colcon_core.package_identification:_identify(src) by extension 'python'
[0.201s] Level 1:colcon.colcon_core.package_identification:_identify(src) by extensions ['python_setup_py']
[0.201s] Level 1:colcon.colcon_core.package_identification:_identify(src) by extension 'python_setup_py'
[0.201s] Level 1:colcon.colcon_core.package_identification:_identify(src/FAST_LIO) by extensions ['ignore', 'ignore_ament_install']
[0.201s] Level 1:colcon.colcon_core.package_identification:_identify(src/FAST_LIO) by extension 'ignore'
[0.201s] Level 1:colcon.colcon_core.package_identification:_identify(src/FAST_LIO) by extension 'ignore_ament_install'
[0.201s] Level 1:colcon.colcon_core.package_identification:_identify(src/FAST_LIO) by extensions ['colcon_pkg']
[0.201s] Level 1:colcon.colcon_core.package_identification:_identify(src/FAST_LIO) by extension 'colcon_pkg'
[0.201s] Level 1:colcon.colcon_core.package_identification:_identify(src/FAST_LIO) by extensions ['colcon_meta']
[0.201s] Level 1:colcon.colcon_core.package_identification:_identify(src/FAST_LIO) by extension 'colcon_meta'
[0.201s] Level 1:colcon.colcon_core.package_identification:_identify(src/FAST_LIO) by extensions ['ros']
[0.201s] Level 1:colcon.colcon_core.package_identification:_identify(src/FAST_LIO) by extension 'ros'
[0.203s] DEBUG:colcon.colcon_core.package_identification:Package 'src/FAST_LIO' with type 'ros.ament_cmake' and name 'fast_lio'
[0.203s] Level 1:colcon.colcon_core.package_identification:_identify(src/g1_lidar_odometry) by extensions ['ignore', 'ignore_ament_install']
[0.203s] Level 1:colcon.colcon_core.package_identification:_identify(src/g1_lidar_odometry) by extension 'ignore'
[0.203s] Level 1:colcon.colcon_core.package_identification:_identify(src/g1_lidar_odometry) by extension 'ignore_ament_install'
[0.203s] Level 1:colcon.colcon_core.package_identification:_identify(src/g1_lidar_odometry) by extensions ['colcon_pkg']
[0.203s] Level 1:colcon.colcon_core.package_identification:_identify(src/g1_lidar_odometry) by extension 'colcon_pkg'
[0.203s] Level 1:colcon.colcon_core.package_identification:_identify(src/g1_lidar_odometry) by extensions ['colcon_meta']
[0.203s] Level 1:colcon.colcon_core.package_identification:_identify(src/g1_lidar_odometry) by extension 'colcon_meta'
[0.203s] Level 1:colcon.colcon_core.package_identification:_identify(src/g1_lidar_odometry) by extensions ['ros']
[0.203s] Level 1:colcon.colcon_core.package_identification:_identify(src/g1_lidar_odometry) by extension 'ros'
[0.204s] DEBUG:colcon.colcon_core.package_identification:Package 'src/g1_lidar_odometry' with type 'ros.ament_python' and name 'g1_lidar_odometry'
[0.204s] Level 1:colcon.colcon_core.package_identification:_identify(src/kiss-icp) by extensions ['ignore', 'ignore_ament_install']
[0.204s] Level 1:colcon.colcon_core.package_identification:_identify(src/kiss-icp) by extension 'ignore'
[0.204s] Level 1:colcon.colcon_core.package_identification:_identify(src/kiss-icp) by extension 'ignore_ament_install'
[0.204s] Level 1:colcon.colcon_core.package_identification:_identify(src/kiss-icp) by extensions ['colcon_pkg']
[0.204s] Level 1:colcon.colcon_core.package_identification:_identify(src/kiss-icp) by extension 'colcon_pkg'
[0.204s] Level 1:colcon.colcon_core.package_identification:_identify(src/kiss-icp) by extensions ['colcon_meta']
[0.204s] Level 1:colcon.colcon_core.package_identification:_identify(src/kiss-icp) by extension 'colcon_meta'
[0.204s] Level 1:colcon.colcon_core.package_identification:_identify(src/kiss-icp) by extensions ['ros']
[0.204s] Level 1:colcon.colcon_core.package_identification:_identify(src/kiss-icp) by extension 'ros'
[0.204s] Level 1:colcon.colcon_core.package_identification:_identify(src/kiss-icp) by extensions ['cmake', 'python']
[0.204s] Level 1:colcon.colcon_core.package_identification:_identify(src/kiss-icp) by extension 'cmake'
[0.204s] Level 1:colcon.colcon_core.package_identification:_identify(src/kiss-icp) by extension 'python'
[0.204s] Level 1:colcon.colcon_core.package_identification:_identify(src/kiss-icp) by extensions ['python_setup_py']
[0.204s] Level 1:colcon.colcon_core.package_identification:_identify(src/kiss-icp) by extension 'python_setup_py'
[0.205s] Level 1:colcon.colcon_core.package_identification:_identify(src/kiss-icp/cpp) by extensions ['ignore', 'ignore_ament_install']
[0.205s] Level 1:colcon.colcon_core.package_identification:_identify(src/kiss-icp/cpp) by extension 'ignore'
[0.205s] Level 1:colcon.colcon_core.package_identification:_identify(src/kiss-icp/cpp) ignored
[0.205s] Level 1:colcon.colcon_core.package_identification:_identify(src/kiss-icp/ros) by extensions ['ignore', 'ignore_ament_install']
[0.205s] Level 1:colcon.colcon_core.package_identification:_identify(src/kiss-icp/ros) by extension 'ignore'
[0.205s] Level 1:colcon.colcon_core.package_identification:_identify(src/kiss-icp/ros) by extension 'ignore_ament_install'
[0.205s] Level 1:colcon.colcon_core.package_identification:_identify(src/kiss-icp/ros) by extensions ['colcon_pkg']
[0.205s] Level 1:colcon.colcon_core.package_identification:_identify(src/kiss-icp/ros) by extension 'colcon_pkg'
[0.205s] Level 1:colcon.colcon_core.package_identification:_identify(src/kiss-icp/ros) by extensions ['colcon_meta']
[0.205s] Level 1:colcon.colcon_core.package_identification:_identify(src/kiss-icp/ros) by extension 'colcon_meta'
[0.205s] Level 1:colcon.colcon_core.package_identification:_identify(src/kiss-icp/ros) by extensions ['ros']
[0.205s] Level 1:colcon.colcon_core.package_identification:_identify(src/kiss-icp/ros) by extension 'ros'
[0.206s] DEBUG:colcon.colcon_core.package_identification:Package 'src/kiss-icp/ros' with type 'ros.ament_cmake' and name 'kiss_icp'
[0.206s] Level 1:colcon.colcon_core.package_identification:_identify(src/livox_ros_driver2_interfaces_shim) by extensions ['ignore', 'ignore_ament_install']
[0.206s] Level 1:colcon.colcon_core.package_identification:_identify(src/livox_ros_driver2_interfaces_shim) by extension 'ignore'
[0.206s] Level 1:colcon.colcon_core.package_identification:_identify(src/livox_ros_driver2_interfaces_shim) by extension 'ignore_ament_install'
[0.206s] Level 1:colcon.colcon_core.package_identification:_identify(src/livox_ros_driver2_interfaces_shim) by extensions ['colcon_pkg']
[0.206s] Level 1:colcon.colcon_core.package_identification:_identify(src/livox_ros_driver2_interfaces_shim) by extension 'colcon_pkg'
[0.206s] Level 1:colcon.colcon_core.package_identification:_identify(src/livox_ros_driver2_interfaces_shim) by extensions ['colcon_meta']
[0.206s] Level 1:colcon.colcon_core.package_identification:_identify(src/livox_ros_driver2_interfaces_shim) by extension 'colcon_meta'
[0.206s] Level 1:colcon.colcon_core.package_identification:_identify(src/livox_ros_driver2_interfaces_shim) by extensions ['ros']
[0.206s] Level 1:colcon.colcon_core.package_identification:_identify(src/livox_ros_driver2_interfaces_shim) by extension 'ros'
[0.207s] DEBUG:colcon.colcon_core.package_identification:Package 'src/livox_ros_driver2_interfaces_shim' with type 'ros.ament_cmake' and name 'livox_ros_driver2'
[0.207s] Level 1:colcon.colcon_core.package_discovery:discover_packages(recursive) using defaults
[0.207s] Level 1:colcon.colcon_core.package_discovery:discover_packages(ignore) discover
[0.207s] Level 1:colcon.colcon_core.package_discovery:discover_packages(ignore) using defaults
[0.207s] Level 1:colcon.colcon_core.package_discovery:discover_packages(path) discover
[0.207s] Level 1:colcon.colcon_core.package_discovery:discover_packages(path) using defaults
[0.228s] INFO:colcon.colcon_core.package_selection:Skipping not selected package 'g1_lidar_odometry' in 'src/g1_lidar_odometry'
[0.228s] INFO:colcon.colcon_core.package_selection:Skipping not selected package 'livox_ros_driver2' in 'src/livox_ros_driver2_interfaces_shim'
[0.228s] INFO:colcon.colcon_core.package_selection:Skipping not selected package 'fast_lio' in 'src/FAST_LIO'
[0.229s] Level 1:colcon.colcon_core.package_discovery:discover_packages(prefix_path) check parameters
[0.229s] Level 1:colcon.colcon_core.package_discovery:discover_packages(prefix_path) discover
[0.229s] WARNING:colcon.colcon_ros.prefix_path.ament:The path '/home/ugiviag1/Documents/TFM-Miquel_Reynes/Follower_Project/robot-internal-files/robot-slam/install/fast_lio' in the environment variable AMENT_PREFIX_PATH doesn't exist
[0.229s] WARNING:colcon.colcon_ros.prefix_path.ament:The path '/home/ugiviag1/Documents/TFM-Miquel_Reynes/Follower_Project/robot-internal-files/robot-slam/install/livox_ros_driver2' in the environment variable AMENT_PREFIX_PATH doesn't exist
[0.229s] WARNING:colcon.colcon_ros.prefix_path.ament:The path '/home/ugiviag1/Documents/TFM-Miquel_Reynes/Follower_Project/robot-internal-files/robot-slam/install/kiss_icp' in the environment variable AMENT_PREFIX_PATH doesn't exist
[0.229s] WARNING:colcon.colcon_ros.prefix_path.catkin:The path '/home/ugiviag1/Documents/TFM-Miquel_Reynes/Follower_Project/robot-internal-files/robot-slam/install/fast_lio' in the environment variable CMAKE_PREFIX_PATH doesn't exist
[0.229s] WARNING:colcon.colcon_ros.prefix_path.catkin:The path '/home/ugiviag1/Documents/TFM-Miquel_Reynes/Follower_Project/robot-internal-files/robot-slam/install/livox_ros_driver2' in the environment variable CMAKE_PREFIX_PATH doesn't exist
[0.229s] WARNING:colcon.colcon_ros.prefix_path.catkin:The path '/home/ugiviag1/Documents/TFM-Miquel_Reynes/Follower_Project/robot-internal-files/robot-slam/install/kiss_icp' in the environment variable CMAKE_PREFIX_PATH doesn't exist
[0.230s] DEBUG:colcon.colcon_installed_package_information.package_discovery:Found 1 installed packages in /home/ugiviag1/Documents/TFM-Miquel_Reynes/Follower_Project/robot-internal-files/robot-slam/install
[0.231s] DEBUG:colcon.colcon_installed_package_information.package_discovery:Found 280 installed packages in /opt/ros/humble
[0.232s] Level 1:colcon.colcon_core.package_discovery:discover_packages(prefix_path) using defaults
[0.257s] Level 5:colcon.colcon_core.verb:set package 'kiss_icp' build argument 'cmake_args' from command line to '['-DCMAKE_BUILD_TYPE=Release']'
[0.257s] Level 5:colcon.colcon_core.verb:set package 'kiss_icp' build argument 'cmake_target' from command line to 'None'
[0.257s] Level 5:colcon.colcon_core.verb:set package 'kiss_icp' build argument 'cmake_target_skip_unavailable' from command line to 'False'
[0.257s] Level 5:colcon.colcon_core.verb:set package 'kiss_icp' build argument 'cmake_clean_cache' from command line to 'False'
[0.257s] Level 5:colcon.colcon_core.verb:set package 'kiss_icp' build argument 'cmake_clean_first' from command line to 'False'
[0.257s] Level 5:colcon.colcon_core.verb:set package 'kiss_icp' build argument 'cmake_force_configure' from command line to 'False'
[0.257s] Level 5:colcon.colcon_core.verb:set package 'kiss_icp' build argument 'ament_cmake_args' from command line to 'None'
[0.257s] Level 5:colcon.colcon_core.verb:set package 'kiss_icp' build argument 'catkin_cmake_args' from command line to 'None'
[0.257s] Level 5:colcon.colcon_core.verb:set package 'kiss_icp' build argument 'catkin_skip_building_tests' from command line to 'False'
[0.257s] DEBUG:colcon.colcon_core.verb:Building package 'kiss_icp' with the following arguments: {'ament_cmake_args': None, 'build_base': '/home/ugiviag1/Documents/TFM-Miquel_Reynes/Follower_Project/robot-internal-files/robot-slam/build/kiss_icp', 'catkin_cmake_args': None, 'catkin_skip_building_tests': False, 'cmake_args': ['-DCMAKE_BUILD_TYPE=Release'], 'cmake_clean_cache': False, 'cmake_clean_first': False, 'cmake_force_configure': False, 'cmake_target': None, 'cmake_target_skip_unavailable': False, 'install_base': '/home/ugiviag1/Documents/TFM-Miquel_Reynes/Follower_Project/robot-internal-files/robot-slam/install/kiss_icp', 'merge_install': False, 'path': '/home/ugiviag1/Documents/TFM-Miquel_Reynes/Follower_Project/robot-internal-files/robot-slam/src/kiss-icp/ros', 'symlink_install': True, 'test_result_base': None}
[0.257s] INFO:colcon.colcon_core.executor:Executing jobs using 'parallel' executor
[0.258s] DEBUG:colcon.colcon_parallel_executor.executor.parallel:run_until_complete
[0.258s] INFO:colcon.colcon_ros.task.ament_cmake.build:Building ROS package in '/home/ugiviag1/Documents/TFM-Miquel_Reynes/Follower_Project/robot-internal-files/robot-slam/src/kiss-icp/ros' with build type 'ament_cmake'
[0.258s] INFO:colcon.colcon_cmake.task.cmake.build:Building CMake package in '/home/ugiviag1/Documents/TFM-Miquel_Reynes/Follower_Project/robot-internal-files/robot-slam/src/kiss-icp/ros'
[0.260s] INFO:colcon.colcon_core.plugin_system:Skipping extension 'colcon_core.shell.bat': Not used on non-Windows systems
[0.260s] INFO:colcon.colcon_core.shell:Skip shell extension 'powershell' for command environment: Not usable outside of PowerShell
[0.260s] DEBUG:colcon.colcon_core.shell:Skip shell extension 'dsv' for command environment
[0.267s] DEBUG:colcon.colcon_core.event_handler.log_command:Invoking command in '/home/ugiviag1/Documents/TFM-Miquel_Reynes/Follower_Project/robot-internal-files/robot-slam/build/kiss_icp': CMAKE_PREFIX_PATH=${CMAKE_PREFIX_PATH}:/home/ugiviag1/Documents/TFM-Miquel_Reynes/Follower_Project/robot-internal-files/robot-slam/install/g1_lidar_odometry:/opt/ros/humble CONDA_PROMPT_MODIFIER=(g1-slam-pc) /home/ugiviag1/miniconda3/envs/g1-slam-pc/bin/cmake /home/ugiviag1/Documents/TFM-Miquel_Reynes/Follower_Project/robot-internal-files/robot-slam/src/kiss-icp/ros -DCMAKE_BUILD_TYPE=Release -DAMENT_CMAKE_SYMLINK_INSTALL=1 -DCMAKE_INSTALL_PREFIX=/home/ugiviag1/Documents/TFM-Miquel_Reynes/Follower_Project/robot-internal-files/robot-slam/install/kiss_icp
[3.441s] DEBUG:colcon.colcon_core.event_handler.log_command:Invoked command in '/home/ugiviag1/Documents/TFM-Miquel_Reynes/Follower_Project/robot-internal-files/robot-slam/build/kiss_icp' returned '0': CMAKE_PREFIX_PATH=${CMAKE_PREFIX_PATH}:/home/ugiviag1/Documents/TFM-Miquel_Reynes/Follower_Project/robot-internal-files/robot-slam/install/g1_lidar_odometry:/opt/ros/humble CONDA_PROMPT_MODIFIER=(g1-slam-pc) /home/ugiviag1/miniconda3/envs/g1-slam-pc/bin/cmake /home/ugiviag1/Documents/TFM-Miquel_Reynes/Follower_Project/robot-internal-files/robot-slam/src/kiss-icp/ros -DCMAKE_BUILD_TYPE=Release -DAMENT_CMAKE_SYMLINK_INSTALL=1 -DCMAKE_INSTALL_PREFIX=/home/ugiviag1/Documents/TFM-Miquel_Reynes/Follower_Project/robot-internal-files/robot-slam/install/kiss_icp
[3.443s] DEBUG:colcon.colcon_core.event_handler.log_command:Invoking command in '/home/ugiviag1/Documents/TFM-Miquel_Reynes/Follower_Project/robot-internal-files/robot-slam/build/kiss_icp': CMAKE_PREFIX_PATH=${CMAKE_PREFIX_PATH}:/home/ugiviag1/Documents/TFM-Miquel_Reynes/Follower_Project/robot-internal-files/robot-slam/install/g1_lidar_odometry:/opt/ros/humble CONDA_PROMPT_MODIFIER=(g1-slam-pc) /home/ugiviag1/miniconda3/envs/g1-slam-pc/bin/cmake --build /home/ugiviag1/Documents/TFM-Miquel_Reynes/Follower_Project/robot-internal-files/robot-slam/build/kiss_icp -- -j32 -l32
[18.157s] DEBUG:colcon.colcon_core.event_handler.log_command:Invoked command in '/home/ugiviag1/Documents/TFM-Miquel_Reynes/Follower_Project/robot-internal-files/robot-slam/build/kiss_icp' returned '0': CMAKE_PREFIX_PATH=${CMAKE_PREFIX_PATH}:/home/ugiviag1/Documents/TFM-Miquel_Reynes/Follower_Project/robot-internal-files/robot-slam/install/g1_lidar_odometry:/opt/ros/humble CONDA_PROMPT_MODIFIER=(g1-slam-pc) /home/ugiviag1/miniconda3/envs/g1-slam-pc/bin/cmake --build /home/ugiviag1/Documents/TFM-Miquel_Reynes/Follower_Project/robot-internal-files/robot-slam/build/kiss_icp -- -j32 -l32
[18.204s] DEBUG:colcon.colcon_core.event_handler.log_command:Invoking command in '/home/ugiviag1/Documents/TFM-Miquel_Reynes/Follower_Project/robot-internal-files/robot-slam/build/kiss_icp': CMAKE_PREFIX_PATH=${CMAKE_PREFIX_PATH}:/home/ugiviag1/Documents/TFM-Miquel_Reynes/Follower_Project/robot-internal-files/robot-slam/install/g1_lidar_odometry:/opt/ros/humble CONDA_PROMPT_MODIFIER=(g1-slam-pc) /home/ugiviag1/miniconda3/envs/g1-slam-pc/bin/cmake --install /home/ugiviag1/Documents/TFM-Miquel_Reynes/Follower_Project/robot-internal-files/robot-slam/build/kiss_icp
[18.299s] Level 1:colcon.colcon_core.environment:create_environment_scripts_only(kiss_icp)
[18.300s] DEBUG:colcon.colcon_core.event_handler.log_command:Invoked command in '/home/ugiviag1/Documents/TFM-Miquel_Reynes/Follower_Project/robot-internal-files/robot-slam/build/kiss_icp' returned '0': CMAKE_PREFIX_PATH=${CMAKE_PREFIX_PATH}:/home/ugiviag1/Documents/TFM-Miquel_Reynes/Follower_Project/robot-internal-files/robot-slam/install/g1_lidar_odometry:/opt/ros/humble CONDA_PROMPT_MODIFIER=(g1-slam-pc) /home/ugiviag1/miniconda3/envs/g1-slam-pc/bin/cmake --install /home/ugiviag1/Documents/TFM-Miquel_Reynes/Follower_Project/robot-internal-files/robot-slam/build/kiss_icp
[18.301s] Level 1:colcon.colcon_core.environment:checking '/home/ugiviag1/Documents/TFM-Miquel_Reynes/Follower_Project/robot-internal-files/robot-slam/install/kiss_icp' for CMake module files
[18.302s] Level 1:colcon.colcon_core.environment:checking '/home/ugiviag1/Documents/TFM-Miquel_Reynes/Follower_Project/robot-internal-files/robot-slam/install/kiss_icp' for CMake config files
[18.302s] Level 1:colcon.colcon_core.shell:create_environment_hook('kiss_icp', 'cmake_prefix_path')
[18.302s] INFO:colcon.colcon_core.shell:Creating environment hook '/home/ugiviag1/Documents/TFM-Miquel_Reynes/Follower_Project/robot-internal-files/robot-slam/install/kiss_icp/share/kiss_icp/hook/cmake_prefix_path.ps1'
[18.303s] INFO:colcon.colcon_core.shell:Creating environment descriptor '/home/ugiviag1/Documents/TFM-Miquel_Reynes/Follower_Project/robot-internal-files/robot-slam/install/kiss_icp/share/kiss_icp/hook/cmake_prefix_path.dsv'
[18.303s] INFO:colcon.colcon_core.shell:Creating environment hook '/home/ugiviag1/Documents/TFM-Miquel_Reynes/Follower_Project/robot-internal-files/robot-slam/install/kiss_icp/share/kiss_icp/hook/cmake_prefix_path.sh'
[18.303s] Level 1:colcon.colcon_core.environment:checking '/home/ugiviag1/Documents/TFM-Miquel_Reynes/Follower_Project/robot-internal-files/robot-slam/install/kiss_icp/lib'
[18.303s] Level 1:colcon.colcon_core.shell:create_environment_hook('kiss_icp', 'ld_library_path_lib')
[18.304s] INFO:colcon.colcon_core.shell:Creating environment hook '/home/ugiviag1/Documents/TFM-Miquel_Reynes/Follower_Project/robot-internal-files/robot-slam/install/kiss_icp/share/kiss_icp/hook/ld_library_path_lib.ps1'
[18.304s] INFO:colcon.colcon_core.shell:Creating environment descriptor '/home/ugiviag1/Documents/TFM-Miquel_Reynes/Follower_Project/robot-internal-files/robot-slam/install/kiss_icp/share/kiss_icp/hook/ld_library_path_lib.dsv'
[18.304s] INFO:colcon.colcon_core.shell:Creating environment hook '/home/ugiviag1/Documents/TFM-Miquel_Reynes/Follower_Project/robot-internal-files/robot-slam/install/kiss_icp/share/kiss_icp/hook/ld_library_path_lib.sh'
[18.304s] Level 1:colcon.colcon_core.environment:checking '/home/ugiviag1/Documents/TFM-Miquel_Reynes/Follower_Project/robot-internal-files/robot-slam/install/kiss_icp/bin'
[18.304s] Level 1:colcon.colcon_core.environment:checking '/home/ugiviag1/Documents/TFM-Miquel_Reynes/Follower_Project/robot-internal-files/robot-slam/install/kiss_icp/lib/pkgconfig/kiss_icp.pc'
[18.304s] Level 1:colcon.colcon_core.environment:checking '/home/ugiviag1/Documents/TFM-Miquel_Reynes/Follower_Project/robot-internal-files/robot-slam/install/kiss_icp/lib/python3.10/site-packages'
[18.305s] Level 1:colcon.colcon_core.environment:checking '/home/ugiviag1/Documents/TFM-Miquel_Reynes/Follower_Project/robot-internal-files/robot-slam/install/kiss_icp/bin'
[18.305s] INFO:colcon.colcon_core.shell:Creating package script '/home/ugiviag1/Documents/TFM-Miquel_Reynes/Follower_Project/robot-internal-files/robot-slam/install/kiss_icp/share/kiss_icp/package.ps1'
[18.305s] INFO:colcon.colcon_core.shell:Creating package descriptor '/home/ugiviag1/Documents/TFM-Miquel_Reynes/Follower_Project/robot-internal-files/robot-slam/install/kiss_icp/share/kiss_icp/package.dsv'
[18.306s] INFO:colcon.colcon_core.shell:Creating package script '/home/ugiviag1/Documents/TFM-Miquel_Reynes/Follower_Project/robot-internal-files/robot-slam/install/kiss_icp/share/kiss_icp/package.sh'
[18.306s] INFO:colcon.colcon_core.shell:Creating package script '/home/ugiviag1/Documents/TFM-Miquel_Reynes/Follower_Project/robot-internal-files/robot-slam/install/kiss_icp/share/kiss_icp/package.bash'
[18.306s] INFO:colcon.colcon_core.shell:Creating package script '/home/ugiviag1/Documents/TFM-Miquel_Reynes/Follower_Project/robot-internal-files/robot-slam/install/kiss_icp/share/kiss_icp/package.zsh'
[18.307s] Level 1:colcon.colcon_core.environment:create_file_with_runtime_dependencies(/home/ugiviag1/Documents/TFM-Miquel_Reynes/Follower_Project/robot-internal-files/robot-slam/install/kiss_icp/share/colcon-core/packages/kiss_icp)
[18.307s] Level 1:colcon.colcon_core.environment:create_environment_scripts_only(kiss_icp)
[18.307s] Level 1:colcon.colcon_core.environment:checking '/home/ugiviag1/Documents/TFM-Miquel_Reynes/Follower_Project/robot-internal-files/robot-slam/install/kiss_icp' for CMake module files
[18.307s] Level 1:colcon.colcon_core.environment:checking '/home/ugiviag1/Documents/TFM-Miquel_Reynes/Follower_Project/robot-internal-files/robot-slam/install/kiss_icp' for CMake config files
[18.308s] Level 1:colcon.colcon_core.shell:create_environment_hook('kiss_icp', 'cmake_prefix_path')
[18.308s] INFO:colcon.colcon_core.shell:Creating environment hook '/home/ugiviag1/Documents/TFM-Miquel_Reynes/Follower_Project/robot-internal-files/robot-slam/install/kiss_icp/share/kiss_icp/hook/cmake_prefix_path.ps1'
[18.308s] INFO:colcon.colcon_core.shell:Creating environment descriptor '/home/ugiviag1/Documents/TFM-Miquel_Reynes/Follower_Project/robot-internal-files/robot-slam/install/kiss_icp/share/kiss_icp/hook/cmake_prefix_path.dsv'
[18.308s] INFO:colcon.colcon_core.shell:Creating environment hook '/home/ugiviag1/Documents/TFM-Miquel_Reynes/Follower_Project/robot-internal-files/robot-slam/install/kiss_icp/share/kiss_icp/hook/cmake_prefix_path.sh'
[18.308s] Level 1:colcon.colcon_core.environment:checking '/home/ugiviag1/Documents/TFM-Miquel_Reynes/Follower_Project/robot-internal-files/robot-slam/install/kiss_icp/lib'
[18.308s] Level 1:colcon.colcon_core.shell:create_environment_hook('kiss_icp', 'ld_library_path_lib')
[18.309s] INFO:colcon.colcon_core.shell:Creating environment hook '/home/ugiviag1/Documents/TFM-Miquel_Reynes/Follower_Project/robot-internal-files/robot-slam/install/kiss_icp/share/kiss_icp/hook/ld_library_path_lib.ps1'
[18.309s] INFO:colcon.colcon_core.shell:Creating environment descriptor '/home/ugiviag1/Documents/TFM-Miquel_Reynes/Follower_Project/robot-internal-files/robot-slam/install/kiss_icp/share/kiss_icp/hook/ld_library_path_lib.dsv'
[18.309s] INFO:colcon.colcon_core.shell:Creating environment hook '/home/ugiviag1/Documents/TFM-Miquel_Reynes/Follower_Project/robot-internal-files/robot-slam/install/kiss_icp/share/kiss_icp/hook/ld_library_path_lib.sh'
[18.309s] Level 1:colcon.colcon_core.environment:checking '/home/ugiviag1/Documents/TFM-Miquel_Reynes/Follower_Project/robot-internal-files/robot-slam/install/kiss_icp/bin'
[18.309s] Level 1:colcon.colcon_core.environment:checking '/home/ugiviag1/Documents/TFM-Miquel_Reynes/Follower_Project/robot-internal-files/robot-slam/install/kiss_icp/lib/pkgconfig/kiss_icp.pc'
[18.309s] Level 1:colcon.colcon_core.environment:checking '/home/ugiviag1/Documents/TFM-Miquel_Reynes/Follower_Project/robot-internal-files/robot-slam/install/kiss_icp/lib/python3.10/site-packages'
[18.310s] Level 1:colcon.colcon_core.environment:checking '/home/ugiviag1/Documents/TFM-Miquel_Reynes/Follower_Project/robot-internal-files/robot-slam/install/kiss_icp/bin'
[18.310s] INFO:colcon.colcon_core.shell:Creating package script '/home/ugiviag1/Documents/TFM-Miquel_Reynes/Follower_Project/robot-internal-files/robot-slam/install/kiss_icp/share/kiss_icp/package.ps1'
[18.310s] INFO:colcon.colcon_core.shell:Creating package descriptor '/home/ugiviag1/Documents/TFM-Miquel_Reynes/Follower_Project/robot-internal-files/robot-slam/install/kiss_icp/share/kiss_icp/package.dsv'
[18.310s] INFO:colcon.colcon_core.shell:Creating package script '/home/ugiviag1/Documents/TFM-Miquel_Reynes/Follower_Project/robot-internal-files/robot-slam/install/kiss_icp/share/kiss_icp/package.sh'
[18.310s] INFO:colcon.colcon_core.shell:Creating package script '/home/ugiviag1/Documents/TFM-Miquel_Reynes/Follower_Project/robot-internal-files/robot-slam/install/kiss_icp/share/kiss_icp/package.bash'
[18.311s] INFO:colcon.colcon_core.shell:Creating package script '/home/ugiviag1/Documents/TFM-Miquel_Reynes/Follower_Project/robot-internal-files/robot-slam/install/kiss_icp/share/kiss_icp/package.zsh'
[18.311s] Level 1:colcon.colcon_core.environment:create_file_with_runtime_dependencies(/home/ugiviag1/Documents/TFM-Miquel_Reynes/Follower_Project/robot-internal-files/robot-slam/install/kiss_icp/share/colcon-core/packages/kiss_icp)
[18.311s] DEBUG:colcon.colcon_parallel_executor.executor.parallel:closing loop
[18.311s] DEBUG:colcon.colcon_parallel_executor.executor.parallel:loop closed
[18.311s] DEBUG:colcon.colcon_parallel_executor.executor.parallel:run_until_complete finished with '0'
[18.312s] DEBUG:colcon.colcon_core.event_reactor:joining thread
[18.315s] INFO:colcon.colcon_core.plugin_system:Skipping extension 'colcon_notification.desktop_notification.terminal_notifier': Not used on non-Darwin systems
[18.315s] INFO:colcon.colcon_core.plugin_system:Skipping extension 'colcon_notification.desktop_notification.win32': Not used on non-Windows systems
[18.315s] INFO:colcon.colcon_notification.desktop_notification:Sending desktop notification using 'notify2'
[18.321s] DEBUG:colcon.colcon_core.event_reactor:joined thread
[18.322s] INFO:colcon.colcon_core.shell:Creating prefix script '/home/ugiviag1/Documents/TFM-Miquel_Reynes/Follower_Project/robot-internal-files/robot-slam/install/local_setup.ps1'
[18.322s] INFO:colcon.colcon_core.shell:Creating prefix util module '/home/ugiviag1/Documents/TFM-Miquel_Reynes/Follower_Project/robot-internal-files/robot-slam/install/_local_setup_util_ps1.py'
[18.323s] INFO:colcon.colcon_core.shell:Creating prefix chain script '/home/ugiviag1/Documents/TFM-Miquel_Reynes/Follower_Project/robot-internal-files/robot-slam/install/setup.ps1'
[18.324s] INFO:colcon.colcon_core.shell:Creating prefix script '/home/ugiviag1/Documents/TFM-Miquel_Reynes/Follower_Project/robot-internal-files/robot-slam/install/local_setup.sh'
[18.324s] INFO:colcon.colcon_core.shell:Creating prefix util module '/home/ugiviag1/Documents/TFM-Miquel_Reynes/Follower_Project/robot-internal-files/robot-slam/install/_local_setup_util_sh.py'
[18.324s] INFO:colcon.colcon_core.shell:Creating prefix chain script '/home/ugiviag1/Documents/TFM-Miquel_Reynes/Follower_Project/robot-internal-files/robot-slam/install/setup.sh'
[18.325s] INFO:colcon.colcon_core.shell:Creating prefix script '/home/ugiviag1/Documents/TFM-Miquel_Reynes/Follower_Project/robot-internal-files/robot-slam/install/local_setup.bash'
[18.325s] INFO:colcon.colcon_core.shell:Creating prefix chain script '/home/ugiviag1/Documents/TFM-Miquel_Reynes/Follower_Project/robot-internal-files/robot-slam/install/setup.bash'
[18.325s] INFO:colcon.colcon_core.shell:Creating prefix script '/home/ugiviag1/Documents/TFM-Miquel_Reynes/Follower_Project/robot-internal-files/robot-slam/install/local_setup.zsh'
[18.326s] INFO:colcon.colcon_core.shell:Creating prefix chain script '/home/ugiviag1/Documents/TFM-Miquel_Reynes/Follower_Project/robot-internal-files/robot-slam/install/setup.zsh'
