[0.367s] Invoking command in '/home/ugiviag1/Documents/TFM-Miquel_Reynes/Follower_Project/robot-internal-files/robot-slam/build/g1_lidar_odometry': CONDA_PROMPT_MODIFIER=(g1-slam-pc) PYTHONPATH=/home/ugiviag1/Documents/TFM-Miquel_Reynes/Follower_Project/robot-internal-files/robot-slam/build/g1_lidar_odometry/prefix_override:/usr/lib/python3/dist-packages/colcon_core/task/python/colcon_distutils_commands:/home/ugiviag1/Documents/TFM-Miquel_Reynes/Follower_Project/robot-internal-files/robot-slam/install/g1_lidar_odometry/lib/python3.10/site-packages:${PYTHONPATH} /usr/bin/python3 -W ignore:setup.py install is deprecated -W ignore:easy_install command is deprecated setup.py develop --editable --build-directory /home/ugiviag1/Documents/TFM-Miquel_Reynes/Follower_Project/robot-internal-files/robot-slam/build/g1_lidar_odometry/build --no-deps symlink_data
[0.509s] running develop
[0.587s] running egg_info
[0.587s] creating g1_lidar_odometry.egg-info
[0.587s] writing g1_lidar_odometry.egg-info/PKG-INFO
[0.587s] writing dependency_links to g1_lidar_odometry.egg-info/dependency_links.txt
[0.587s] writing entry points to g1_lidar_odometry.egg-info/entry_points.txt
[0.587s] writing requirements to g1_lidar_odometry.egg-info/requires.txt
[0.587s] writing top-level names to g1_lidar_odometry.egg-info/top_level.txt
[0.587s] writing manifest file 'g1_lidar_odometry.egg-info/SOURCES.txt'
[0.588s] reading manifest file 'g1_lidar_odometry.egg-info/SOURCES.txt'
[0.589s] writing manifest file 'g1_lidar_odometry.egg-info/SOURCES.txt'
[0.589s] running build_ext
[0.590s] Creating /home/ugiviag1/Documents/TFM-Miquel_Reynes/Follower_Project/robot-internal-files/robot-slam/install/g1_lidar_odometry/lib/python3.10/site-packages/g1-lidar-odometry.egg-link (link to .)
[0.590s] Installing livox_slam_pose_node script to /home/ugiviag1/Documents/TFM-Miquel_Reynes/Follower_Project/robot-internal-files/robot-slam/install/g1_lidar_odometry/lib/g1_lidar_odometry
[0.590s] 
[0.590s] Installed /home/ugiviag1/Documents/TFM-Miquel_Reynes/Follower_Project/robot-internal-files/robot-slam/build/g1_lidar_odometry
[0.590s] running symlink_data
[0.590s] creating /home/ugiviag1/Documents/TFM-Miquel_Reynes/Follower_Project/robot-internal-files/robot-slam/install/g1_lidar_odometry/share/ament_index
[0.590s] creating /home/ugiviag1/Documents/TFM-Miquel_Reynes/Follower_Project/robot-internal-files/robot-slam/install/g1_lidar_odometry/share/ament_index/resource_index
[0.590s] creating /home/ugiviag1/Documents/TFM-Miquel_Reynes/Follower_Project/robot-internal-files/robot-slam/install/g1_lidar_odometry/share/ament_index/resource_index/packages
[0.590s] symbolically linking /home/ugiviag1/Documents/TFM-Miquel_Reynes/Follower_Project/robot-internal-files/robot-slam/build/g1_lidar_odometry/resource/g1_lidar_odometry -> /home/ugiviag1/Documents/TFM-Miquel_Reynes/Follower_Project/robot-internal-files/robot-slam/install/g1_lidar_odometry/share/ament_index/resource_index/packages
[0.590s] symbolically linking /home/ugiviag1/Documents/TFM-Miquel_Reynes/Follower_Project/robot-internal-files/robot-slam/build/g1_lidar_odometry/package.xml -> /home/ugiviag1/Documents/TFM-Miquel_Reynes/Follower_Project/robot-internal-files/robot-slam/install/g1_lidar_odometry/share/g1_lidar_odometry
[0.608s] Invoked command in '/home/ugiviag1/Documents/TFM-Miquel_Reynes/Follower_Project/robot-internal-files/robot-slam/build/g1_lidar_odometry' returned '0': CONDA_PROMPT_MODIFIER=(g1-slam-pc) PYTHONPATH=/home/ugiviag1/Documents/TFM-Miquel_Reynes/Follower_Project/robot-internal-files/robot-slam/build/g1_lidar_odometry/prefix_override:/usr/lib/python3/dist-packages/colcon_core/task/python/colcon_distutils_commands:/home/ugiviag1/Documents/TFM-Miquel_Reynes/Follower_Project/robot-internal-files/robot-slam/install/g1_lidar_odometry/lib/python3.10/site-packages:${PYTHONPATH} /usr/bin/python3 -W ignore:setup.py install is deprecated -W ignore:easy_install command is deprecated setup.py develop --editable --build-directory /home/ugiviag1/Documents/TFM-Miquel_Reynes/Follower_Project/robot-internal-files/robot-slam/build/g1_lidar_odometry/build --no-deps symlink_data
