[0.009s] Invoking command in '/home/ugiviag1/Documents/TFM-Miquel_Reynes/Follower_Project/robot-internal-files/robot-slam/build/kiss_icp': CMAKE_PREFIX_PATH=${CMAKE_PREFIX_PATH}:/home/ugiviag1/Documents/TFM-Miquel_Reynes/Follower_Project/robot-internal-files/robot-slam/install/g1_lidar_odometry:/opt/ros/humble CONDA_PROMPT_MODIFIER=(g1-slam-pc) /home/ugiviag1/miniconda3/envs/g1-slam-pc/bin/cmake /home/ugiviag1/Documents/TFM-Miquel_Reynes/Follower_Project/robot-internal-files/robot-slam/src/kiss-icp/ros -DCMAKE_BUILD_TYPE=Release -DAMENT_CMAKE_SYMLINK_INSTALL=1 -DCMAKE_INSTALL_PREFIX=/home/ugiviag1/Documents/TFM-Miquel_Reynes/Follower_Project/robot-internal-files/robot-slam/install/kiss_icp
[0.219s] -- The CXX compiler identification is GNU 11.4.0
[0.232s] -- Detecting CXX compiler ABI info
[0.303s] -- Detecting CXX compiler ABI info - done
[0.316s] -- Check for working CXX compiler: /usr/bin/c++ - skipped
[0.318s] -- Detecting CXX compile features
[0.318s] -- Detecting CXX compile features - done
[1.370s] -- The C compiler identification is GNU 11.4.0
[1.378s] -- Detecting C compiler ABI info
[1.432s] -- Detecting C compiler ABI info - done
[1.445s] -- Check for working C compiler: /usr/bin/cc - skipped
[1.445s] -- Detecting C compile features
[1.445s] -- Detecting C compile features - done
[2.301s] [0mCMake Deprecation Warning at /home/ugiviag1/Documents/TFM-Miquel_Reynes/Follower_Project/robot-internal-files/robot-slam/build/kiss_icp/_deps/tessil-src/CMakeLists.txt:1 (cmake_minimum_required):
[2.301s]   Compatibility with CMake < 3.10 will be removed from a future version of
[2.301s]   CMake.
[2.302s] 
[2.302s]   Update the VERSION argument <min> value.  Or, use the <min>...<max> syntax
[2.302s]   to tell CMake that the project requires at least <min> but has been updated
[2.302s]   to work with policies introduced by <max> or earlier.
[2.302s] 
[2.302s] [0m
[2.308s] -- Found ament_cmake: 1.3.14 (/opt/ros/humble/share/ament_cmake/cmake)
[2.399s] -- Found Python3: /home/ugiviag1/miniconda3/envs/g1-slam-pc/bin/python3 (found version "3.10.20") found components: Interpreter
[2.456s] -- Override CMake install command with custom implementation using symlinks instead of copying resources
[2.491s] -- Found geometry_msgs: 4.9.1 (/opt/ros/humble/share/geometry_msgs/cmake)
[2.539s] -- Found rosidl_generator_c: 3.1.8 (/opt/ros/humble/share/rosidl_generator_c/cmake)
[2.545s] -- Found rosidl_adapter: 3.1.8 (/opt/ros/humble/share/rosidl_adapter/cmake)
[2.557s] -- Found rosidl_generator_cpp: 3.1.8 (/opt/ros/humble/share/rosidl_generator_cpp/cmake)
[2.573s] -- Using all available rosidl_typesupport_c: rosidl_typesupport_fastrtps_c;rosidl_typesupport_introspection_c
[2.593s] -- Using all available rosidl_typesupport_cpp: rosidl_typesupport_fastrtps_cpp;rosidl_typesupport_introspection_cpp
[2.645s] -- Found nav_msgs: 4.9.1 (/opt/ros/humble/share/nav_msgs/cmake)
[2.670s] -- Found rclcpp: 16.0.19 (/opt/ros/humble/share/rclcpp/cmake)
[2.711s] -- Found rmw_implementation_cmake: 6.1.2 (/opt/ros/humble/share/rmw_implementation_cmake/cmake)
[2.714s] -- Found rmw_fastrtps_cpp: 6.2.10 (/opt/ros/humble/share/rmw_fastrtps_cpp/cmake)
[2.790s] -- Found OpenSSL: /usr/lib/x86_64-linux-gnu/libcrypto.so (found version "3.0.2")
[2.811s] -- Found FastRTPS: /opt/ros/humble/include
[2.843s] -- Using RMW implementation 'rmw_fastrtps_cpp' as default
[2.851s] -- Performing Test CMAKE_HAVE_LIBC_PTHREAD
[2.910s] -- Performing Test CMAKE_HAVE_LIBC_PTHREAD - Success
[2.911s] -- Found Threads: TRUE
[2.953s] -- Found rclcpp_components: 16.0.19 (/opt/ros/humble/share/rclcpp_components/cmake)
[2.981s] -- Found sensor_msgs: 4.9.1 (/opt/ros/humble/share/sensor_msgs/cmake)
[3.000s] -- Found tf2_ros: 0.25.20 (/opt/ros/humble/share/tf2_ros/cmake)
[3.074s] -- Found std_srvs: 4.9.1 (/opt/ros/humble/share/std_srvs/cmake)
[3.147s] -- Configuring done (3.1s)
[3.170s] -- Generating done (0.0s)
[3.174s] -- Build files have been written to: /home/ugiviag1/Documents/TFM-Miquel_Reynes/Follower_Project/robot-internal-files/robot-slam/build/kiss_icp
[3.183s] Invoked command in '/home/ugiviag1/Documents/TFM-Miquel_Reynes/Follower_Project/robot-internal-files/robot-slam/build/kiss_icp' returned '0': CMAKE_PREFIX_PATH=${CMAKE_PREFIX_PATH}:/home/ugiviag1/Documents/TFM-Miquel_Reynes/Follower_Project/robot-internal-files/robot-slam/install/g1_lidar_odometry:/opt/ros/humble CONDA_PROMPT_MODIFIER=(g1-slam-pc) /home/ugiviag1/miniconda3/envs/g1-slam-pc/bin/cmake /home/ugiviag1/Documents/TFM-Miquel_Reynes/Follower_Project/robot-internal-files/robot-slam/src/kiss-icp/ros -DCMAKE_BUILD_TYPE=Release -DAMENT_CMAKE_SYMLINK_INSTALL=1 -DCMAKE_INSTALL_PREFIX=/home/ugiviag1/Documents/TFM-Miquel_Reynes/Follower_Project/robot-internal-files/robot-slam/install/kiss_icp
[3.184s] Invoking command in '/home/ugiviag1/Documents/TFM-Miquel_Reynes/Follower_Project/robot-internal-files/robot-slam/build/kiss_icp': CMAKE_PREFIX_PATH=${CMAKE_PREFIX_PATH}:/home/ugiviag1/Documents/TFM-Miquel_Reynes/Follower_Project/robot-internal-files/robot-slam/install/g1_lidar_odometry:/opt/ros/humble CONDA_PROMPT_MODIFIER=(g1-slam-pc) /home/ugiviag1/miniconda3/envs/g1-slam-pc/bin/cmake --build /home/ugiviag1/Documents/TFM-Miquel_Reynes/Follower_Project/robot-internal-files/robot-slam/build/kiss_icp -- -j32 -l32
[3.249s] [  7%] [32mBuilding CXX object kiss_icp/core/CMakeFiles/kiss_icp_core.dir/Registration.cpp.o[0m
[3.250s] [ 21%] [32mBuilding CXX object kiss_icp/core/CMakeFiles/kiss_icp_core.dir/VoxelHashMap.cpp.o[0m
[3.250s] [ 21%] [32mBuilding CXX object kiss_icp/core/CMakeFiles/kiss_icp_core.dir/VoxelUtils.cpp.o[0m
[3.250s] [ 28%] [32mBuilding CXX object CMakeFiles/kiss_icp_node.dir/rclcpp_components/node_main_kiss_icp_node.cpp.o[0m
[3.250s] [ 35%] [32mBuilding CXX object kiss_icp/core/CMakeFiles/kiss_icp_core.dir/Preprocessing.cpp.o[0m
[3.250s] [ 42%] [32mBuilding CXX object kiss_icp/core/CMakeFiles/kiss_icp_core.dir/Threshold.cpp.o[0m
[3.250s] [ 50%] [32mBuilding CXX object kiss_icp/metrics/CMakeFiles/kiss_icp_metrics.dir/Metrics.cpp.o[0m
[5.415s] [ 57%] [32m[1mLinking CXX executable kiss_icp_node[0m
[5.479s] [ 57%] Built target kiss_icp_node
[6.949s] [ 64%] [32m[1mLinking CXX static library libkiss_icp_core.a[0m
[6.967s] [ 64%] Built target kiss_icp_core
[6.975s] [ 71%] [32mBuilding CXX object kiss_icp/pipeline/CMakeFiles/kiss_icp_pipeline.dir/KissICP.cpp.o[0m
[7.887s] [ 78%] [32m[1mLinking CXX static library libkiss_icp_pipeline.a[0m
[7.899s] [ 78%] Built target kiss_icp_pipeline
[7.907s] [ 85%] [32mBuilding CXX object CMakeFiles/odometry_component.dir/src/OdometryServer.cpp.o[0m
[9.727s] [ 92%] [32m[1mLinking CXX static library libkiss_icp_metrics.a[0m
[9.741s] [ 92%] Built target kiss_icp_metrics
[17.778s] [100%] [32m[1mLinking CXX shared library libodometry_component.so[0m
[17.894s] [100%] Built target odometry_component
[17.898s] Invoked command in '/home/ugiviag1/Documents/TFM-Miquel_Reynes/Follower_Project/robot-internal-files/robot-slam/build/kiss_icp' returned '0': CMAKE_PREFIX_PATH=${CMAKE_PREFIX_PATH}:/home/ugiviag1/Documents/TFM-Miquel_Reynes/Follower_Project/robot-internal-files/robot-slam/install/g1_lidar_odometry:/opt/ros/humble CONDA_PROMPT_MODIFIER=(g1-slam-pc) /home/ugiviag1/miniconda3/envs/g1-slam-pc/bin/cmake --build /home/ugiviag1/Documents/TFM-Miquel_Reynes/Follower_Project/robot-internal-files/robot-slam/build/kiss_icp -- -j32 -l32
[17.945s] Invoking command in '/home/ugiviag1/Documents/TFM-Miquel_Reynes/Follower_Project/robot-internal-files/robot-slam/build/kiss_icp': CMAKE_PREFIX_PATH=${CMAKE_PREFIX_PATH}:/home/ugiviag1/Documents/TFM-Miquel_Reynes/Follower_Project/robot-internal-files/robot-slam/install/g1_lidar_odometry:/opt/ros/humble CONDA_PROMPT_MODIFIER=(g1-slam-pc) /home/ugiviag1/miniconda3/envs/g1-slam-pc/bin/cmake --install /home/ugiviag1/Documents/TFM-Miquel_Reynes/Follower_Project/robot-internal-files/robot-slam/build/kiss_icp
[17.988s] -- Install configuration: "Release"
[17.989s] -- Execute custom install script
[17.989s] -- Symlinking: /home/ugiviag1/Documents/TFM-Miquel_Reynes/Follower_Project/robot-internal-files/robot-slam/install/kiss_icp/lib/kiss_icp/kiss_icp_node
[17.992s] -- Symlinking: /home/ugiviag1/Documents/TFM-Miquel_Reynes/Follower_Project/robot-internal-files/robot-slam/install/kiss_icp/lib/libodometry_component.so
[17.995s] -- Symlinking: /home/ugiviag1/Documents/TFM-Miquel_Reynes/Follower_Project/robot-internal-files/robot-slam/install/kiss_icp/share/kiss_icp//launch/odometry.launch.py
[17.997s] -- Symlinking: /home/ugiviag1/Documents/TFM-Miquel_Reynes/Follower_Project/robot-internal-files/robot-slam/install/kiss_icp/share/kiss_icp//rviz/kiss_icp.rviz
[17.999s] -- Symlinking: /home/ugiviag1/Documents/TFM-Miquel_Reynes/Follower_Project/robot-internal-files/robot-slam/install/kiss_icp/share/kiss_icp//config/config.yaml
[18.002s] -- Symlinking: /home/ugiviag1/Documents/TFM-Miquel_Reynes/Follower_Project/robot-internal-files/robot-slam/install/kiss_icp/share/ament_index/resource_index/package_run_dependencies/kiss_icp
[18.004s] -- Symlinking: /home/ugiviag1/Documents/TFM-Miquel_Reynes/Follower_Project/robot-internal-files/robot-slam/install/kiss_icp/share/ament_index/resource_index/parent_prefix_path/kiss_icp
[18.006s] -- Symlinking: /home/ugiviag1/Documents/TFM-Miquel_Reynes/Follower_Project/robot-internal-files/robot-slam/install/kiss_icp/share/kiss_icp/environment/ament_prefix_path.sh
[18.008s] -- Symlinking: /home/ugiviag1/Documents/TFM-Miquel_Reynes/Follower_Project/robot-internal-files/robot-slam/install/kiss_icp/share/kiss_icp/environment/ament_prefix_path.dsv
[18.011s] -- Symlinking: /home/ugiviag1/Documents/TFM-Miquel_Reynes/Follower_Project/robot-internal-files/robot-slam/install/kiss_icp/share/kiss_icp/environment/path.sh
[18.014s] -- Symlinking: /home/ugiviag1/Documents/TFM-Miquel_Reynes/Follower_Project/robot-internal-files/robot-slam/install/kiss_icp/share/kiss_icp/environment/path.dsv
[18.016s] -- Symlinking: /home/ugiviag1/Documents/TFM-Miquel_Reynes/Follower_Project/robot-internal-files/robot-slam/install/kiss_icp/share/kiss_icp/local_setup.bash
[18.019s] -- Symlinking: /home/ugiviag1/Documents/TFM-Miquel_Reynes/Follower_Project/robot-internal-files/robot-slam/install/kiss_icp/share/kiss_icp/local_setup.sh
[18.021s] -- Symlinking: /home/ugiviag1/Documents/TFM-Miquel_Reynes/Follower_Project/robot-internal-files/robot-slam/install/kiss_icp/share/kiss_icp/local_setup.zsh
[18.024s] -- Symlinking: /home/ugiviag1/Documents/TFM-Miquel_Reynes/Follower_Project/robot-internal-files/robot-slam/install/kiss_icp/share/kiss_icp/local_setup.dsv
[18.026s] -- Symlinking: /home/ugiviag1/Documents/TFM-Miquel_Reynes/Follower_Project/robot-internal-files/robot-slam/install/kiss_icp/share/kiss_icp/package.dsv
[18.028s] -- Symlinking: /home/ugiviag1/Documents/TFM-Miquel_Reynes/Follower_Project/robot-internal-files/robot-slam/install/kiss_icp/share/ament_index/resource_index/packages/kiss_icp
[18.031s] -- Symlinking: /home/ugiviag1/Documents/TFM-Miquel_Reynes/Follower_Project/robot-internal-files/robot-slam/install/kiss_icp/share/ament_index/resource_index/rclcpp_components/kiss_icp
[18.033s] -- Symlinking: /home/ugiviag1/Documents/TFM-Miquel_Reynes/Follower_Project/robot-internal-files/robot-slam/install/kiss_icp/share/kiss_icp/cmake/kiss_icpConfig.cmake
[18.036s] -- Symlinking: /home/ugiviag1/Documents/TFM-Miquel_Reynes/Follower_Project/robot-internal-files/robot-slam/install/kiss_icp/share/kiss_icp/cmake/kiss_icpConfig-version.cmake
[18.038s] -- Symlinking: /home/ugiviag1/Documents/TFM-Miquel_Reynes/Follower_Project/robot-internal-files/robot-slam/install/kiss_icp/share/kiss_icp/package.xml
[18.041s] Invoked command in '/home/ugiviag1/Documents/TFM-Miquel_Reynes/Follower_Project/robot-internal-files/robot-slam/build/kiss_icp' returned '0': CMAKE_PREFIX_PATH=${CMAKE_PREFIX_PATH}:/home/ugiviag1/Documents/TFM-Miquel_Reynes/Follower_Project/robot-internal-files/robot-slam/install/g1_lidar_odometry:/opt/ros/humble CONDA_PROMPT_MODIFIER=(g1-slam-pc) /home/ugiviag1/miniconda3/envs/g1-slam-pc/bin/cmake --install /home/ugiviag1/Documents/TFM-Miquel_Reynes/Follower_Project/robot-internal-files/robot-slam/build/kiss_icp
