[0.064s] DEBUG:colcon:Command line arguments: ['/usr/bin/colcon', 'list']
[0.064s] DEBUG:colcon:Parsed command line arguments: Namespace(log_base=None, log_level=None, verb_name='list', build_base='build', ignore_user_meta=False, metas=['./colcon.meta'], base_paths=['.'], packages_ignore=None, packages_ignore_regex=None, paths=None, packages_up_to=None, packages_up_to_regex=None, packages_above=None, packages_above_and_dependencies=None, packages_above_depth=None, packages_select_by_dep=None, packages_skip_by_dep=None, packages_skip_up_to=None, packages_select_build_failed=False, packages_skip_build_finished=False, packages_select_test_failures=False, packages_skip_test_passed=False, packages_select=None, packages_skip=None, packages_select_regex=None, packages_skip_regex=None, packages_start=None, packages_end=None, allow_overriding=[], topological_order=False, names_only=False, paths_only=False, topological_graph=False, topological_graph_dot=False, topological_graph_density=False, topological_graph_legend=False, topological_graph_dot_cluster=False, topological_graph_dot_include_skipped=False, verb_parser=<colcon_defaults.argument_parser.defaults.DefaultArgumentsDecorator object at 0x78cdf895d9f0>, verb_extension=<colcon_package_information.verb.list.ListVerb object at 0x78cdf8a56530>, main=<bound method ListVerb.main of <colcon_package_information.verb.list.ListVerb object at 0x78cdf8a56530>>)
[0.178s] Level 1:colcon.colcon_core.package_discovery:discover_packages(colcon_meta) check parameters
[0.178s] Level 1:colcon.colcon_core.package_discovery:discover_packages(recursive) check parameters
[0.178s] Level 1:colcon.colcon_core.package_discovery:discover_packages(ignore) check parameters
[0.178s] Level 1:colcon.colcon_core.package_discovery:discover_packages(path) check parameters
[0.178s] Level 1:colcon.colcon_core.package_discovery:discover_packages(colcon_meta) discover
[0.178s] Level 1:colcon.colcon_core.package_discovery:discover_packages(recursive) discover
[0.178s] INFO:colcon.colcon_core.package_discovery:Crawling recursively for packages in '/home/ugiviag1/Documents/TFM-Miquel_Reynes/Follower_Project/robot-internal-files/robot-slam'
[0.178s] Level 1:colcon.colcon_core.package_identification:_identify(.) by extensions ['ignore', 'ignore_ament_install']
[0.178s] Level 1:colcon.colcon_core.package_identification:_identify(.) by extension 'ignore'
[0.178s] Level 1:colcon.colcon_core.package_identification:_identify(.) by extension 'ignore_ament_install'
[0.178s] Level 1:colcon.colcon_core.package_identification:_identify(.) by extensions ['colcon_pkg']
[0.178s] Level 1:colcon.colcon_core.package_identification:_identify(.) by extension 'colcon_pkg'
[0.178s] Level 1:colcon.colcon_core.package_identification:_identify(.) by extensions ['colcon_meta']
[0.178s] Level 1:colcon.colcon_core.package_identification:_identify(.) by extension 'colcon_meta'
[0.178s] Level 1:colcon.colcon_core.package_identification:_identify(.) by extensions ['ros']
[0.178s] Level 1:colcon.colcon_core.package_identification:_identify(.) by extension 'ros'
[0.187s] Level 1:colcon.colcon_core.package_identification:_identify(.) by extensions ['cmake', 'python']
[0.187s] Level 1:colcon.colcon_core.package_identification:_identify(.) by extension 'cmake'
[0.187s] Level 1:colcon.colcon_core.package_identification:_identify(.) by extension 'python'
[0.187s] Level 1:colcon.colcon_core.package_identification:_identify(.) by extensions ['python_setup_py']
[0.187s] Level 1:colcon.colcon_core.package_identification:_identify(.) by extension 'python_setup_py'
[0.187s] Level 1:colcon.colcon_core.package_identification:_identify(build) by extensions ['ignore', 'ignore_ament_install']
[0.187s] Level 1:colcon.colcon_core.package_identification:_identify(build) by extension 'ignore'
[0.187s] Level 1:colcon.colcon_core.package_identification:_identify(build) ignored
[0.187s] Level 1:colcon.colcon_core.package_identification:_identify(config) by extensions ['ignore', 'ignore_ament_install']
[0.187s] Level 1:colcon.colcon_core.package_identification:_identify(config) by extension 'ignore'
[0.187s] Level 1:colcon.colcon_core.package_identification:_identify(config) by extension 'ignore_ament_install'
[0.187s] Level 1:colcon.colcon_core.package_identification:_identify(config) by extensions ['colcon_pkg']
[0.187s] Level 1:colcon.colcon_core.package_identification:_identify(config) by extension 'colcon_pkg'
[0.187s] Level 1:colcon.colcon_core.package_identification:_identify(config) by extensions ['colcon_meta']
[0.187s] Level 1:colcon.colcon_core.package_identification:_identify(config) by extension 'colcon_meta'
[0.187s] Level 1:colcon.colcon_core.package_identification:_identify(config) by extensions ['ros']
[0.187s] Level 1:colcon.colcon_core.package_identification:_identify(config) by extension 'ros'
[0.187s] Level 1:colcon.colcon_core.package_identification:_identify(config) by extensions ['cmake', 'python']
[0.187s] Level 1:colcon.colcon_core.package_identification:_identify(config) by extension 'cmake'
[0.188s] Level 1:colcon.colcon_core.package_identification:_identify(config) by extension 'python'
[0.188s] Level 1:colcon.colcon_core.package_identification:_identify(config) by extensions ['python_setup_py']
[0.188s] Level 1:colcon.colcon_core.package_identification:_identify(config) by extension 'python_setup_py'
[0.188s] Level 1:colcon.colcon_core.package_identification:_identify(install) by extensions ['ignore', 'ignore_ament_install']
[0.188s] Level 1:colcon.colcon_core.package_identification:_identify(install) by extension 'ignore'
[0.188s] Level 1:colcon.colcon_core.package_identification:_identify(install) ignored
[0.188s] Level 1:colcon.colcon_core.package_identification:_identify(log) by extensions ['ignore', 'ignore_ament_install']
[0.188s] Level 1:colcon.colcon_core.package_identification:_identify(log) by extension 'ignore'
[0.188s] Level 1:colcon.colcon_core.package_identification:_identify(log) ignored
[0.188s] Level 1:colcon.colcon_core.package_identification:_identify(results) by extensions ['ignore', 'ignore_ament_install']
[0.188s] Level 1:colcon.colcon_core.package_identification:_identify(results) by extension 'ignore'
[0.188s] Level 1:colcon.colcon_core.package_identification:_identify(results) by extension 'ignore_ament_install'
[0.188s] Level 1:colcon.colcon_core.package_identification:_identify(results) by extensions ['colcon_pkg']
[0.188s] Level 1:colcon.colcon_core.package_identification:_identify(results) by extension 'colcon_pkg'
[0.188s] Level 1:colcon.colcon_core.package_identification:_identify(results) by extensions ['colcon_meta']
[0.188s] Level 1:colcon.colcon_core.package_identification:_identify(results) by extension 'colcon_meta'
[0.188s] Level 1:colcon.colcon_core.package_identification:_identify(results) by extensions ['ros']
[0.188s] Level 1:colcon.colcon_core.package_identification:_identify(results) by extension 'ros'
[0.188s] Level 1:colcon.colcon_core.package_identification:_identify(results) by extensions ['cmake', 'python']
[0.188s] Level 1:colcon.colcon_core.package_identification:_identify(results) by extension 'cmake'
[0.188s] Level 1:colcon.colcon_core.package_identification:_identify(results) by extension 'python'
[0.188s] Level 1:colcon.colcon_core.package_identification:_identify(results) by extensions ['python_setup_py']
[0.188s] Level 1:colcon.colcon_core.package_identification:_identify(results) by extension 'python_setup_py'
[0.188s] Level 1:colcon.colcon_core.package_identification:_identify(results/runs) by extensions ['ignore', 'ignore_ament_install']
[0.188s] Level 1:colcon.colcon_core.package_identification:_identify(results/runs) by extension 'ignore'
[0.188s] Level 1:colcon.colcon_core.package_identification:_identify(results/runs) by extension 'ignore_ament_install'
[0.188s] Level 1:colcon.colcon_core.package_identification:_identify(results/runs) by extensions ['colcon_pkg']
[0.188s] Level 1:colcon.colcon_core.package_identification:_identify(results/runs) by extension 'colcon_pkg'
[0.189s] Level 1:colcon.colcon_core.package_identification:_identify(results/runs) by extensions ['colcon_meta']
[0.189s] Level 1:colcon.colcon_core.package_identification:_identify(results/runs) by extension 'colcon_meta'
[0.189s] Level 1:colcon.colcon_core.package_identification:_identify(results/runs) by extensions ['ros']
[0.189s] Level 1:colcon.colcon_core.package_identification:_identify(results/runs) by extension 'ros'
[0.189s] Level 1:colcon.colcon_core.package_identification:_identify(results/runs) by extensions ['cmake', 'python']
[0.189s] Level 1:colcon.colcon_core.package_identification:_identify(results/runs) by extension 'cmake'
[0.189s] Level 1:colcon.colcon_core.package_identification:_identify(results/runs) by extension 'python'
[0.189s] Level 1:colcon.colcon_core.package_identification:_identify(results/runs) by extensions ['python_setup_py']
[0.189s] Level 1:colcon.colcon_core.package_identification:_identify(results/runs) by extension 'python_setup_py'
[0.189s] Level 1:colcon.colcon_core.package_identification:_identify(results/runs/20260910_123844_icp_pose_graph_tfm-bag-00) by extensions ['ignore', 'ignore_ament_install']
[0.189s] Level 1:colcon.colcon_core.package_identification:_identify(results/runs/20260910_123844_icp_pose_graph_tfm-bag-00) by extension 'ignore'
[0.189s] Level 1:colcon.colcon_core.package_identification:_identify(results/runs/20260910_123844_icp_pose_graph_tfm-bag-00) by extension 'ignore_ament_install'
[0.189s] Level 1:colcon.colcon_core.package_identification:_identify(results/runs/20260910_123844_icp_pose_graph_tfm-bag-00) by extensions ['colcon_pkg']
[0.189s] Level 1:colcon.colcon_core.package_identification:_identify(results/runs/20260910_123844_icp_pose_graph_tfm-bag-00) by extension 'colcon_pkg'
[0.189s] Level 1:colcon.colcon_core.package_identification:_identify(results/runs/20260910_123844_icp_pose_graph_tfm-bag-00) by extensions ['colcon_meta']
[0.189s] Level 1:colcon.colcon_core.package_identification:_identify(results/runs/20260910_123844_icp_pose_graph_tfm-bag-00) by extension 'colcon_meta'
[0.189s] Level 1:colcon.colcon_core.package_identification:_identify(results/runs/20260910_123844_icp_pose_graph_tfm-bag-00) by extensions ['ros']
[0.189s] Level 1:colcon.colcon_core.package_identification:_identify(results/runs/20260910_123844_icp_pose_graph_tfm-bag-00) by extension 'ros'
[0.189s] Level 1:colcon.colcon_core.package_identification:_identify(results/runs/20260910_123844_icp_pose_graph_tfm-bag-00) by extensions ['cmake', 'python']
[0.189s] Level 1:colcon.colcon_core.package_identification:_identify(results/runs/20260910_123844_icp_pose_graph_tfm-bag-00) by extension 'cmake'
[0.189s] Level 1:colcon.colcon_core.package_identification:_identify(results/runs/20260910_123844_icp_pose_graph_tfm-bag-00) by extension 'python'
[0.189s] Level 1:colcon.colcon_core.package_identification:_identify(results/runs/20260910_123844_icp_pose_graph_tfm-bag-00) by extensions ['python_setup_py']
[0.189s] Level 1:colcon.colcon_core.package_identification:_identify(results/runs/20260910_123844_icp_pose_graph_tfm-bag-00) by extension 'python_setup_py'
[0.189s] Level 1:colcon.colcon_core.package_identification:_identify(results/runs/20260910_125706_icp_pose_graph_tfm-bag-00) by extensions ['ignore', 'ignore_ament_install']
[0.189s] Level 1:colcon.colcon_core.package_identification:_identify(results/runs/20260910_125706_icp_pose_graph_tfm-bag-00) by extension 'ignore'
[0.189s] Level 1:colcon.colcon_core.package_identification:_identify(results/runs/20260910_125706_icp_pose_graph_tfm-bag-00) by extension 'ignore_ament_install'
[0.189s] Level 1:colcon.colcon_core.package_identification:_identify(results/runs/20260910_125706_icp_pose_graph_tfm-bag-00) by extensions ['colcon_pkg']
[0.189s] Level 1:colcon.colcon_core.package_identification:_identify(results/runs/20260910_125706_icp_pose_graph_tfm-bag-00) by extension 'colcon_pkg'
[0.189s] Level 1:colcon.colcon_core.package_identification:_identify(results/runs/20260910_125706_icp_pose_graph_tfm-bag-00) by extensions ['colcon_meta']
[0.189s] Level 1:colcon.colcon_core.package_identification:_identify(results/runs/20260910_125706_icp_pose_graph_tfm-bag-00) by extension 'colcon_meta'
[0.189s] Level 1:colcon.colcon_core.package_identification:_identify(results/runs/20260910_125706_icp_pose_graph_tfm-bag-00) by extensions ['ros']
[0.189s] Level 1:colcon.colcon_core.package_identification:_identify(results/runs/20260910_125706_icp_pose_graph_tfm-bag-00) by extension 'ros'
[0.190s] Level 1:colcon.colcon_core.package_identification:_identify(results/runs/20260910_125706_icp_pose_graph_tfm-bag-00) by extensions ['cmake', 'python']
[0.190s] Level 1:colcon.colcon_core.package_identification:_identify(results/runs/20260910_125706_icp_pose_graph_tfm-bag-00) by extension 'cmake'
[0.190s] Level 1:colcon.colcon_core.package_identification:_identify(results/runs/20260910_125706_icp_pose_graph_tfm-bag-00) by extension 'python'
[0.190s] Level 1:colcon.colcon_core.package_identification:_identify(results/runs/20260910_125706_icp_pose_graph_tfm-bag-00) by extensions ['python_setup_py']
[0.190s] Level 1:colcon.colcon_core.package_identification:_identify(results/runs/20260910_125706_icp_pose_graph_tfm-bag-00) by extension 'python_setup_py'
[0.190s] Level 1:colcon.colcon_core.package_identification:_identify(results/runs/20260910_130413_icp_pose_graph_tfm-bag-00) by extensions ['ignore', 'ignore_ament_install']
[0.190s] Level 1:colcon.colcon_core.package_identification:_identify(results/runs/20260910_130413_icp_pose_graph_tfm-bag-00) by extension 'ignore'
[0.190s] Level 1:colcon.colcon_core.package_identification:_identify(results/runs/20260910_130413_icp_pose_graph_tfm-bag-00) by extension 'ignore_ament_install'
[0.190s] Level 1:colcon.colcon_core.package_identification:_identify(results/runs/20260910_130413_icp_pose_graph_tfm-bag-00) by extensions ['colcon_pkg']
[0.190s] Level 1:colcon.colcon_core.package_identification:_identify(results/runs/20260910_130413_icp_pose_graph_tfm-bag-00) by extension 'colcon_pkg'
[0.190s] Level 1:colcon.colcon_core.package_identification:_identify(results/runs/20260910_130413_icp_pose_graph_tfm-bag-00) by extensions ['colcon_meta']
[0.190s] Level 1:colcon.colcon_core.package_identification:_identify(results/runs/20260910_130413_icp_pose_graph_tfm-bag-00) by extension 'colcon_meta'
[0.190s] Level 1:colcon.colcon_core.package_identification:_identify(results/runs/20260910_130413_icp_pose_graph_tfm-bag-00) by extensions ['ros']
[0.190s] Level 1:colcon.colcon_core.package_identification:_identify(results/runs/20260910_130413_icp_pose_graph_tfm-bag-00) by extension 'ros'
[0.190s] Level 1:colcon.colcon_core.package_identification:_identify(results/runs/20260910_130413_icp_pose_graph_tfm-bag-00) by extensions ['cmake', 'python']
[0.190s] Level 1:colcon.colcon_core.package_identification:_identify(results/runs/20260910_130413_icp_pose_graph_tfm-bag-00) by extension 'cmake'
[0.190s] Level 1:colcon.colcon_core.package_identification:_identify(results/runs/20260910_130413_icp_pose_graph_tfm-bag-00) by extension 'python'
[0.190s] Level 1:colcon.colcon_core.package_identification:_identify(results/runs/20260910_130413_icp_pose_graph_tfm-bag-00) by extensions ['python_setup_py']
[0.190s] Level 1:colcon.colcon_core.package_identification:_identify(results/runs/20260910_130413_icp_pose_graph_tfm-bag-00) by extension 'python_setup_py'
[0.190s] Level 1:colcon.colcon_core.package_identification:_identify(results/runs/20260910_130839_icp_pose_graph_tfm-bag-00) by extensions ['ignore', 'ignore_ament_install']
[0.190s] Level 1:colcon.colcon_core.package_identification:_identify(results/runs/20260910_130839_icp_pose_graph_tfm-bag-00) by extension 'ignore'
[0.190s] Level 1:colcon.colcon_core.package_identification:_identify(results/runs/20260910_130839_icp_pose_graph_tfm-bag-00) by extension 'ignore_ament_install'
[0.190s] Level 1:colcon.colcon_core.package_identification:_identify(results/runs/20260910_130839_icp_pose_graph_tfm-bag-00) by extensions ['colcon_pkg']
[0.190s] Level 1:colcon.colcon_core.package_identification:_identify(results/runs/20260910_130839_icp_pose_graph_tfm-bag-00) by extension 'colcon_pkg'
[0.190s] Level 1:colcon.colcon_core.package_identification:_identify(results/runs/20260910_130839_icp_pose_graph_tfm-bag-00) by extensions ['colcon_meta']
[0.190s] Level 1:colcon.colcon_core.package_identification:_identify(results/runs/20260910_130839_icp_pose_graph_tfm-bag-00) by extension 'colcon_meta'
[0.190s] Level 1:colcon.colcon_core.package_identification:_identify(results/runs/20260910_130839_icp_pose_graph_tfm-bag-00) by extensions ['ros']
[0.190s] Level 1:colcon.colcon_core.package_identification:_identify(results/runs/20260910_130839_icp_pose_graph_tfm-bag-00) by extension 'ros'
[0.190s] Level 1:colcon.colcon_core.package_identification:_identify(results/runs/20260910_130839_icp_pose_graph_tfm-bag-00) by extensions ['cmake', 'python']
[0.190s] Level 1:colcon.colcon_core.package_identification:_identify(results/runs/20260910_130839_icp_pose_graph_tfm-bag-00) by extension 'cmake'
[0.191s] Level 1:colcon.colcon_core.package_identification:_identify(results/runs/20260910_130839_icp_pose_graph_tfm-bag-00) by extension 'python'
[0.191s] Level 1:colcon.colcon_core.package_identification:_identify(results/runs/20260910_130839_icp_pose_graph_tfm-bag-00) by extensions ['python_setup_py']
[0.191s] Level 1:colcon.colcon_core.package_identification:_identify(results/runs/20260910_130839_icp_pose_graph_tfm-bag-00) by extension 'python_setup_py'
[0.191s] Level 1:colcon.colcon_core.package_identification:_identify(results/runs/20260910_130903_icp_pose_graph_tfm-bag-00) by extensions ['ignore', 'ignore_ament_install']
[0.191s] Level 1:colcon.colcon_core.package_identification:_identify(results/runs/20260910_130903_icp_pose_graph_tfm-bag-00) by extension 'ignore'
[0.191s] Level 1:colcon.colcon_core.package_identification:_identify(results/runs/20260910_130903_icp_pose_graph_tfm-bag-00) by extension 'ignore_ament_install'
[0.191s] Level 1:colcon.colcon_core.package_identification:_identify(results/runs/20260910_130903_icp_pose_graph_tfm-bag-00) by extensions ['colcon_pkg']
[0.191s] Level 1:colcon.colcon_core.package_identification:_identify(results/runs/20260910_130903_icp_pose_graph_tfm-bag-00) by extension 'colcon_pkg'
[0.191s] Level 1:colcon.colcon_core.package_identification:_identify(results/runs/20260910_130903_icp_pose_graph_tfm-bag-00) by extensions ['colcon_meta']
[0.191s] Level 1:colcon.colcon_core.package_identification:_identify(results/runs/20260910_130903_icp_pose_graph_tfm-bag-00) by extension 'colcon_meta'
[0.191s] Level 1:colcon.colcon_core.package_identification:_identify(results/runs/20260910_130903_icp_pose_graph_tfm-bag-00) by extensions ['ros']
[0.191s] Level 1:colcon.colcon_core.package_identification:_identify(results/runs/20260910_130903_icp_pose_graph_tfm-bag-00) by extension 'ros'
[0.191s] Level 1:colcon.colcon_core.package_identification:_identify(results/runs/20260910_130903_icp_pose_graph_tfm-bag-00) by extensions ['cmake', 'python']
[0.191s] Level 1:colcon.colcon_core.package_identification:_identify(results/runs/20260910_130903_icp_pose_graph_tfm-bag-00) by extension 'cmake'
[0.191s] Level 1:colcon.colcon_core.package_identification:_identify(results/runs/20260910_130903_icp_pose_graph_tfm-bag-00) by extension 'python'
[0.191s] Level 1:colcon.colcon_core.package_identification:_identify(results/runs/20260910_130903_icp_pose_graph_tfm-bag-00) by extensions ['python_setup_py']
[0.191s] Level 1:colcon.colcon_core.package_identification:_identify(results/runs/20260910_130903_icp_pose_graph_tfm-bag-00) by extension 'python_setup_py'
[0.191s] Level 1:colcon.colcon_core.package_identification:_identify(results/runs/20260910_130946_icp_pose_graph_tfm-bag-00) by extensions ['ignore', 'ignore_ament_install']
[0.191s] Level 1:colcon.colcon_core.package_identification:_identify(results/runs/20260910_130946_icp_pose_graph_tfm-bag-00) by extension 'ignore'
[0.191s] Level 1:colcon.colcon_core.package_identification:_identify(results/runs/20260910_130946_icp_pose_graph_tfm-bag-00) by extension 'ignore_ament_install'
[0.191s] Level 1:colcon.colcon_core.package_identification:_identify(results/runs/20260910_130946_icp_pose_graph_tfm-bag-00) by extensions ['colcon_pkg']
[0.191s] Level 1:colcon.colcon_core.package_identification:_identify(results/runs/20260910_130946_icp_pose_graph_tfm-bag-00) by extension 'colcon_pkg'
[0.191s] Level 1:colcon.colcon_core.package_identification:_identify(results/runs/20260910_130946_icp_pose_graph_tfm-bag-00) by extensions ['colcon_meta']
[0.191s] Level 1:colcon.colcon_core.package_identification:_identify(results/runs/20260910_130946_icp_pose_graph_tfm-bag-00) by extension 'colcon_meta'
[0.191s] Level 1:colcon.colcon_core.package_identification:_identify(results/runs/20260910_130946_icp_pose_graph_tfm-bag-00) by extensions ['ros']
[0.191s] Level 1:colcon.colcon_core.package_identification:_identify(results/runs/20260910_130946_icp_pose_graph_tfm-bag-00) by extension 'ros'
[0.191s] Level 1:colcon.colcon_core.package_identification:_identify(results/runs/20260910_130946_icp_pose_graph_tfm-bag-00) by extensions ['cmake', 'python']
[0.191s] Level 1:colcon.colcon_core.package_identification:_identify(results/runs/20260910_130946_icp_pose_graph_tfm-bag-00) by extension 'cmake'
[0.191s] Level 1:colcon.colcon_core.package_identification:_identify(results/runs/20260910_130946_icp_pose_graph_tfm-bag-00) by extension 'python'
[0.191s] Level 1:colcon.colcon_core.package_identification:_identify(results/runs/20260910_130946_icp_pose_graph_tfm-bag-00) by extensions ['python_setup_py']
[0.192s] Level 1:colcon.colcon_core.package_identification:_identify(results/runs/20260910_130946_icp_pose_graph_tfm-bag-00) by extension 'python_setup_py'
[0.192s] Level 1:colcon.colcon_core.package_identification:_identify(results/runs/20260910_134021_icp_pose_graph_tfm-bag-00) by extensions ['ignore', 'ignore_ament_install']
[0.192s] Level 1:colcon.colcon_core.package_identification:_identify(results/runs/20260910_134021_icp_pose_graph_tfm-bag-00) by extension 'ignore'
[0.192s] Level 1:colcon.colcon_core.package_identification:_identify(results/runs/20260910_134021_icp_pose_graph_tfm-bag-00) by extension 'ignore_ament_install'
[0.192s] Level 1:colcon.colcon_core.package_identification:_identify(results/runs/20260910_134021_icp_pose_graph_tfm-bag-00) by extensions ['colcon_pkg']
[0.192s] Level 1:colcon.colcon_core.package_identification:_identify(results/runs/20260910_134021_icp_pose_graph_tfm-bag-00) by extension 'colcon_pkg'
[0.192s] Level 1:colcon.colcon_core.package_identification:_identify(results/runs/20260910_134021_icp_pose_graph_tfm-bag-00) by extensions ['colcon_meta']
[0.192s] Level 1:colcon.colcon_core.package_identification:_identify(results/runs/20260910_134021_icp_pose_graph_tfm-bag-00) by extension 'colcon_meta'
[0.192s] Level 1:colcon.colcon_core.package_identification:_identify(results/runs/20260910_134021_icp_pose_graph_tfm-bag-00) by extensions ['ros']
[0.192s] Level 1:colcon.colcon_core.package_identification:_identify(results/runs/20260910_134021_icp_pose_graph_tfm-bag-00) by extension 'ros'
[0.192s] Level 1:colcon.colcon_core.package_identification:_identify(results/runs/20260910_134021_icp_pose_graph_tfm-bag-00) by extensions ['cmake', 'python']
[0.192s] Level 1:colcon.colcon_core.package_identification:_identify(results/runs/20260910_134021_icp_pose_graph_tfm-bag-00) by extension 'cmake'
[0.192s] Level 1:colcon.colcon_core.package_identification:_identify(results/runs/20260910_134021_icp_pose_graph_tfm-bag-00) by extension 'python'
[0.192s] Level 1:colcon.colcon_core.package_identification:_identify(results/runs/20260910_134021_icp_pose_graph_tfm-bag-00) by extensions ['python_setup_py']
[0.192s] Level 1:colcon.colcon_core.package_identification:_identify(results/runs/20260910_134021_icp_pose_graph_tfm-bag-00) by extension 'python_setup_py'
[0.192s] Level 1:colcon.colcon_core.package_identification:_identify(results/runs/20260910_142306_icp_pose_graph_tfm-bag-00) by extensions ['ignore', 'ignore_ament_install']
[0.192s] Level 1:colcon.colcon_core.package_identification:_identify(results/runs/20260910_142306_icp_pose_graph_tfm-bag-00) by extension 'ignore'
[0.192s] Level 1:colcon.colcon_core.package_identification:_identify(results/runs/20260910_142306_icp_pose_graph_tfm-bag-00) by extension 'ignore_ament_install'
[0.192s] Level 1:colcon.colcon_core.package_identification:_identify(results/runs/20260910_142306_icp_pose_graph_tfm-bag-00) by extensions ['colcon_pkg']
[0.192s] Level 1:colcon.colcon_core.package_identification:_identify(results/runs/20260910_142306_icp_pose_graph_tfm-bag-00) by extension 'colcon_pkg'
[0.192s] Level 1:colcon.colcon_core.package_identification:_identify(results/runs/20260910_142306_icp_pose_graph_tfm-bag-00) by extensions ['colcon_meta']
[0.192s] Level 1:colcon.colcon_core.package_identification:_identify(results/runs/20260910_142306_icp_pose_graph_tfm-bag-00) by extension 'colcon_meta'
[0.192s] Level 1:colcon.colcon_core.package_identification:_identify(results/runs/20260910_142306_icp_pose_graph_tfm-bag-00) by extensions ['ros']
[0.192s] Level 1:colcon.colcon_core.package_identification:_identify(results/runs/20260910_142306_icp_pose_graph_tfm-bag-00) by extension 'ros'
[0.192s] Level 1:colcon.colcon_core.package_identification:_identify(results/runs/20260910_142306_icp_pose_graph_tfm-bag-00) by extensions ['cmake', 'python']
[0.192s] Level 1:colcon.colcon_core.package_identification:_identify(results/runs/20260910_142306_icp_pose_graph_tfm-bag-00) by extension 'cmake'
[0.192s] Level 1:colcon.colcon_core.package_identification:_identify(results/runs/20260910_142306_icp_pose_graph_tfm-bag-00) by extension 'python'
[0.192s] Level 1:colcon.colcon_core.package_identification:_identify(results/runs/20260910_142306_icp_pose_graph_tfm-bag-00) by extensions ['python_setup_py']
[0.192s] Level 1:colcon.colcon_core.package_identification:_identify(results/runs/20260910_142306_icp_pose_graph_tfm-bag-00) by extension 'python_setup_py'
[0.192s] Level 1:colcon.colcon_core.package_identification:_identify(results/runs/20260910_143717_icp_pose_graph_tfm-bag-00) by extensions ['ignore', 'ignore_ament_install']
[0.193s] Level 1:colcon.colcon_core.package_identification:_identify(results/runs/20260910_143717_icp_pose_graph_tfm-bag-00) by extension 'ignore'
[0.193s] Level 1:colcon.colcon_core.package_identification:_identify(results/runs/20260910_143717_icp_pose_graph_tfm-bag-00) by extension 'ignore_ament_install'
[0.193s] Level 1:colcon.colcon_core.package_identification:_identify(results/runs/20260910_143717_icp_pose_graph_tfm-bag-00) by extensions ['colcon_pkg']
[0.193s] Level 1:colcon.colcon_core.package_identification:_identify(results/runs/20260910_143717_icp_pose_graph_tfm-bag-00) by extension 'colcon_pkg'
[0.193s] Level 1:colcon.colcon_core.package_identification:_identify(results/runs/20260910_143717_icp_pose_graph_tfm-bag-00) by extensions ['colcon_meta']
[0.193s] Level 1:colcon.colcon_core.package_identification:_identify(results/runs/20260910_143717_icp_pose_graph_tfm-bag-00) by extension 'colcon_meta'
[0.193s] Level 1:colcon.colcon_core.package_identification:_identify(results/runs/20260910_143717_icp_pose_graph_tfm-bag-00) by extensions ['ros']
[0.193s] Level 1:colcon.colcon_core.package_identification:_identify(results/runs/20260910_143717_icp_pose_graph_tfm-bag-00) by extension 'ros'
[0.193s] Level 1:colcon.colcon_core.package_identification:_identify(results/runs/20260910_143717_icp_pose_graph_tfm-bag-00) by extensions ['cmake', 'python']
[0.193s] Level 1:colcon.colcon_core.package_identification:_identify(results/runs/20260910_143717_icp_pose_graph_tfm-bag-00) by extension 'cmake'
[0.193s] Level 1:colcon.colcon_core.package_identification:_identify(results/runs/20260910_143717_icp_pose_graph_tfm-bag-00) by extension 'python'
[0.193s] Level 1:colcon.colcon_core.package_identification:_identify(results/runs/20260910_143717_icp_pose_graph_tfm-bag-00) by extensions ['python_setup_py']
[0.193s] Level 1:colcon.colcon_core.package_identification:_identify(results/runs/20260910_143717_icp_pose_graph_tfm-bag-00) by extension 'python_setup_py'
[0.193s] Level 1:colcon.colcon_core.package_identification:_identify(results/runs/20260910_144847_icp_pose_graph_tfm-bag-00) by extensions ['ignore', 'ignore_ament_install']
[0.193s] Level 1:colcon.colcon_core.package_identification:_identify(results/runs/20260910_144847_icp_pose_graph_tfm-bag-00) by extension 'ignore'
[0.193s] Level 1:colcon.colcon_core.package_identification:_identify(results/runs/20260910_144847_icp_pose_graph_tfm-bag-00) by extension 'ignore_ament_install'
[0.193s] Level 1:colcon.colcon_core.package_identification:_identify(results/runs/20260910_144847_icp_pose_graph_tfm-bag-00) by extensions ['colcon_pkg']
[0.193s] Level 1:colcon.colcon_core.package_identification:_identify(results/runs/20260910_144847_icp_pose_graph_tfm-bag-00) by extension 'colcon_pkg'
[0.193s] Level 1:colcon.colcon_core.package_identification:_identify(results/runs/20260910_144847_icp_pose_graph_tfm-bag-00) by extensions ['colcon_meta']
[0.193s] Level 1:colcon.colcon_core.package_identification:_identify(results/runs/20260910_144847_icp_pose_graph_tfm-bag-00) by extension 'colcon_meta'
[0.193s] Level 1:colcon.colcon_core.package_identification:_identify(results/runs/20260910_144847_icp_pose_graph_tfm-bag-00) by extensions ['ros']
[0.193s] Level 1:colcon.colcon_core.package_identification:_identify(results/runs/20260910_144847_icp_pose_graph_tfm-bag-00) by extension 'ros'
[0.193s] Level 1:colcon.colcon_core.package_identification:_identify(results/runs/20260910_144847_icp_pose_graph_tfm-bag-00) by extensions ['cmake', 'python']
[0.193s] Level 1:colcon.colcon_core.package_identification:_identify(results/runs/20260910_144847_icp_pose_graph_tfm-bag-00) by extension 'cmake'
[0.193s] Level 1:colcon.colcon_core.package_identification:_identify(results/runs/20260910_144847_icp_pose_graph_tfm-bag-00) by extension 'python'
[0.193s] Level 1:colcon.colcon_core.package_identification:_identify(results/runs/20260910_144847_icp_pose_graph_tfm-bag-00) by extensions ['python_setup_py']
[0.193s] Level 1:colcon.colcon_core.package_identification:_identify(results/runs/20260910_144847_icp_pose_graph_tfm-bag-00) by extension 'python_setup_py'
[0.193s] Level 1:colcon.colcon_core.package_identification:_identify(results/runs/20260910_145520_icp_pose_graph_tfm-bag-00) by extensions ['ignore', 'ignore_ament_install']
[0.193s] Level 1:colcon.colcon_core.package_identification:_identify(results/runs/20260910_145520_icp_pose_graph_tfm-bag-00) by extension 'ignore'
[0.194s] Level 1:colcon.colcon_core.package_identification:_identify(results/runs/20260910_145520_icp_pose_graph_tfm-bag-00) by extension 'ignore_ament_install'
[0.194s] Level 1:colcon.colcon_core.package_identification:_identify(results/runs/20260910_145520_icp_pose_graph_tfm-bag-00) by extensions ['colcon_pkg']
[0.194s] Level 1:colcon.colcon_core.package_identification:_identify(results/runs/20260910_145520_icp_pose_graph_tfm-bag-00) by extension 'colcon_pkg'
[0.194s] Level 1:colcon.colcon_core.package_identification:_identify(results/runs/20260910_145520_icp_pose_graph_tfm-bag-00) by extensions ['colcon_meta']
[0.194s] Level 1:colcon.colcon_core.package_identification:_identify(results/runs/20260910_145520_icp_pose_graph_tfm-bag-00) by extension 'colcon_meta'
[0.194s] Level 1:colcon.colcon_core.package_identification:_identify(results/runs/20260910_145520_icp_pose_graph_tfm-bag-00) by extensions ['ros']
[0.194s] Level 1:colcon.colcon_core.package_identification:_identify(results/runs/20260910_145520_icp_pose_graph_tfm-bag-00) by extension 'ros'
[0.194s] Level 1:colcon.colcon_core.package_identification:_identify(results/runs/20260910_145520_icp_pose_graph_tfm-bag-00) by extensions ['cmake', 'python']
[0.194s] Level 1:colcon.colcon_core.package_identification:_identify(results/runs/20260910_145520_icp_pose_graph_tfm-bag-00) by extension 'cmake'
[0.194s] Level 1:colcon.colcon_core.package_identification:_identify(results/runs/20260910_145520_icp_pose_graph_tfm-bag-00) by extension 'python'
[0.194s] Level 1:colcon.colcon_core.package_identification:_identify(results/runs/20260910_145520_icp_pose_graph_tfm-bag-00) by extensions ['python_setup_py']
[0.194s] Level 1:colcon.colcon_core.package_identification:_identify(results/runs/20260910_145520_icp_pose_graph_tfm-bag-00) by extension 'python_setup_py'
[0.194s] Level 1:colcon.colcon_core.package_identification:_identify(results/runs/20260910_150207_icp_pose_graph_tfm-bag-00) by extensions ['ignore', 'ignore_ament_install']
[0.194s] Level 1:colcon.colcon_core.package_identification:_identify(results/runs/20260910_150207_icp_pose_graph_tfm-bag-00) by extension 'ignore'
[0.194s] Level 1:colcon.colcon_core.package_identification:_identify(results/runs/20260910_150207_icp_pose_graph_tfm-bag-00) by extension 'ignore_ament_install'
[0.194s] Level 1:colcon.colcon_core.package_identification:_identify(results/runs/20260910_150207_icp_pose_graph_tfm-bag-00) by extensions ['colcon_pkg']
[0.194s] Level 1:colcon.colcon_core.package_identification:_identify(results/runs/20260910_150207_icp_pose_graph_tfm-bag-00) by extension 'colcon_pkg'
[0.194s] Level 1:colcon.colcon_core.package_identification:_identify(results/runs/20260910_150207_icp_pose_graph_tfm-bag-00) by extensions ['colcon_meta']
[0.194s] Level 1:colcon.colcon_core.package_identification:_identify(results/runs/20260910_150207_icp_pose_graph_tfm-bag-00) by extension 'colcon_meta'
[0.194s] Level 1:colcon.colcon_core.package_identification:_identify(results/runs/20260910_150207_icp_pose_graph_tfm-bag-00) by extensions ['ros']
[0.194s] Level 1:colcon.colcon_core.package_identification:_identify(results/runs/20260910_150207_icp_pose_graph_tfm-bag-00) by extension 'ros'
[0.194s] Level 1:colcon.colcon_core.package_identification:_identify(results/runs/20260910_150207_icp_pose_graph_tfm-bag-00) by extensions ['cmake', 'python']
[0.194s] Level 1:colcon.colcon_core.package_identification:_identify(results/runs/20260910_150207_icp_pose_graph_tfm-bag-00) by extension 'cmake'
[0.194s] Level 1:colcon.colcon_core.package_identification:_identify(results/runs/20260910_150207_icp_pose_graph_tfm-bag-00) by extension 'python'
[0.194s] Level 1:colcon.colcon_core.package_identification:_identify(results/runs/20260910_150207_icp_pose_graph_tfm-bag-00) by extensions ['python_setup_py']
[0.194s] Level 1:colcon.colcon_core.package_identification:_identify(results/runs/20260910_150207_icp_pose_graph_tfm-bag-00) by extension 'python_setup_py'
[0.194s] Level 1:colcon.colcon_core.package_identification:_identify(results/runs/20260910_151240_icp_pose_graph_tfm-bag-00) by extensions ['ignore', 'ignore_ament_install']
[0.194s] Level 1:colcon.colcon_core.package_identification:_identify(results/runs/20260910_151240_icp_pose_graph_tfm-bag-00) by extension 'ignore'
[0.194s] Level 1:colcon.colcon_core.package_identification:_identify(results/runs/20260910_151240_icp_pose_graph_tfm-bag-00) by extension 'ignore_ament_install'
[0.194s] Level 1:colcon.colcon_core.package_identification:_identify(results/runs/20260910_151240_icp_pose_graph_tfm-bag-00) by extensions ['colcon_pkg']
[0.194s] Level 1:colcon.colcon_core.package_identification:_identify(results/runs/20260910_151240_icp_pose_graph_tfm-bag-00) by extension 'colcon_pkg'
[0.194s] Level 1:colcon.colcon_core.package_identification:_identify(results/runs/20260910_151240_icp_pose_graph_tfm-bag-00) by extensions ['colcon_meta']
[0.195s] Level 1:colcon.colcon_core.package_identification:_identify(results/runs/20260910_151240_icp_pose_graph_tfm-bag-00) by extension 'colcon_meta'
[0.195s] Level 1:colcon.colcon_core.package_identification:_identify(results/runs/20260910_151240_icp_pose_graph_tfm-bag-00) by extensions ['ros']
[0.195s] Level 1:colcon.colcon_core.package_identification:_identify(results/runs/20260910_151240_icp_pose_graph_tfm-bag-00) by extension 'ros'
[0.195s] Level 1:colcon.colcon_core.package_identification:_identify(results/runs/20260910_151240_icp_pose_graph_tfm-bag-00) by extensions ['cmake', 'python']
[0.195s] Level 1:colcon.colcon_core.package_identification:_identify(results/runs/20260910_151240_icp_pose_graph_tfm-bag-00) by extension 'cmake'
[0.195s] Level 1:colcon.colcon_core.package_identification:_identify(results/runs/20260910_151240_icp_pose_graph_tfm-bag-00) by extension 'python'
[0.195s] Level 1:colcon.colcon_core.package_identification:_identify(results/runs/20260910_151240_icp_pose_graph_tfm-bag-00) by extensions ['python_setup_py']
[0.195s] Level 1:colcon.colcon_core.package_identification:_identify(results/runs/20260910_151240_icp_pose_graph_tfm-bag-00) by extension 'python_setup_py'
[0.195s] Level 1:colcon.colcon_core.package_identification:_identify(results/runs/20260910_152226_icp_pose_graph_tfm-bag-00) by extensions ['ignore', 'ignore_ament_install']
[0.195s] Level 1:colcon.colcon_core.package_identification:_identify(results/runs/20260910_152226_icp_pose_graph_tfm-bag-00) by extension 'ignore'
[0.195s] Level 1:colcon.colcon_core.package_identification:_identify(results/runs/20260910_152226_icp_pose_graph_tfm-bag-00) by extension 'ignore_ament_install'
[0.195s] Level 1:colcon.colcon_core.package_identification:_identify(results/runs/20260910_152226_icp_pose_graph_tfm-bag-00) by extensions ['colcon_pkg']
[0.195s] Level 1:colcon.colcon_core.package_identification:_identify(results/runs/20260910_152226_icp_pose_graph_tfm-bag-00) by extension 'colcon_pkg'
[0.195s] Level 1:colcon.colcon_core.package_identification:_identify(results/runs/20260910_152226_icp_pose_graph_tfm-bag-00) by extensions ['colcon_meta']
[0.195s] Level 1:colcon.colcon_core.package_identification:_identify(results/runs/20260910_152226_icp_pose_graph_tfm-bag-00) by extension 'colcon_meta'
[0.195s] Level 1:colcon.colcon_core.package_identification:_identify(results/runs/20260910_152226_icp_pose_graph_tfm-bag-00) by extensions ['ros']
[0.195s] Level 1:colcon.colcon_core.package_identification:_identify(results/runs/20260910_152226_icp_pose_graph_tfm-bag-00) by extension 'ros'
[0.195s] Level 1:colcon.colcon_core.package_identification:_identify(results/runs/20260910_152226_icp_pose_graph_tfm-bag-00) by extensions ['cmake', 'python']
[0.195s] Level 1:colcon.colcon_core.package_identification:_identify(results/runs/20260910_152226_icp_pose_graph_tfm-bag-00) by extension 'cmake'
[0.195s] Level 1:colcon.colcon_core.package_identification:_identify(results/runs/20260910_152226_icp_pose_graph_tfm-bag-00) by extension 'python'
[0.195s] Level 1:colcon.colcon_core.package_identification:_identify(results/runs/20260910_152226_icp_pose_graph_tfm-bag-00) by extensions ['python_setup_py']
[0.195s] Level 1:colcon.colcon_core.package_identification:_identify(results/runs/20260910_152226_icp_pose_graph_tfm-bag-00) by extension 'python_setup_py'
[0.195s] Level 1:colcon.colcon_core.package_identification:_identify(results/runs/20260910_153844_icp_pose_graph_tfm-bag-00) by extensions ['ignore', 'ignore_ament_install']
[0.195s] Level 1:colcon.colcon_core.package_identification:_identify(results/runs/20260910_153844_icp_pose_graph_tfm-bag-00) by extension 'ignore'
[0.195s] Level 1:colcon.colcon_core.package_identification:_identify(results/runs/20260910_153844_icp_pose_graph_tfm-bag-00) by extension 'ignore_ament_install'
[0.195s] Level 1:colcon.colcon_core.package_identification:_identify(results/runs/20260910_153844_icp_pose_graph_tfm-bag-00) by extensions ['colcon_pkg']
[0.195s] Level 1:colcon.colcon_core.package_identification:_identify(results/runs/20260910_153844_icp_pose_graph_tfm-bag-00) by extension 'colcon_pkg'
[0.195s] Level 1:colcon.colcon_core.package_identification:_identify(results/runs/20260910_153844_icp_pose_graph_tfm-bag-00) by extensions ['colcon_meta']
[0.195s] Level 1:colcon.colcon_core.package_identification:_identify(results/runs/20260910_153844_icp_pose_graph_tfm-bag-00) by extension 'colcon_meta'
[0.195s] Level 1:colcon.colcon_core.package_identification:_identify(results/runs/20260910_153844_icp_pose_graph_tfm-bag-00) by extensions ['ros']
[0.195s] Level 1:colcon.colcon_core.package_identification:_identify(results/runs/20260910_153844_icp_pose_graph_tfm-bag-00) by extension 'ros'
[0.195s] Level 1:colcon.colcon_core.package_identification:_identify(results/runs/20260910_153844_icp_pose_graph_tfm-bag-00) by extensions ['cmake', 'python']
[0.195s] Level 1:colcon.colcon_core.package_identification:_identify(results/runs/20260910_153844_icp_pose_graph_tfm-bag-00) by extension 'cmake'
[0.195s] Level 1:colcon.colcon_core.package_identification:_identify(results/runs/20260910_153844_icp_pose_graph_tfm-bag-00) by extension 'python'
[0.196s] Level 1:colcon.colcon_core.package_identification:_identify(results/runs/20260910_153844_icp_pose_graph_tfm-bag-00) by extensions ['python_setup_py']
[0.196s] Level 1:colcon.colcon_core.package_identification:_identify(results/runs/20260910_153844_icp_pose_graph_tfm-bag-00) by extension 'python_setup_py'
[0.196s] Level 1:colcon.colcon_core.package_identification:_identify(results/runs/20260910_155629_kiss_icp_pose_graph_tfm-bag-00) by extensions ['ignore', 'ignore_ament_install']
[0.196s] Level 1:colcon.colcon_core.package_identification:_identify(results/runs/20260910_155629_kiss_icp_pose_graph_tfm-bag-00) by extension 'ignore'
[0.196s] Level 1:colcon.colcon_core.package_identification:_identify(results/runs/20260910_155629_kiss_icp_pose_graph_tfm-bag-00) by extension 'ignore_ament_install'
[0.196s] Level 1:colcon.colcon_core.package_identification:_identify(results/runs/20260910_155629_kiss_icp_pose_graph_tfm-bag-00) by extensions ['colcon_pkg']
[0.196s] Level 1:colcon.colcon_core.package_identification:_identify(results/runs/20260910_155629_kiss_icp_pose_graph_tfm-bag-00) by extension 'colcon_pkg'
[0.196s] Level 1:colcon.colcon_core.package_identification:_identify(results/runs/20260910_155629_kiss_icp_pose_graph_tfm-bag-00) by extensions ['colcon_meta']
[0.196s] Level 1:colcon.colcon_core.package_identification:_identify(results/runs/20260910_155629_kiss_icp_pose_graph_tfm-bag-00) by extension 'colcon_meta'
[0.196s] Level 1:colcon.colcon_core.package_identification:_identify(results/runs/20260910_155629_kiss_icp_pose_graph_tfm-bag-00) by extensions ['ros']
[0.196s] Level 1:colcon.colcon_core.package_identification:_identify(results/runs/20260910_155629_kiss_icp_pose_graph_tfm-bag-00) by extension 'ros'
[0.196s] Level 1:colcon.colcon_core.package_identification:_identify(results/runs/20260910_155629_kiss_icp_pose_graph_tfm-bag-00) by extensions ['cmake', 'python']
[0.196s] Level 1:colcon.colcon_core.package_identification:_identify(results/runs/20260910_155629_kiss_icp_pose_graph_tfm-bag-00) by extension 'cmake'
[0.196s] Level 1:colcon.colcon_core.package_identification:_identify(results/runs/20260910_155629_kiss_icp_pose_graph_tfm-bag-00) by extension 'python'
[0.196s] Level 1:colcon.colcon_core.package_identification:_identify(results/runs/20260910_155629_kiss_icp_pose_graph_tfm-bag-00) by extensions ['python_setup_py']
[0.196s] Level 1:colcon.colcon_core.package_identification:_identify(results/runs/20260910_155629_kiss_icp_pose_graph_tfm-bag-00) by extension 'python_setup_py'
[0.196s] Level 1:colcon.colcon_core.package_identification:_identify(results/runs/20260910_155900_kiss_icp_pose_graph_tfm-bag-00) by extensions ['ignore', 'ignore_ament_install']
[0.196s] Level 1:colcon.colcon_core.package_identification:_identify(results/runs/20260910_155900_kiss_icp_pose_graph_tfm-bag-00) by extension 'ignore'
[0.196s] Level 1:colcon.colcon_core.package_identification:_identify(results/runs/20260910_155900_kiss_icp_pose_graph_tfm-bag-00) by extension 'ignore_ament_install'
[0.196s] Level 1:colcon.colcon_core.package_identification:_identify(results/runs/20260910_155900_kiss_icp_pose_graph_tfm-bag-00) by extensions ['colcon_pkg']
[0.196s] Level 1:colcon.colcon_core.package_identification:_identify(results/runs/20260910_155900_kiss_icp_pose_graph_tfm-bag-00) by extension 'colcon_pkg'
[0.196s] Level 1:colcon.colcon_core.package_identification:_identify(results/runs/20260910_155900_kiss_icp_pose_graph_tfm-bag-00) by extensions ['colcon_meta']
[0.196s] Level 1:colcon.colcon_core.package_identification:_identify(results/runs/20260910_155900_kiss_icp_pose_graph_tfm-bag-00) by extension 'colcon_meta'
[0.196s] Level 1:colcon.colcon_core.package_identification:_identify(results/runs/20260910_155900_kiss_icp_pose_graph_tfm-bag-00) by extensions ['ros']
[0.196s] Level 1:colcon.colcon_core.package_identification:_identify(results/runs/20260910_155900_kiss_icp_pose_graph_tfm-bag-00) by extension 'ros'
[0.196s] Level 1:colcon.colcon_core.package_identification:_identify(results/runs/20260910_155900_kiss_icp_pose_graph_tfm-bag-00) by extensions ['cmake', 'python']
[0.196s] Level 1:colcon.colcon_core.package_identification:_identify(results/runs/20260910_155900_kiss_icp_pose_graph_tfm-bag-00) by extension 'cmake'
[0.196s] Level 1:colcon.colcon_core.package_identification:_identify(results/runs/20260910_155900_kiss_icp_pose_graph_tfm-bag-00) by extension 'python'
[0.196s] Level 1:colcon.colcon_core.package_identification:_identify(results/runs/20260910_155900_kiss_icp_pose_graph_tfm-bag-00) by extensions ['python_setup_py']
[0.196s] Level 1:colcon.colcon_core.package_identification:_identify(results/runs/20260910_155900_kiss_icp_pose_graph_tfm-bag-00) by extension 'python_setup_py'
[0.196s] Level 1:colcon.colcon_core.package_identification:_identify(results/runs/20260910_160315_kiss_icp_pose_graph_tfm-bag-00) by extensions ['ignore', 'ignore_ament_install']
[0.196s] Level 1:colcon.colcon_core.package_identification:_identify(results/runs/20260910_160315_kiss_icp_pose_graph_tfm-bag-00) by extension 'ignore'
[0.197s] Level 1:colcon.colcon_core.package_identification:_identify(results/runs/20260910_160315_kiss_icp_pose_graph_tfm-bag-00) by extension 'ignore_ament_install'
[0.197s] Level 1:colcon.colcon_core.package_identification:_identify(results/runs/20260910_160315_kiss_icp_pose_graph_tfm-bag-00) by extensions ['colcon_pkg']
[0.197s] Level 1:colcon.colcon_core.package_identification:_identify(results/runs/20260910_160315_kiss_icp_pose_graph_tfm-bag-00) by extension 'colcon_pkg'
[0.197s] Level 1:colcon.colcon_core.package_identification:_identify(results/runs/20260910_160315_kiss_icp_pose_graph_tfm-bag-00) by extensions ['colcon_meta']
[0.197s] Level 1:colcon.colcon_core.package_identification:_identify(results/runs/20260910_160315_kiss_icp_pose_graph_tfm-bag-00) by extension 'colcon_meta'
[0.197s] Level 1:colcon.colcon_core.package_identification:_identify(results/runs/20260910_160315_kiss_icp_pose_graph_tfm-bag-00) by extensions ['ros']
[0.197s] Level 1:colcon.colcon_core.package_identification:_identify(results/runs/20260910_160315_kiss_icp_pose_graph_tfm-bag-00) by extension 'ros'
[0.197s] Level 1:colcon.colcon_core.package_identification:_identify(results/runs/20260910_160315_kiss_icp_pose_graph_tfm-bag-00) by extensions ['cmake', 'python']
[0.197s] Level 1:colcon.colcon_core.package_identification:_identify(results/runs/20260910_160315_kiss_icp_pose_graph_tfm-bag-00) by extension 'cmake'
[0.197s] Level 1:colcon.colcon_core.package_identification:_identify(results/runs/20260910_160315_kiss_icp_pose_graph_tfm-bag-00) by extension 'python'
[0.197s] Level 1:colcon.colcon_core.package_identification:_identify(results/runs/20260910_160315_kiss_icp_pose_graph_tfm-bag-00) by extensions ['python_setup_py']
[0.197s] Level 1:colcon.colcon_core.package_identification:_identify(results/runs/20260910_160315_kiss_icp_pose_graph_tfm-bag-00) by extension 'python_setup_py'
[0.197s] Level 1:colcon.colcon_core.package_identification:_identify(results/runs/20260910_160521_kiss_icp_pose_graph_tfm-bag-00) by extensions ['ignore', 'ignore_ament_install']
[0.197s] Level 1:colcon.colcon_core.package_identification:_identify(results/runs/20260910_160521_kiss_icp_pose_graph_tfm-bag-00) by extension 'ignore'
[0.197s] Level 1:colcon.colcon_core.package_identification:_identify(results/runs/20260910_160521_kiss_icp_pose_graph_tfm-bag-00) by extension 'ignore_ament_install'
[0.197s] Level 1:colcon.colcon_core.package_identification:_identify(results/runs/20260910_160521_kiss_icp_pose_graph_tfm-bag-00) by extensions ['colcon_pkg']
[0.197s] Level 1:colcon.colcon_core.package_identification:_identify(results/runs/20260910_160521_kiss_icp_pose_graph_tfm-bag-00) by extension 'colcon_pkg'
[0.197s] Level 1:colcon.colcon_core.package_identification:_identify(results/runs/20260910_160521_kiss_icp_pose_graph_tfm-bag-00) by extensions ['colcon_meta']
[0.197s] Level 1:colcon.colcon_core.package_identification:_identify(results/runs/20260910_160521_kiss_icp_pose_graph_tfm-bag-00) by extension 'colcon_meta'
[0.197s] Level 1:colcon.colcon_core.package_identification:_identify(results/runs/20260910_160521_kiss_icp_pose_graph_tfm-bag-00) by extensions ['ros']
[0.197s] Level 1:colcon.colcon_core.package_identification:_identify(results/runs/20260910_160521_kiss_icp_pose_graph_tfm-bag-00) by extension 'ros'
[0.197s] Level 1:colcon.colcon_core.package_identification:_identify(results/runs/20260910_160521_kiss_icp_pose_graph_tfm-bag-00) by extensions ['cmake', 'python']
[0.197s] Level 1:colcon.colcon_core.package_identification:_identify(results/runs/20260910_160521_kiss_icp_pose_graph_tfm-bag-00) by extension 'cmake'
[0.197s] Level 1:colcon.colcon_core.package_identification:_identify(results/runs/20260910_160521_kiss_icp_pose_graph_tfm-bag-00) by extension 'python'
[0.197s] Level 1:colcon.colcon_core.package_identification:_identify(results/runs/20260910_160521_kiss_icp_pose_graph_tfm-bag-00) by extensions ['python_setup_py']
[0.197s] Level 1:colcon.colcon_core.package_identification:_identify(results/runs/20260910_160521_kiss_icp_pose_graph_tfm-bag-00) by extension 'python_setup_py'
[0.197s] Level 1:colcon.colcon_core.package_identification:_identify(results/runs/20260910_163600_kiss_icp_pose_graph_tfm-bag-00) by extensions ['ignore', 'ignore_ament_install']
[0.197s] Level 1:colcon.colcon_core.package_identification:_identify(results/runs/20260910_163600_kiss_icp_pose_graph_tfm-bag-00) by extension 'ignore'
[0.197s] Level 1:colcon.colcon_core.package_identification:_identify(results/runs/20260910_163600_kiss_icp_pose_graph_tfm-bag-00) by extension 'ignore_ament_install'
[0.197s] Level 1:colcon.colcon_core.package_identification:_identify(results/runs/20260910_163600_kiss_icp_pose_graph_tfm-bag-00) by extensions ['colcon_pkg']
[0.197s] Level 1:colcon.colcon_core.package_identification:_identify(results/runs/20260910_163600_kiss_icp_pose_graph_tfm-bag-00) by extension 'colcon_pkg'
[0.197s] Level 1:colcon.colcon_core.package_identification:_identify(results/runs/20260910_163600_kiss_icp_pose_graph_tfm-bag-00) by extensions ['colcon_meta']
[0.197s] Level 1:colcon.colcon_core.package_identification:_identify(results/runs/20260910_163600_kiss_icp_pose_graph_tfm-bag-00) by extension 'colcon_meta'
[0.197s] Level 1:colcon.colcon_core.package_identification:_identify(results/runs/20260910_163600_kiss_icp_pose_graph_tfm-bag-00) by extensions ['ros']
[0.198s] Level 1:colcon.colcon_core.package_identification:_identify(results/runs/20260910_163600_kiss_icp_pose_graph_tfm-bag-00) by extension 'ros'
[0.198s] Level 1:colcon.colcon_core.package_identification:_identify(results/runs/20260910_163600_kiss_icp_pose_graph_tfm-bag-00) by extensions ['cmake', 'python']
[0.198s] Level 1:colcon.colcon_core.package_identification:_identify(results/runs/20260910_163600_kiss_icp_pose_graph_tfm-bag-00) by extension 'cmake'
[0.198s] Level 1:colcon.colcon_core.package_identification:_identify(results/runs/20260910_163600_kiss_icp_pose_graph_tfm-bag-00) by extension 'python'
[0.198s] Level 1:colcon.colcon_core.package_identification:_identify(results/runs/20260910_163600_kiss_icp_pose_graph_tfm-bag-00) by extensions ['python_setup_py']
[0.198s] Level 1:colcon.colcon_core.package_identification:_identify(results/runs/20260910_163600_kiss_icp_pose_graph_tfm-bag-00) by extension 'python_setup_py'
[0.198s] Level 1:colcon.colcon_core.package_identification:_identify(scripts) by extensions ['ignore', 'ignore_ament_install']
[0.198s] Level 1:colcon.colcon_core.package_identification:_identify(scripts) by extension 'ignore'
[0.198s] Level 1:colcon.colcon_core.package_identification:_identify(scripts) by extension 'ignore_ament_install'
[0.198s] Level 1:colcon.colcon_core.package_identification:_identify(scripts) by extensions ['colcon_pkg']
[0.198s] Level 1:colcon.colcon_core.package_identification:_identify(scripts) by extension 'colcon_pkg'
[0.198s] Level 1:colcon.colcon_core.package_identification:_identify(scripts) by extensions ['colcon_meta']
[0.198s] Level 1:colcon.colcon_core.package_identification:_identify(scripts) by extension 'colcon_meta'
[0.198s] Level 1:colcon.colcon_core.package_identification:_identify(scripts) by extensions ['ros']
[0.198s] Level 1:colcon.colcon_core.package_identification:_identify(scripts) by extension 'ros'
[0.198s] Level 1:colcon.colcon_core.package_identification:_identify(scripts) by extensions ['cmake', 'python']
[0.198s] Level 1:colcon.colcon_core.package_identification:_identify(scripts) by extension 'cmake'
[0.198s] Level 1:colcon.colcon_core.package_identification:_identify(scripts) by extension 'python'
[0.198s] Level 1:colcon.colcon_core.package_identification:_identify(scripts) by extensions ['python_setup_py']
[0.198s] Level 1:colcon.colcon_core.package_identification:_identify(scripts) by extension 'python_setup_py'
[0.198s] Level 1:colcon.colcon_core.package_identification:_identify(src) by extensions ['ignore', 'ignore_ament_install']
[0.198s] Level 1:colcon.colcon_core.package_identification:_identify(src) by extension 'ignore'
[0.198s] Level 1:colcon.colcon_core.package_identification:_identify(src) by extension 'ignore_ament_install'
[0.198s] Level 1:colcon.colcon_core.package_identification:_identify(src) by extensions ['colcon_pkg']
[0.198s] Level 1:colcon.colcon_core.package_identification:_identify(src) by extension 'colcon_pkg'
[0.198s] Level 1:colcon.colcon_core.package_identification:_identify(src) by extensions ['colcon_meta']
[0.198s] Level 1:colcon.colcon_core.package_identification:_identify(src) by extension 'colcon_meta'
[0.198s] Level 1:colcon.colcon_core.package_identification:_identify(src) by extensions ['ros']
[0.198s] Level 1:colcon.colcon_core.package_identification:_identify(src) by extension 'ros'
[0.198s] Level 1:colcon.colcon_core.package_identification:_identify(src) by extensions ['cmake', 'python']
[0.198s] Level 1:colcon.colcon_core.package_identification:_identify(src) by extension 'cmake'
[0.198s] Level 1:colcon.colcon_core.package_identification:_identify(src) by extension 'python'
[0.199s] Level 1:colcon.colcon_core.package_identification:_identify(src) by extensions ['python_setup_py']
[0.199s] Level 1:colcon.colcon_core.package_identification:_identify(src) by extension 'python_setup_py'
[0.199s] Level 1:colcon.colcon_core.package_identification:_identify(src/FAST_LIO) by extensions ['ignore', 'ignore_ament_install']
[0.199s] Level 1:colcon.colcon_core.package_identification:_identify(src/FAST_LIO) by extension 'ignore'
[0.199s] Level 1:colcon.colcon_core.package_identification:_identify(src/FAST_LIO) by extension 'ignore_ament_install'
[0.199s] Level 1:colcon.colcon_core.package_identification:_identify(src/FAST_LIO) by extensions ['colcon_pkg']
[0.199s] Level 1:colcon.colcon_core.package_identification:_identify(src/FAST_LIO) by extension 'colcon_pkg'
[0.199s] Level 1:colcon.colcon_core.package_identification:_identify(src/FAST_LIO) by extensions ['colcon_meta']
[0.199s] Level 1:colcon.colcon_core.package_identification:_identify(src/FAST_LIO) by extension 'colcon_meta'
[0.199s] Level 1:colcon.colcon_core.package_identification:_identify(src/FAST_LIO) by extensions ['ros']
[0.199s] Level 1:colcon.colcon_core.package_identification:_identify(src/FAST_LIO) by extension 'ros'
[0.201s] DEBUG:colcon.colcon_core.package_identification:Package 'src/FAST_LIO' with type 'ros.ament_cmake' and name 'fast_lio'
[0.201s] Level 1:colcon.colcon_core.package_identification:_identify(src/g1_lidar_odometry) by extensions ['ignore', 'ignore_ament_install']
[0.201s] Level 1:colcon.colcon_core.package_identification:_identify(src/g1_lidar_odometry) by extension 'ignore'
[0.201s] Level 1:colcon.colcon_core.package_identification:_identify(src/g1_lidar_odometry) by extension 'ignore_ament_install'
[0.201s] Level 1:colcon.colcon_core.package_identification:_identify(src/g1_lidar_odometry) by extensions ['colcon_pkg']
[0.201s] Level 1:colcon.colcon_core.package_identification:_identify(src/g1_lidar_odometry) by extension 'colcon_pkg'
[0.201s] Level 1:colcon.colcon_core.package_identification:_identify(src/g1_lidar_odometry) by extensions ['colcon_meta']
[0.201s] Level 1:colcon.colcon_core.package_identification:_identify(src/g1_lidar_odometry) by extension 'colcon_meta'
[0.201s] Level 1:colcon.colcon_core.package_identification:_identify(src/g1_lidar_odometry) by extensions ['ros']
[0.201s] Level 1:colcon.colcon_core.package_identification:_identify(src/g1_lidar_odometry) by extension 'ros'
[0.202s] DEBUG:colcon.colcon_core.package_identification:Package 'src/g1_lidar_odometry' with type 'ros.ament_python' and name 'g1_lidar_odometry'
[0.202s] Level 1:colcon.colcon_core.package_identification:_identify(src/kiss-icp) by extensions ['ignore', 'ignore_ament_install']
[0.202s] Level 1:colcon.colcon_core.package_identification:_identify(src/kiss-icp) by extension 'ignore'
[0.202s] Level 1:colcon.colcon_core.package_identification:_identify(src/kiss-icp) by extension 'ignore_ament_install'
[0.202s] Level 1:colcon.colcon_core.package_identification:_identify(src/kiss-icp) by extensions ['colcon_pkg']
[0.202s] Level 1:colcon.colcon_core.package_identification:_identify(src/kiss-icp) by extension 'colcon_pkg'
[0.202s] Level 1:colcon.colcon_core.package_identification:_identify(src/kiss-icp) by extensions ['colcon_meta']
[0.202s] Level 1:colcon.colcon_core.package_identification:_identify(src/kiss-icp) by extension 'colcon_meta'
[0.202s] Level 1:colcon.colcon_core.package_identification:_identify(src/kiss-icp) by extensions ['ros']
[0.202s] Level 1:colcon.colcon_core.package_identification:_identify(src/kiss-icp) by extension 'ros'
[0.202s] Level 1:colcon.colcon_core.package_identification:_identify(src/kiss-icp) by extensions ['cmake', 'python']
[0.202s] Level 1:colcon.colcon_core.package_identification:_identify(src/kiss-icp) by extension 'cmake'
[0.202s] Level 1:colcon.colcon_core.package_identification:_identify(src/kiss-icp) by extension 'python'
[0.202s] Level 1:colcon.colcon_core.package_identification:_identify(src/kiss-icp) by extensions ['python_setup_py']
[0.202s] Level 1:colcon.colcon_core.package_identification:_identify(src/kiss-icp) by extension 'python_setup_py'
[0.202s] Level 1:colcon.colcon_core.package_identification:_identify(src/kiss-icp/cpp) by extensions ['ignore', 'ignore_ament_install']
[0.202s] Level 1:colcon.colcon_core.package_identification:_identify(src/kiss-icp/cpp) by extension 'ignore'
[0.202s] Level 1:colcon.colcon_core.package_identification:_identify(src/kiss-icp/cpp) ignored
[0.202s] Level 1:colcon.colcon_core.package_identification:_identify(src/kiss-icp/ros) by extensions ['ignore', 'ignore_ament_install']
[0.202s] Level 1:colcon.colcon_core.package_identification:_identify(src/kiss-icp/ros) by extension 'ignore'
[0.203s] Level 1:colcon.colcon_core.package_identification:_identify(src/kiss-icp/ros) by extension 'ignore_ament_install'
[0.203s] Level 1:colcon.colcon_core.package_identification:_identify(src/kiss-icp/ros) by extensions ['colcon_pkg']
[0.203s] Level 1:colcon.colcon_core.package_identification:_identify(src/kiss-icp/ros) by extension 'colcon_pkg'
[0.203s] Level 1:colcon.colcon_core.package_identification:_identify(src/kiss-icp/ros) by extensions ['colcon_meta']
[0.203s] Level 1:colcon.colcon_core.package_identification:_identify(src/kiss-icp/ros) by extension 'colcon_meta'
[0.203s] Level 1:colcon.colcon_core.package_identification:_identify(src/kiss-icp/ros) by extensions ['ros']
[0.203s] Level 1:colcon.colcon_core.package_identification:_identify(src/kiss-icp/ros) by extension 'ros'
[0.204s] DEBUG:colcon.colcon_core.package_identification:Package 'src/kiss-icp/ros' with type 'ros.ament_cmake' and name 'kiss_icp'
[0.204s] Level 1:colcon.colcon_core.package_identification:_identify(src/livox_ros_driver2_interfaces_shim) by extensions ['ignore', 'ignore_ament_install']
[0.204s] Level 1:colcon.colcon_core.package_identification:_identify(src/livox_ros_driver2_interfaces_shim) by extension 'ignore'
[0.204s] Level 1:colcon.colcon_core.package_identification:_identify(src/livox_ros_driver2_interfaces_shim) by extension 'ignore_ament_install'
[0.204s] Level 1:colcon.colcon_core.package_identification:_identify(src/livox_ros_driver2_interfaces_shim) by extensions ['colcon_pkg']
[0.204s] Level 1:colcon.colcon_core.package_identification:_identify(src/livox_ros_driver2_interfaces_shim) by extension 'colcon_pkg'
[0.204s] Level 1:colcon.colcon_core.package_identification:_identify(src/livox_ros_driver2_interfaces_shim) by extensions ['colcon_meta']
[0.204s] Level 1:colcon.colcon_core.package_identification:_identify(src/livox_ros_driver2_interfaces_shim) by extension 'colcon_meta'
[0.204s] Level 1:colcon.colcon_core.package_identification:_identify(src/livox_ros_driver2_interfaces_shim) by extensions ['ros']
[0.204s] Level 1:colcon.colcon_core.package_identification:_identify(src/livox_ros_driver2_interfaces_shim) by extension 'ros'
[0.204s] DEBUG:colcon.colcon_core.package_identification:Package 'src/livox_ros_driver2_interfaces_shim' with type 'ros.ament_cmake' and name 'livox_ros_driver2'
[0.204s] Level 1:colcon.colcon_core.package_discovery:discover_packages(recursive) using defaults
[0.204s] Level 1:colcon.colcon_core.package_discovery:discover_packages(ignore) discover
[0.204s] Level 1:colcon.colcon_core.package_discovery:discover_packages(ignore) using defaults
[0.204s] Level 1:colcon.colcon_core.package_discovery:discover_packages(path) discover
[0.204s] Level 1:colcon.colcon_core.package_discovery:discover_packages(path) using defaults
