[0.007s] Invoking command in '/home/ugiviag1/Documents/TFM-Miquel_Reynes/Follower_Project/robot-internal-files/robot-slam/build/fast_lio': CMAKE_PREFIX_PATH=/home/ugiviag1/Documents/TFM-Miquel_Reynes/Follower_Project/robot-internal-files/robot-slam/install/livox_ros_driver2:/home/ugiviag1/Documents/TFM-Miquel_Reynes/Follower_Project/robot-internal-files/robot-slam/install/fast_lio:/home/ugiviag1/Documents/TFM-Miquel_Reynes/Follower_Project/robot-internal-files/robot-slam/install/kiss_icp:/home/ugiviag1/Documents/TFM-Miquel_Reynes/Follower_Project/robot-internal-files/robot-slam/install/g1_lidar_odometry:/opt/ros/humble LD_LIBRARY_PATH=/home/ugiviag1/Documents/TFM-Miquel_Reynes/Follower_Project/robot-internal-files/robot-slam/install/livox_ros_driver2/lib:/home/ugiviag1/Documents/TFM-Miquel_Reynes/Follower_Project/robot-internal-files/robot-slam/install/fast_lio/lib:/home/ugiviag1/Documents/TFM-Miquel_Reynes/Follower_Project/robot-internal-files/robot-slam/install/kiss_icp/lib:/usr/local/cuda-13.0/lib64:/usr/local/cuda-13.0/lib64:/opt/ros/humble/opt/rviz_ogre_vendor/lib:/opt/ros/humble/lib/x86_64-linux-gnu:/opt/ros/humble/lib /usr/bin/cmake /home/ugiviag1/Documents/TFM-Miquel_Reynes/Follower_Project/robot-internal-files/robot-slam/src/FAST_LIO -DCMAKE_BUILD_TYPE=Release -DAMENT_CMAKE_SYMLINK_INSTALL=1 -DCMAKE_INSTALL_PREFIX=/home/ugiviag1/Documents/TFM-Miquel_Reynes/Follower_Project/robot-internal-files/robot-slam/install/fast_lio
[0.051s] -- The C compiler identification is GNU 11.4.0
[0.091s] -- The CXX compiler identification is GNU 11.4.0
[0.096s] -- Detecting C compiler ABI info
[0.150s] -- Detecting C compiler ABI info - done
[0.154s] -- Check for working C compiler: /usr/bin/cc - skipped
[0.154s] -- Detecting C compile features
[0.154s] -- Detecting C compile features - done
[0.156s] -- Detecting CXX compiler ABI info
[0.211s] -- Detecting CXX compiler ABI info - done
[0.216s] -- Check for working CXX compiler: /usr/bin/c++ - skipped
[0.216s] -- Detecting CXX compile features
[0.216s] -- Detecting CXX compile features - done
[0.217s] [0mCurrent CPU archtecture: x86_64[0m
[0.223s] [0mProcesser number:  32[0m
[0.223s] [0mcore for MP: 3[0m
[0.482s] -- Found PythonLibs: /usr/lib/x86_64-linux-gnu/libpython3.10.so (found version "3.10.12") 
[0.483s] -- Found ament_cmake: 1.3.14 (/opt/ros/humble/share/ament_cmake/cmake)
[0.580s] -- Found Python3: /usr/bin/python3 (found version "3.10.12") found components: Interpreter 
[0.618s] -- Override CMake install command with custom implementation using symlinks instead of copying resources
[0.637s] -- Found rclcpp: 16.0.19 (/opt/ros/humble/share/rclcpp/cmake)
[0.658s] -- Found rosidl_generator_c: 3.1.8 (/opt/ros/humble/share/rosidl_generator_c/cmake)
[0.661s] -- Found rosidl_adapter: 3.1.8 (/opt/ros/humble/share/rosidl_adapter/cmake)
[0.667s] -- Found rosidl_generator_cpp: 3.1.8 (/opt/ros/humble/share/rosidl_generator_cpp/cmake)
[0.673s] -- Using all available rosidl_typesupport_c: rosidl_typesupport_fastrtps_c;rosidl_typesupport_introspection_c
[0.683s] -- Using all available rosidl_typesupport_cpp: rosidl_typesupport_fastrtps_cpp;rosidl_typesupport_introspection_cpp
[0.709s] -- Found rmw_implementation_cmake: 6.1.2 (/opt/ros/humble/share/rmw_implementation_cmake/cmake)
[0.710s] -- Found rmw_fastrtps_cpp: 6.2.10 (/opt/ros/humble/share/rmw_fastrtps_cpp/cmake)
[0.774s] -- Found OpenSSL: /usr/lib/x86_64-linux-gnu/libcrypto.so (found version "3.0.2")  
[0.792s] -- Found FastRTPS: /opt/ros/humble/include  
[0.821s] -- Using RMW implementation 'rmw_fastrtps_cpp' as default
[0.831s] -- Looking for pthread.h
[0.886s] -- Looking for pthread.h - found
[0.886s] -- Performing Test CMAKE_HAVE_LIBC_PTHREAD
[0.943s] -- Performing Test CMAKE_HAVE_LIBC_PTHREAD - Success
[0.944s] -- Found Threads: TRUE  
[0.975s] -- Found rclcpp_components: 16.0.19 (/opt/ros/humble/share/rclcpp_components/cmake)
[0.991s] -- Found geometry_msgs: 4.9.1 (/opt/ros/humble/share/geometry_msgs/cmake)
[0.998s] -- Found nav_msgs: 4.9.1 (/opt/ros/humble/share/nav_msgs/cmake)
[1.007s] -- Found sensor_msgs: 4.9.1 (/opt/ros/humble/share/sensor_msgs/cmake)
[1.017s] -- Found std_srvs: 4.9.1 (/opt/ros/humble/share/std_srvs/cmake)
[1.024s] -- Found visualization_msgs: 4.9.1 (/opt/ros/humble/share/visualization_msgs/cmake)
[1.039s] -- Found pcl_ros: 2.4.5 (/opt/ros/humble/share/pcl_ros/cmake)
[1.075s] -- Checking for module 'eigen3'
[1.086s] --   Found eigen3, version 3.4.0
[1.116s] -- Found Eigen: /usr/include/eigen3 (Required is at least version "3.1") 
[1.116s] -- Eigen found (include: /usr/include/eigen3, version: 3.4.0)
[1.150s] -- Checking for module 'flann'
[1.164s] --   Found flann, version 1.9.1
[1.199s] -- Found FLANN: /usr/lib/x86_64-linux-gnu/libflann_cpp.so  
[1.199s] -- FLANN found (include: /usr/include, lib: /usr/lib/x86_64-linux-gnu/libflann_cpp.so)
[1.948s] -- Checking for module 'libusb-1.0'
[1.962s] --   Found libusb-1.0, version 1.0.25
[1.999s] -- Found libusb: /usr/lib/x86_64-linux-gnu/libusb-1.0.so  
[2.000s] -- OpenNI found (version: 1.5.4.0, include: /usr/include/ni, lib: /usr/lib/libOpenNI.so;libusb::libusb)
[2.054s] -- OpenNI2 found (version: 2.2.0.33, include: /usr/include/openni2, lib: /usr/lib/x86_64-linux-gnu/libOpenNI2.so;libusb::libusb)
[2.147s] -- Eigen found (include: /usr/include/eigen3, version: 3.4.0)
[2.153s] -- OpenNI found (version: 1.5.4.0, include: /usr/include/ni, lib: /usr/lib/libOpenNI.so;libusb::libusb)
[2.158s] -- OpenNI2 found (version: 2.2.0.33, include: /usr/include/openni2, lib: /usr/lib/x86_64-linux-gnu/libOpenNI2.so;libusb::libusb)
[2.247s] -- Found Qhull version 8.0.2
[2.338s] -- OpenNI found (version: 1.5.4.0, include: /usr/include/ni, lib: /usr/lib/libOpenNI.so;libusb::libusb)
[2.423s] -- Found PCL_COMMON: /usr/lib/x86_64-linux-gnu/libpcl_common.so  
[2.423s] -- Found PCL_KDTREE: /usr/lib/x86_64-linux-gnu/libpcl_kdtree.so  
[2.424s] -- Found PCL_OCTREE: /usr/lib/x86_64-linux-gnu/libpcl_octree.so  
[2.424s] -- Found PCL_SEARCH: /usr/lib/x86_64-linux-gnu/libpcl_search.so  
[2.425s] -- Found PCL_SAMPLE_CONSENSUS: /usr/lib/x86_64-linux-gnu/libpcl_sample_consensus.so  
[2.425s] -- Found PCL_FILTERS: /usr/lib/x86_64-linux-gnu/libpcl_filters.so  
[2.426s] -- Found PCL_2D: /usr/include/pcl-1.12  
[2.426s] -- Found PCL_GEOMETRY: /usr/include/pcl-1.12  
[2.426s] -- Found PCL_IO: /usr/lib/x86_64-linux-gnu/libpcl_io.so  
[2.427s] -- Found PCL_FEATURES: /usr/lib/x86_64-linux-gnu/libpcl_features.so  
[2.427s] -- Found PCL_ML: /usr/lib/x86_64-linux-gnu/libpcl_ml.so  
[2.428s] -- Found PCL_SEGMENTATION: /usr/lib/x86_64-linux-gnu/libpcl_segmentation.so  
[2.428s] -- Found PCL_VISUALIZATION: /usr/lib/x86_64-linux-gnu/libpcl_visualization.so  
[2.429s] -- Found PCL_SURFACE: /usr/lib/x86_64-linux-gnu/libpcl_surface.so  
[2.429s] -- Found PCL_REGISTRATION: /usr/lib/x86_64-linux-gnu/libpcl_registration.so  
[2.430s] -- Found PCL_KEYPOINTS: /usr/lib/x86_64-linux-gnu/libpcl_keypoints.so  
[2.430s] -- Found PCL_TRACKING: /usr/lib/x86_64-linux-gnu/libpcl_tracking.so  
[2.431s] -- Found PCL_RECOGNITION: /usr/lib/x86_64-linux-gnu/libpcl_recognition.so  
[2.431s] -- Found PCL_STEREO: /usr/lib/x86_64-linux-gnu/libpcl_stereo.so  
[2.432s] -- Found PCL_APPS: /usr/lib/x86_64-linux-gnu/libpcl_apps.so  
[2.432s] -- Found PCL_IN_HAND_SCANNER: /usr/include/pcl-1.12  
[2.432s] -- Found PCL_MODELER: /usr/include/pcl-1.12  
[2.435s] -- Found PCL_POINT_CLOUD_EDITOR: /usr/include/pcl-1.12  
[2.436s] -- Found PCL_OUTOFCORE: /usr/lib/x86_64-linux-gnu/libpcl_outofcore.so  
[2.436s] -- Found PCL_PEOPLE: /usr/lib/x86_64-linux-gnu/libpcl_people.so  
[2.454s] -- Found eigen3_cmake_module: 0.1.1 (/opt/ros/humble/share/eigen3_cmake_module/cmake)
[2.455s] -- Found Eigen3: TRUE (found version "3.4.0") 
[2.455s] -- Ensuring Eigen3 include directory is part of orocos-kdl CMake target
[2.493s] -- Found livox_ros_driver2: 0.0.1 (/home/ugiviag1/Documents/TFM-Miquel_Reynes/Follower_Project/robot-internal-files/robot-slam/install/livox_ros_driver2/share/livox_ros_driver2/cmake)
[2.500s] -- Found rosidl_default_generators: 1.2.1 (/opt/ros/humble/share/rosidl_default_generators/cmake)
[2.507s] [33mCMake Warning (dev) at CMakeLists.txt:81 (find_package):
[2.507s]   Policy CMP0074 is not set: find_package uses <PackageName>_ROOT variables.
[2.508s]   Run "cmake --help-policy CMP0074" for policy details.  Use the cmake_policy
[2.508s]   command to set the policy and suppress this warning.
[2.508s] 
[2.508s]   CMake variable PCL_ROOT is set to:
[2.508s] 
[2.508s]     /usr
[2.508s] 
[2.508s]   For compatibility, CMake is ignoring the variable.
[2.508s] This warning is for project developers.  Use -Wno-dev to suppress it.
[2.508s] [0m
[2.513s] [0mEigen:/usr/include/eigen3[0m
[2.513s] -- PCL: /usr/include/pcl-1.12
[2.652s] -- Found ament_cmake_ros: 0.10.0 (/opt/ros/humble/share/ament_cmake_ros/cmake)
[2.829s] -- Using all available rosidl_typesupport_c: rosidl_typesupport_fastrtps_c;rosidl_typesupport_introspection_c
[2.897s] -- Using all available rosidl_typesupport_cpp: rosidl_typesupport_fastrtps_cpp;rosidl_typesupport_introspection_cpp
[2.911s] -- Found PythonInterp: /usr/bin/python3 (found suitable version "3.10.12", minimum required is "3.6") 
[2.912s] -- Found python_cmake_module: 0.10.0 (/opt/ros/humble/share/python_cmake_module/cmake)
[2.926s] -- Found PythonLibs: /usr/lib/x86_64-linux-gnu/libpython3.10.so (found suitable version "3.10.12", minimum required is "3.5") 
[2.926s] -- Using PYTHON_EXECUTABLE: /usr/bin/python3
[2.926s] -- Using PYTHON_INCLUDE_DIRS: /usr/include/python3.10
[2.926s] -- Using PYTHON_LIBRARIES: /usr/lib/x86_64-linux-gnu/libpython3.10.so
[2.939s] -- Found PythonExtra: .so  
[3.011s] -- Configuring done
[3.084s] -- Generating done
[3.097s] -- Build files have been written to: /home/ugiviag1/Documents/TFM-Miquel_Reynes/Follower_Project/robot-internal-files/robot-slam/build/fast_lio
[3.111s] Invoked command in '/home/ugiviag1/Documents/TFM-Miquel_Reynes/Follower_Project/robot-internal-files/robot-slam/build/fast_lio' returned '0': CMAKE_PREFIX_PATH=/home/ugiviag1/Documents/TFM-Miquel_Reynes/Follower_Project/robot-internal-files/robot-slam/install/livox_ros_driver2:/home/ugiviag1/Documents/TFM-Miquel_Reynes/Follower_Project/robot-internal-files/robot-slam/install/fast_lio:/home/ugiviag1/Documents/TFM-Miquel_Reynes/Follower_Project/robot-internal-files/robot-slam/install/kiss_icp:/home/ugiviag1/Documents/TFM-Miquel_Reynes/Follower_Project/robot-internal-files/robot-slam/install/g1_lidar_odometry:/opt/ros/humble LD_LIBRARY_PATH=/home/ugiviag1/Documents/TFM-Miquel_Reynes/Follower_Project/robot-internal-files/robot-slam/install/livox_ros_driver2/lib:/home/ugiviag1/Documents/TFM-Miquel_Reynes/Follower_Project/robot-internal-files/robot-slam/install/fast_lio/lib:/home/ugiviag1/Documents/TFM-Miquel_Reynes/Follower_Project/robot-internal-files/robot-slam/install/kiss_icp/lib:/usr/local/cuda-13.0/lib64:/usr/local/cuda-13.0/lib64:/opt/ros/humble/opt/rviz_ogre_vendor/lib:/opt/ros/humble/lib/x86_64-linux-gnu:/opt/ros/humble/lib /usr/bin/cmake /home/ugiviag1/Documents/TFM-Miquel_Reynes/Follower_Project/robot-internal-files/robot-slam/src/FAST_LIO -DCMAKE_BUILD_TYPE=Release -DAMENT_CMAKE_SYMLINK_INSTALL=1 -DCMAKE_INSTALL_PREFIX=/home/ugiviag1/Documents/TFM-Miquel_Reynes/Follower_Project/robot-internal-files/robot-slam/install/fast_lio
[3.112s] Invoking command in '/home/ugiviag1/Documents/TFM-Miquel_Reynes/Follower_Project/robot-internal-files/robot-slam/build/fast_lio': CMAKE_PREFIX_PATH=/home/ugiviag1/Documents/TFM-Miquel_Reynes/Follower_Project/robot-internal-files/robot-slam/install/livox_ros_driver2:/home/ugiviag1/Documents/TFM-Miquel_Reynes/Follower_Project/robot-internal-files/robot-slam/install/fast_lio:/home/ugiviag1/Documents/TFM-Miquel_Reynes/Follower_Project/robot-internal-files/robot-slam/install/kiss_icp:/home/ugiviag1/Documents/TFM-Miquel_Reynes/Follower_Project/robot-internal-files/robot-slam/install/g1_lidar_odometry:/opt/ros/humble LD_LIBRARY_PATH=/home/ugiviag1/Documents/TFM-Miquel_Reynes/Follower_Project/robot-internal-files/robot-slam/install/livox_ros_driver2/lib:/home/ugiviag1/Documents/TFM-Miquel_Reynes/Follower_Project/robot-internal-files/robot-slam/install/fast_lio/lib:/home/ugiviag1/Documents/TFM-Miquel_Reynes/Follower_Project/robot-internal-files/robot-slam/install/kiss_icp/lib:/usr/local/cuda-13.0/lib64:/usr/local/cuda-13.0/lib64:/opt/ros/humble/opt/rviz_ogre_vendor/lib:/opt/ros/humble/lib/x86_64-linux-gnu:/opt/ros/humble/lib /usr/bin/cmake --build /home/ugiviag1/Documents/TFM-Miquel_Reynes/Follower_Project/robot-internal-files/robot-slam/build/fast_lio -- -j32 -l32
[3.147s] [  2%] [34m[1mGenerating C code for ROS interfaces[0m
[3.153s] [  5%] [34m[1mGenerating Rust code for ROS interfaces[0m
[3.154s] [  8%] [34m[1mGenerating C++ code for ROS interfaces[0m
[3.160s] [  8%] Built target ament_cmake_python_symlink_fast_lio
[3.295s] running egg_info
[3.296s] creating fast_lio.egg-info
[3.296s] writing fast_lio.egg-info/PKG-INFO
[3.296s] writing dependency_links to fast_lio.egg-info/dependency_links.txt
[3.296s] writing top-level names to fast_lio.egg-info/top_level.txt
[3.296s] writing manifest file 'fast_lio.egg-info/SOURCES.txt'
[3.297s] reading manifest file 'fast_lio.egg-info/SOURCES.txt'
[3.297s] writing manifest file 'fast_lio.egg-info/SOURCES.txt'
[3.316s] [  8%] Built target ament_cmake_python_build_fast_lio_egg
[3.324s] [  8%] Built target fast_lio__rs
[3.333s] [  8%] Built target fast_lio__cpp
[3.338s] [ 11%] [32mBuilding C object CMakeFiles/fast_lio__rosidl_generator_c.dir/rosidl_generator_c/fast_lio/msg/detail/pose6_d__functions.c.o[0m
[3.342s] [ 16%] [34m[1mGenerating C++ type support dispatch for ROS interfaces[0m
[3.342s] [ 16%] [34m[1mGenerating C++ type support for eProsima Fast-RTPS[0m
[3.342s] [ 19%] [34m[1mGenerating C++ introspection for ROS interfaces[0m
[3.405s] [ 22%] [32m[1mLinking C shared library libfast_lio__rosidl_generator_c.so[0m
[3.435s] [ 22%] Built target fast_lio__rosidl_generator_c
[3.443s] [ 25%] [34m[1mGenerating C introspection for ROS interfaces[0m
[3.444s] [ 30%] [34m[1mGenerating C type support for eProsima Fast-RTPS[0m
[3.444s] [ 30%] [34m[1mGenerating C type support dispatch for ROS interfaces[0m
[3.522s] [ 33%] [32mBuilding CXX object CMakeFiles/fast_lio__rosidl_typesupport_cpp.dir/rosidl_typesupport_cpp/fast_lio/msg/pose6_d__type_support.cpp.o[0m
[3.530s] [ 36%] [32mBuilding CXX object CMakeFiles/fast_lio__rosidl_typesupport_introspection_cpp.dir/rosidl_typesupport_introspection_cpp/fast_lio/msg/detail/pose6_d__type_support.cpp.o[0m
[3.532s] [ 38%] [32mBuilding CXX object CMakeFiles/fast_lio__rosidl_typesupport_fastrtps_cpp.dir/rosidl_typesupport_fastrtps_cpp/fast_lio/msg/detail/dds_fastrtps/pose6_d__type_support.cpp.o[0m
[3.623s] [ 41%] [32mBuilding CXX object CMakeFiles/fast_lio__rosidl_typesupport_c.dir/rosidl_typesupport_c/fast_lio/msg/pose6_d__type_support.cpp.o[0m
[3.638s] [ 44%] [32mBuilding CXX object CMakeFiles/fast_lio__rosidl_typesupport_fastrtps_c.dir/rosidl_typesupport_fastrtps_c/fast_lio/msg/detail/pose6_d__type_support_c.cpp.o[0m
[3.639s] [ 47%] [32mBuilding C object CMakeFiles/fast_lio__rosidl_typesupport_introspection_c.dir/rosidl_typesupport_introspection_c/fast_lio/msg/detail/pose6_d__type_support.c.o[0m
[3.647s] [ 50%] [32m[1mLinking CXX shared library libfast_lio__rosidl_typesupport_c.so[0m
[3.681s] [ 50%] Built target fast_lio__rosidl_typesupport_c
[3.682s] [ 52%] [32m[1mLinking C shared library libfast_lio__rosidl_typesupport_introspection_c.so[0m
[3.698s] [ 55%] [32m[1mLinking CXX shared library libfast_lio__rosidl_typesupport_cpp.so[0m
[3.707s] [ 55%] Built target fast_lio__rosidl_typesupport_introspection_c
[3.730s] [ 55%] Built target fast_lio__rosidl_typesupport_cpp
[3.749s] [ 63%] [32mBuilding CXX object CMakeFiles/fastlio_mapping.dir/include/ikd-Tree/ikd_Tree.cpp.o[0m
[3.749s] [ 63%] [32mBuilding CXX object CMakeFiles/fastlio_mapping.dir/src/laserMapping.cpp.o[0m
[3.749s] [ 63%] [32mBuilding CXX object CMakeFiles/fastlio_mapping.dir/src/preprocess.cpp.o[0m
[3.780s] [ 66%] [32m[1mLinking CXX shared library libfast_lio__rosidl_typesupport_introspection_cpp.so[0m
[3.786s] [ 69%] [32m[1mLinking CXX shared library libfast_lio__rosidl_typesupport_fastrtps_cpp.so[0m
[3.813s] [ 69%] Built target fast_lio__rosidl_typesupport_introspection_cpp
[3.843s] [ 69%] Built target fast_lio__rosidl_typesupport_fastrtps_cpp
[3.849s] [ 72%] [32m[1mLinking CXX shared library libfast_lio__rosidl_typesupport_fastrtps_c.so[0m
[3.901s] [ 72%] Built target fast_lio__rosidl_typesupport_fastrtps_c
[3.917s] [ 72%] Built target fast_lio
[3.933s] [ 75%] [34m[1mGenerating Python code for ROS interfaces[0m
[4.194s] [ 75%] Built target fast_lio__py
[4.216s] [ 77%] [32mBuilding C object CMakeFiles/fast_lio__rosidl_generator_py.dir/rosidl_generator_py/fast_lio/msg/_pose6_d_s.c.o[0m
[4.321s] [ 80%] [32m[1mLinking C shared library rosidl_generator_py/fast_lio/libfast_lio__rosidl_generator_py.so[0m
[4.355s] [ 80%] Built target fast_lio__rosidl_generator_py
[4.373s] [ 88%] [32mBuilding C object CMakeFiles/fast_lio__rosidl_typesupport_fastrtps_c__pyext.dir/rosidl_generator_py/fast_lio/_fast_lio_s.ep.rosidl_typesupport_fastrtps_c.c.o[0m
[4.373s] [ 88%] [32mBuilding C object CMakeFiles/fast_lio__rosidl_typesupport_introspection_c__pyext.dir/rosidl_generator_py/fast_lio/_fast_lio_s.ep.rosidl_typesupport_introspection_c.c.o[0m
[4.373s] [ 88%] [32mBuilding C object CMakeFiles/fast_lio__rosidl_typesupport_c__pyext.dir/rosidl_generator_py/fast_lio/_fast_lio_s.ep.rosidl_typesupport_c.c.o[0m
[4.452s] [ 91%] [32m[1mLinking C shared library rosidl_generator_py/fast_lio/fast_lio_s__rosidl_typesupport_c.cpython-310-x86_64-linux-gnu.so[0m
[4.454s] [ 94%] [32m[1mLinking C shared library rosidl_generator_py/fast_lio/fast_lio_s__rosidl_typesupport_introspection_c.cpython-310-x86_64-linux-gnu.so[0m
[4.456s] [ 97%] [32m[1mLinking C shared library rosidl_generator_py/fast_lio/fast_lio_s__rosidl_typesupport_fastrtps_c.cpython-310-x86_64-linux-gnu.so[0m
[4.481s] [ 97%] Built target fast_lio__rosidl_typesupport_c__pyext
[4.483s] [ 97%] Built target fast_lio__rosidl_typesupport_introspection_c__pyext
[4.486s] [ 97%] Built target fast_lio__rosidl_typesupport_fastrtps_c__pyext
[7.832s] In file included from [01m[K/usr/include/boost/smart_ptr/detail/sp_thread_sleep.hpp:22[m[K,
[7.832s]                  from [01m[K/usr/include/boost/smart_ptr/detail/yield_k.hpp:23[m[K,
[7.832s]                  from [01m[K/usr/include/boost/smart_ptr/detail/spinlock_gcc_atomic.hpp:14[m[K,
[7.832s]                  from [01m[K/usr/include/boost/smart_ptr/detail/spinlock.hpp:42[m[K,
[7.832s]                  from [01m[K/usr/include/boost/smart_ptr/detail/spinlock_pool.hpp:25[m[K,
[7.832s]                  from [01m[K/usr/include/boost/smart_ptr/shared_ptr.hpp:29[m[K,
[7.832s]                  from [01m[K/usr/include/boost/shared_ptr.hpp:17[m[K,
[7.832s]                  from [01m[K/usr/include/boost/date_time/microsec_time_clock.hpp:18[m[K,
[7.832s]                  from [01m[K/usr/include/boost/interprocess/detail/posix_time_types_wrk.hpp:31[m[K,
[7.832s]                  from [01m[K/usr/include/boost/interprocess/detail/os_thread_functions.hpp:36[m[K,
[7.832s]                  from [01m[K/usr/include/boost/interprocess/sync/file_lock.hpp:26[m[K,
[7.832s]                  from [01m[K/usr/include/pcl-1.12/pcl/io/pcd_io.h:46[m[K,
[7.832s]                  from [01m[K/opt/ros/humble/include/pcl_conversions/pcl_conversions/pcl_conversions.h:73[m[K,
[7.832s]                  from [01m[K/home/ugiviag1/Documents/TFM-Miquel_Reynes/Follower_Project/robot-internal-files/robot-slam/src/FAST_LIO/src/IMU_Processing.hpp:18[m[K,
[7.832s]                  from [01m[K/home/ugiviag1/Documents/TFM-Miquel_Reynes/Follower_Project/robot-internal-files/robot-slam/src/FAST_LIO/src/laserMapping.cpp:47[m[K:
[7.832s] [01m[K/usr/include/boost/bind.hpp:36:1:[m[K [01;36m[Knote: [m[K‘[01m[K#pragma message: The practice of declaring the Bind placeholders (_1, _2, ...) in the global namespace is deprecated. Please use <boost/bind/bind.hpp> + using namespace boost::placeholders, or define BOOST_BIND_GLOBAL_PLACEHOLDERS to retain the current behavior.[m[K’
[7.832s]    36 | [01;36m[KBOOST_PRAGMA_MESSAGE[m[K(
[7.832s]       | [01;36m[K^~~~~~~~~~~~~~~~~~~~[m[K
[37.035s] [100%] [32m[1mLinking CXX executable fastlio_mapping[0m
[37.673s] [100%] Built target fastlio_mapping
[37.683s] Invoked command in '/home/ugiviag1/Documents/TFM-Miquel_Reynes/Follower_Project/robot-internal-files/robot-slam/build/fast_lio' returned '0': CMAKE_PREFIX_PATH=/home/ugiviag1/Documents/TFM-Miquel_Reynes/Follower_Project/robot-internal-files/robot-slam/install/livox_ros_driver2:/home/ugiviag1/Documents/TFM-Miquel_Reynes/Follower_Project/robot-internal-files/robot-slam/install/fast_lio:/home/ugiviag1/Documents/TFM-Miquel_Reynes/Follower_Project/robot-internal-files/robot-slam/install/kiss_icp:/home/ugiviag1/Documents/TFM-Miquel_Reynes/Follower_Project/robot-internal-files/robot-slam/install/g1_lidar_odometry:/opt/ros/humble LD_LIBRARY_PATH=/home/ugiviag1/Documents/TFM-Miquel_Reynes/Follower_Project/robot-internal-files/robot-slam/install/livox_ros_driver2/lib:/home/ugiviag1/Documents/TFM-Miquel_Reynes/Follower_Project/robot-internal-files/robot-slam/install/fast_lio/lib:/home/ugiviag1/Documents/TFM-Miquel_Reynes/Follower_Project/robot-internal-files/robot-slam/install/kiss_icp/lib:/usr/local/cuda-13.0/lib64:/usr/local/cuda-13.0/lib64:/opt/ros/humble/opt/rviz_ogre_vendor/lib:/opt/ros/humble/lib/x86_64-linux-gnu:/opt/ros/humble/lib /usr/bin/cmake --build /home/ugiviag1/Documents/TFM-Miquel_Reynes/Follower_Project/robot-internal-files/robot-slam/build/fast_lio -- -j32 -l32
[37.684s] Invoking command in '/home/ugiviag1/Documents/TFM-Miquel_Reynes/Follower_Project/robot-internal-files/robot-slam/build/fast_lio': CMAKE_PREFIX_PATH=/home/ugiviag1/Documents/TFM-Miquel_Reynes/Follower_Project/robot-internal-files/robot-slam/install/livox_ros_driver2:/home/ugiviag1/Documents/TFM-Miquel_Reynes/Follower_Project/robot-internal-files/robot-slam/install/fast_lio:/home/ugiviag1/Documents/TFM-Miquel_Reynes/Follower_Project/robot-internal-files/robot-slam/install/kiss_icp:/home/ugiviag1/Documents/TFM-Miquel_Reynes/Follower_Project/robot-internal-files/robot-slam/install/g1_lidar_odometry:/opt/ros/humble LD_LIBRARY_PATH=/home/ugiviag1/Documents/TFM-Miquel_Reynes/Follower_Project/robot-internal-files/robot-slam/install/livox_ros_driver2/lib:/home/ugiviag1/Documents/TFM-Miquel_Reynes/Follower_Project/robot-internal-files/robot-slam/install/fast_lio/lib:/home/ugiviag1/Documents/TFM-Miquel_Reynes/Follower_Project/robot-internal-files/robot-slam/install/kiss_icp/lib:/usr/local/cuda-13.0/lib64:/usr/local/cuda-13.0/lib64:/opt/ros/humble/opt/rviz_ogre_vendor/lib:/opt/ros/humble/lib/x86_64-linux-gnu:/opt/ros/humble/lib /usr/bin/cmake --install /home/ugiviag1/Documents/TFM-Miquel_Reynes/Follower_Project/robot-internal-files/robot-slam/build/fast_lio
[37.689s] -- Install configuration: "Release"
[37.690s] -- Execute custom install script
[37.690s] -- Symlinking: /home/ugiviag1/Documents/TFM-Miquel_Reynes/Follower_Project/robot-internal-files/robot-slam/install/fast_lio/share/ament_index/resource_index/rosidl_interfaces/fast_lio
[37.697s] -- Symlinking: /home/ugiviag1/Documents/TFM-Miquel_Reynes/Follower_Project/robot-internal-files/robot-slam/install/fast_lio/include/fast_lio/fast_lio/msg/detail/pose6_d__functions.h
[37.703s] -- Symlinking: /home/ugiviag1/Documents/TFM-Miquel_Reynes/Follower_Project/robot-internal-files/robot-slam/install/fast_lio/include/fast_lio/fast_lio/msg/detail/pose6_d__struct.h
[37.710s] -- Symlinking: /home/ugiviag1/Documents/TFM-Miquel_Reynes/Follower_Project/robot-internal-files/robot-slam/install/fast_lio/include/fast_lio/fast_lio/msg/detail/pose6_d__type_support.h
[37.716s] -- Symlinking: /home/ugiviag1/Documents/TFM-Miquel_Reynes/Follower_Project/robot-internal-files/robot-slam/install/fast_lio/include/fast_lio/fast_lio/msg/pose6_d.h
[37.723s] -- Symlinking: /home/ugiviag1/Documents/TFM-Miquel_Reynes/Follower_Project/robot-internal-files/robot-slam/install/fast_lio/include/fast_lio/fast_lio/msg/rosidl_generator_c__visibility_control.h
[37.728s] -- Symlinking: /home/ugiviag1/Documents/TFM-Miquel_Reynes/Follower_Project/robot-internal-files/robot-slam/install/fast_lio/share/fast_lio/environment/library_path.sh
[37.735s] -- Symlinking: /home/ugiviag1/Documents/TFM-Miquel_Reynes/Follower_Project/robot-internal-files/robot-slam/install/fast_lio/share/fast_lio/environment/library_path.dsv
[37.742s] -- Symlinking: /home/ugiviag1/Documents/TFM-Miquel_Reynes/Follower_Project/robot-internal-files/robot-slam/install/fast_lio/include/fast_lio/fast_lio/msg/detail/pose6_d__rosidl_typesupport_fastrtps_c.h
[37.748s] -- Symlinking: /home/ugiviag1/Documents/TFM-Miquel_Reynes/Follower_Project/robot-internal-files/robot-slam/install/fast_lio/include/fast_lio/fast_lio/msg/rosidl_typesupport_fastrtps_c__visibility_control.h
[37.755s] -- Symlinking: /home/ugiviag1/Documents/TFM-Miquel_Reynes/Follower_Project/robot-internal-files/robot-slam/install/fast_lio/include/fast_lio/fast_lio/msg/detail/pose6_d__builder.hpp
[37.761s] -- Symlinking: /home/ugiviag1/Documents/TFM-Miquel_Reynes/Follower_Project/robot-internal-files/robot-slam/install/fast_lio/include/fast_lio/fast_lio/msg/detail/pose6_d__struct.hpp
[37.766s] -- Symlinking: /home/ugiviag1/Documents/TFM-Miquel_Reynes/Follower_Project/robot-internal-files/robot-slam/install/fast_lio/include/fast_lio/fast_lio/msg/detail/pose6_d__traits.hpp
[37.772s] -- Symlinking: /home/ugiviag1/Documents/TFM-Miquel_Reynes/Follower_Project/robot-internal-files/robot-slam/install/fast_lio/include/fast_lio/fast_lio/msg/detail/pose6_d__type_support.hpp
[37.778s] -- Symlinking: /home/ugiviag1/Documents/TFM-Miquel_Reynes/Follower_Project/robot-internal-files/robot-slam/install/fast_lio/include/fast_lio/fast_lio/msg/pose6_d.hpp
[37.784s] -- Symlinking: /home/ugiviag1/Documents/TFM-Miquel_Reynes/Follower_Project/robot-internal-files/robot-slam/install/fast_lio/include/fast_lio/fast_lio/msg/rosidl_generator_cpp__visibility_control.hpp
[37.790s] -- Symlinking: /home/ugiviag1/Documents/TFM-Miquel_Reynes/Follower_Project/robot-internal-files/robot-slam/install/fast_lio/include/fast_lio/fast_lio/msg/detail/pose6_d__rosidl_typesupport_fastrtps_cpp.hpp
[37.796s] -- Symlinking: /home/ugiviag1/Documents/TFM-Miquel_Reynes/Follower_Project/robot-internal-files/robot-slam/install/fast_lio/include/fast_lio/fast_lio/msg/rosidl_typesupport_fastrtps_cpp__visibility_control.h
[37.801s] -- Symlinking: /home/ugiviag1/Documents/TFM-Miquel_Reynes/Follower_Project/robot-internal-files/robot-slam/install/fast_lio/include/fast_lio/fast_lio/msg/detail/pose6_d__rosidl_typesupport_introspection_c.h
[37.807s] -- Symlinking: /home/ugiviag1/Documents/TFM-Miquel_Reynes/Follower_Project/robot-internal-files/robot-slam/install/fast_lio/include/fast_lio/fast_lio/msg/rosidl_typesupport_introspection_c__visibility_control.h
[37.813s] -- Symlinking: /home/ugiviag1/Documents/TFM-Miquel_Reynes/Follower_Project/robot-internal-files/robot-slam/install/fast_lio/include/fast_lio/fast_lio/msg/detail/pose6_d__rosidl_typesupport_introspection_cpp.hpp
[37.819s] -- Symlinking: /home/ugiviag1/Documents/TFM-Miquel_Reynes/Follower_Project/robot-internal-files/robot-slam/install/fast_lio/share/fast_lio/environment/pythonpath.sh
[37.826s] -- Symlinking: /home/ugiviag1/Documents/TFM-Miquel_Reynes/Follower_Project/robot-internal-files/robot-slam/install/fast_lio/share/fast_lio/environment/pythonpath.dsv
[37.832s] -- Symlinking: /home/ugiviag1/Documents/TFM-Miquel_Reynes/Follower_Project/robot-internal-files/robot-slam/install/fast_lio/local/lib/python3.10/dist-packages/fast_lio-0.0.0-py3.10.egg-info/PKG-INFO
[37.839s] -- Symlinking: /home/ugiviag1/Documents/TFM-Miquel_Reynes/Follower_Project/robot-internal-files/robot-slam/install/fast_lio/local/lib/python3.10/dist-packages/fast_lio-0.0.0-py3.10.egg-info/SOURCES.txt
[37.844s] -- Symlinking: /home/ugiviag1/Documents/TFM-Miquel_Reynes/Follower_Project/robot-internal-files/robot-slam/install/fast_lio/local/lib/python3.10/dist-packages/fast_lio-0.0.0-py3.10.egg-info/dependency_links.txt
[37.851s] -- Symlinking: /home/ugiviag1/Documents/TFM-Miquel_Reynes/Follower_Project/robot-internal-files/robot-slam/install/fast_lio/local/lib/python3.10/dist-packages/fast_lio-0.0.0-py3.10.egg-info/top_level.txt
[37.857s] -- Symlinking: /home/ugiviag1/Documents/TFM-Miquel_Reynes/Follower_Project/robot-internal-files/robot-slam/install/fast_lio/local/lib/python3.10/dist-packages/fast_lio/__init__.py
[37.863s] -- Symlinking: /home/ugiviag1/Documents/TFM-Miquel_Reynes/Follower_Project/robot-internal-files/robot-slam/install/fast_lio/local/lib/python3.10/dist-packages/fast_lio/_fast_lio_s.ep.rosidl_typesupport_c.c
[37.869s] -- Symlinking: /home/ugiviag1/Documents/TFM-Miquel_Reynes/Follower_Project/robot-internal-files/robot-slam/install/fast_lio/local/lib/python3.10/dist-packages/fast_lio/_fast_lio_s.ep.rosidl_typesupport_fastrtps_c.c
[37.876s] -- Symlinking: /home/ugiviag1/Documents/TFM-Miquel_Reynes/Follower_Project/robot-internal-files/robot-slam/install/fast_lio/local/lib/python3.10/dist-packages/fast_lio/_fast_lio_s.ep.rosidl_typesupport_introspection_c.c
[37.882s] -- Symlinking: /home/ugiviag1/Documents/TFM-Miquel_Reynes/Follower_Project/robot-internal-files/robot-slam/install/fast_lio/local/lib/python3.10/dist-packages/fast_lio/fast_lio_s__rosidl_typesupport_c.cpython-310-x86_64-linux-gnu.so
[37.888s] -- Symlinking: /home/ugiviag1/Documents/TFM-Miquel_Reynes/Follower_Project/robot-internal-files/robot-slam/install/fast_lio/local/lib/python3.10/dist-packages/fast_lio/fast_lio_s__rosidl_typesupport_fastrtps_c.cpython-310-x86_64-linux-gnu.so
[37.894s] -- Symlinking: /home/ugiviag1/Documents/TFM-Miquel_Reynes/Follower_Project/robot-internal-files/robot-slam/install/fast_lio/local/lib/python3.10/dist-packages/fast_lio/fast_lio_s__rosidl_typesupport_introspection_c.cpython-310-x86_64-linux-gnu.so
[37.900s] -- Symlinking: /home/ugiviag1/Documents/TFM-Miquel_Reynes/Follower_Project/robot-internal-files/robot-slam/install/fast_lio/local/lib/python3.10/dist-packages/fast_lio/libfast_lio__rosidl_generator_py.so
[37.906s] -- Symlinking: /home/ugiviag1/Documents/TFM-Miquel_Reynes/Follower_Project/robot-internal-files/robot-slam/install/fast_lio/local/lib/python3.10/dist-packages/fast_lio/msg/__init__.py
[37.912s] -- Symlinking: /home/ugiviag1/Documents/TFM-Miquel_Reynes/Follower_Project/robot-internal-files/robot-slam/install/fast_lio/local/lib/python3.10/dist-packages/fast_lio/msg/_pose6_d.py
[37.918s] -- Symlinking: /home/ugiviag1/Documents/TFM-Miquel_Reynes/Follower_Project/robot-internal-files/robot-slam/install/fast_lio/local/lib/python3.10/dist-packages/fast_lio/msg/_pose6_d_s.c
[37.924s] -- Up-to-date symlink: /home/ugiviag1/Documents/TFM-Miquel_Reynes/Follower_Project/robot-internal-files/robot-slam/install/fast_lio/local/lib/python3.10/dist-packages/fast_lio/fast_lio_s__rosidl_typesupport_fastrtps_c.cpython-310-x86_64-linux-gnu.so
[37.924s] -- Up-to-date symlink: /home/ugiviag1/Documents/TFM-Miquel_Reynes/Follower_Project/robot-internal-files/robot-slam/install/fast_lio/local/lib/python3.10/dist-packages/fast_lio/fast_lio_s__rosidl_typesupport_introspection_c.cpython-310-x86_64-linux-gnu.so
[37.924s] -- Up-to-date symlink: /home/ugiviag1/Documents/TFM-Miquel_Reynes/Follower_Project/robot-internal-files/robot-slam/install/fast_lio/local/lib/python3.10/dist-packages/fast_lio/fast_lio_s__rosidl_typesupport_c.cpython-310-x86_64-linux-gnu.so
[37.925s] -- Symlinking: /home/ugiviag1/Documents/TFM-Miquel_Reynes/Follower_Project/robot-internal-files/robot-slam/install/fast_lio/share/ament_index/resource_index/rust_packages/fast_lio
[37.930s] -- Symlinking: /home/ugiviag1/Documents/TFM-Miquel_Reynes/Follower_Project/robot-internal-files/robot-slam/install/fast_lio/share/fast_lio/rust/Cargo.toml
[37.937s] -- Symlinking: /home/ugiviag1/Documents/TFM-Miquel_Reynes/Follower_Project/robot-internal-files/robot-slam/install/fast_lio/share/fast_lio/rust/build.rs
[37.943s] -- Symlinking: /home/ugiviag1/Documents/TFM-Miquel_Reynes/Follower_Project/robot-internal-files/robot-slam/install/fast_lio/share/fast_lio/rust/src/lib.rs
[37.949s] -- Symlinking: /home/ugiviag1/Documents/TFM-Miquel_Reynes/Follower_Project/robot-internal-files/robot-slam/install/fast_lio/share/fast_lio/rust/src/msg.rs
[37.955s] -- Symlinking: /home/ugiviag1/Documents/TFM-Miquel_Reynes/Follower_Project/robot-internal-files/robot-slam/install/fast_lio/share/fast_lio/rust/src/msg/rmw.rs
[37.961s] -- Symlinking: /home/ugiviag1/Documents/TFM-Miquel_Reynes/Follower_Project/robot-internal-files/robot-slam/install/fast_lio/share/fast_lio/msg/Pose6D.idl
[37.967s] -- Symlinking: /home/ugiviag1/Documents/TFM-Miquel_Reynes/Follower_Project/robot-internal-files/robot-slam/install/fast_lio/share/fast_lio/msg/Pose6D.msg
[37.974s] -- Symlinking: /home/ugiviag1/Documents/TFM-Miquel_Reynes/Follower_Project/robot-internal-files/robot-slam/install/fast_lio/lib/fast_lio/fastlio_mapping
[37.980s] -- Symlinking: /home/ugiviag1/Documents/TFM-Miquel_Reynes/Follower_Project/robot-internal-files/robot-slam/install/fast_lio/share/fast_lio/config/avia.yaml
[37.986s] -- Symlinking: /home/ugiviag1/Documents/TFM-Miquel_Reynes/Follower_Project/robot-internal-files/robot-slam/install/fast_lio/share/fast_lio/config/horizon.yaml
[37.992s] -- Symlinking: /home/ugiviag1/Documents/TFM-Miquel_Reynes/Follower_Project/robot-internal-files/robot-slam/install/fast_lio/share/fast_lio/config/mid360.yaml
[37.998s] -- Symlinking: /home/ugiviag1/Documents/TFM-Miquel_Reynes/Follower_Project/robot-internal-files/robot-slam/install/fast_lio/share/fast_lio/config/ouster64.yaml
[38.005s] -- Symlinking: /home/ugiviag1/Documents/TFM-Miquel_Reynes/Follower_Project/robot-internal-files/robot-slam/install/fast_lio/share/fast_lio/config/velodyne.yaml
[38.011s] -- Symlinking: /home/ugiviag1/Documents/TFM-Miquel_Reynes/Follower_Project/robot-internal-files/robot-slam/install/fast_lio/share/fast_lio/launch/mapping.launch.py
[38.018s] -- Symlinking: /home/ugiviag1/Documents/TFM-Miquel_Reynes/Follower_Project/robot-internal-files/robot-slam/install/fast_lio/share/fast_lio/rviz/fastlio.rviz
[38.024s] -- Symlinking: /home/ugiviag1/Documents/TFM-Miquel_Reynes/Follower_Project/robot-internal-files/robot-slam/install/fast_lio/share/ament_index/resource_index/package_run_dependencies/fast_lio
[38.030s] -- Symlinking: /home/ugiviag1/Documents/TFM-Miquel_Reynes/Follower_Project/robot-internal-files/robot-slam/install/fast_lio/share/ament_index/resource_index/parent_prefix_path/fast_lio
[38.036s] -- Symlinking: /home/ugiviag1/Documents/TFM-Miquel_Reynes/Follower_Project/robot-internal-files/robot-slam/install/fast_lio/share/fast_lio/environment/ament_prefix_path.sh
[38.042s] -- Symlinking: /home/ugiviag1/Documents/TFM-Miquel_Reynes/Follower_Project/robot-internal-files/robot-slam/install/fast_lio/share/fast_lio/environment/ament_prefix_path.dsv
[38.048s] -- Symlinking: /home/ugiviag1/Documents/TFM-Miquel_Reynes/Follower_Project/robot-internal-files/robot-slam/install/fast_lio/share/fast_lio/environment/path.sh
[38.054s] -- Symlinking: /home/ugiviag1/Documents/TFM-Miquel_Reynes/Follower_Project/robot-internal-files/robot-slam/install/fast_lio/share/fast_lio/environment/path.dsv
[38.060s] -- Symlinking: /home/ugiviag1/Documents/TFM-Miquel_Reynes/Follower_Project/robot-internal-files/robot-slam/install/fast_lio/share/fast_lio/local_setup.bash
[38.067s] -- Symlinking: /home/ugiviag1/Documents/TFM-Miquel_Reynes/Follower_Project/robot-internal-files/robot-slam/install/fast_lio/share/fast_lio/local_setup.sh
[38.073s] -- Symlinking: /home/ugiviag1/Documents/TFM-Miquel_Reynes/Follower_Project/robot-internal-files/robot-slam/install/fast_lio/share/fast_lio/local_setup.zsh
[38.080s] -- Symlinking: /home/ugiviag1/Documents/TFM-Miquel_Reynes/Follower_Project/robot-internal-files/robot-slam/install/fast_lio/share/fast_lio/local_setup.dsv
[38.086s] -- Symlinking: /home/ugiviag1/Documents/TFM-Miquel_Reynes/Follower_Project/robot-internal-files/robot-slam/install/fast_lio/share/fast_lio/package.dsv
[38.093s] -- Symlinking: /home/ugiviag1/Documents/TFM-Miquel_Reynes/Follower_Project/robot-internal-files/robot-slam/install/fast_lio/share/ament_index/resource_index/packages/fast_lio
[38.099s] -- Symlinking: /home/ugiviag1/Documents/TFM-Miquel_Reynes/Follower_Project/robot-internal-files/robot-slam/install/fast_lio/share/fast_lio/cmake/rosidl_cmake-extras.cmake
[38.106s] -- Symlinking: /home/ugiviag1/Documents/TFM-Miquel_Reynes/Follower_Project/robot-internal-files/robot-slam/install/fast_lio/share/fast_lio/cmake/ament_cmake_export_include_directories-extras.cmake
[38.112s] -- Symlinking: /home/ugiviag1/Documents/TFM-Miquel_Reynes/Follower_Project/robot-internal-files/robot-slam/install/fast_lio/share/fast_lio/cmake/ament_cmake_export_libraries-extras.cmake
[38.118s] -- Symlinking: /home/ugiviag1/Documents/TFM-Miquel_Reynes/Follower_Project/robot-internal-files/robot-slam/install/fast_lio/share/fast_lio/cmake/ament_cmake_export_targets-extras.cmake
[38.124s] -- Symlinking: /home/ugiviag1/Documents/TFM-Miquel_Reynes/Follower_Project/robot-internal-files/robot-slam/install/fast_lio/share/fast_lio/cmake/rosidl_cmake_export_typesupport_targets-extras.cmake
[38.130s] -- Symlinking: /home/ugiviag1/Documents/TFM-Miquel_Reynes/Follower_Project/robot-internal-files/robot-slam/install/fast_lio/share/fast_lio/cmake/ament_cmake_export_dependencies-extras.cmake
[38.137s] -- Symlinking: /home/ugiviag1/Documents/TFM-Miquel_Reynes/Follower_Project/robot-internal-files/robot-slam/install/fast_lio/share/fast_lio/cmake/rosidl_cmake_export_typesupport_libraries-extras.cmake
[38.143s] -- Symlinking: /home/ugiviag1/Documents/TFM-Miquel_Reynes/Follower_Project/robot-internal-files/robot-slam/install/fast_lio/share/fast_lio/cmake/fast_lioConfig.cmake
[38.149s] -- Symlinking: /home/ugiviag1/Documents/TFM-Miquel_Reynes/Follower_Project/robot-internal-files/robot-slam/install/fast_lio/share/fast_lio/cmake/fast_lioConfig-version.cmake
[38.155s] -- Symlinking: /home/ugiviag1/Documents/TFM-Miquel_Reynes/Follower_Project/robot-internal-files/robot-slam/install/fast_lio/share/fast_lio/package.xml
[38.161s] -- Installing: /home/ugiviag1/Documents/TFM-Miquel_Reynes/Follower_Project/robot-internal-files/robot-slam/install/fast_lio/lib/libfast_lio__rosidl_generator_c.so
[38.162s] -- Set runtime path of "/home/ugiviag1/Documents/TFM-Miquel_Reynes/Follower_Project/robot-internal-files/robot-slam/install/fast_lio/lib/libfast_lio__rosidl_generator_c.so" to ""
[38.162s] -- Installing: /home/ugiviag1/Documents/TFM-Miquel_Reynes/Follower_Project/robot-internal-files/robot-slam/install/fast_lio/lib/libfast_lio__rosidl_typesupport_fastrtps_c.so
[38.162s] -- Set runtime path of "/home/ugiviag1/Documents/TFM-Miquel_Reynes/Follower_Project/robot-internal-files/robot-slam/install/fast_lio/lib/libfast_lio__rosidl_typesupport_fastrtps_c.so" to ""
[38.162s] -- Installing: /home/ugiviag1/Documents/TFM-Miquel_Reynes/Follower_Project/robot-internal-files/robot-slam/install/fast_lio/lib/libfast_lio__rosidl_typesupport_fastrtps_cpp.so
[38.162s] -- Set runtime path of "/home/ugiviag1/Documents/TFM-Miquel_Reynes/Follower_Project/robot-internal-files/robot-slam/install/fast_lio/lib/libfast_lio__rosidl_typesupport_fastrtps_cpp.so" to ""
[38.162s] -- Installing: /home/ugiviag1/Documents/TFM-Miquel_Reynes/Follower_Project/robot-internal-files/robot-slam/install/fast_lio/lib/libfast_lio__rosidl_typesupport_introspection_c.so
[38.163s] -- Set runtime path of "/home/ugiviag1/Documents/TFM-Miquel_Reynes/Follower_Project/robot-internal-files/robot-slam/install/fast_lio/lib/libfast_lio__rosidl_typesupport_introspection_c.so" to ""
[38.163s] -- Installing: /home/ugiviag1/Documents/TFM-Miquel_Reynes/Follower_Project/robot-internal-files/robot-slam/install/fast_lio/lib/libfast_lio__rosidl_typesupport_c.so
[38.163s] -- Set runtime path of "/home/ugiviag1/Documents/TFM-Miquel_Reynes/Follower_Project/robot-internal-files/robot-slam/install/fast_lio/lib/libfast_lio__rosidl_typesupport_c.so" to ""
[38.163s] -- Installing: /home/ugiviag1/Documents/TFM-Miquel_Reynes/Follower_Project/robot-internal-files/robot-slam/install/fast_lio/lib/libfast_lio__rosidl_typesupport_introspection_cpp.so
[38.163s] -- Set runtime path of "/home/ugiviag1/Documents/TFM-Miquel_Reynes/Follower_Project/robot-internal-files/robot-slam/install/fast_lio/lib/libfast_lio__rosidl_typesupport_introspection_cpp.so" to ""
[38.163s] -- Installing: /home/ugiviag1/Documents/TFM-Miquel_Reynes/Follower_Project/robot-internal-files/robot-slam/install/fast_lio/lib/libfast_lio__rosidl_typesupport_cpp.so
[38.164s] -- Set runtime path of "/home/ugiviag1/Documents/TFM-Miquel_Reynes/Follower_Project/robot-internal-files/robot-slam/install/fast_lio/lib/libfast_lio__rosidl_typesupport_cpp.so" to ""
[38.185s] Listing '/home/ugiviag1/Documents/TFM-Miquel_Reynes/Follower_Project/robot-internal-files/robot-slam/install/fast_lio/local/lib/python3.10/dist-packages/fast_lio'...
[38.185s] Compiling '/home/ugiviag1/Documents/TFM-Miquel_Reynes/Follower_Project/robot-internal-files/robot-slam/install/fast_lio/local/lib/python3.10/dist-packages/fast_lio/__init__.py'...
[38.185s] Listing '/home/ugiviag1/Documents/TFM-Miquel_Reynes/Follower_Project/robot-internal-files/robot-slam/install/fast_lio/local/lib/python3.10/dist-packages/fast_lio/msg'...
[38.185s] Compiling '/home/ugiviag1/Documents/TFM-Miquel_Reynes/Follower_Project/robot-internal-files/robot-slam/install/fast_lio/local/lib/python3.10/dist-packages/fast_lio/msg/__init__.py'...
[38.185s] Compiling '/home/ugiviag1/Documents/TFM-Miquel_Reynes/Follower_Project/robot-internal-files/robot-slam/install/fast_lio/local/lib/python3.10/dist-packages/fast_lio/msg/_pose6_d.py'...
[38.187s] -- Installing: /home/ugiviag1/Documents/TFM-Miquel_Reynes/Follower_Project/robot-internal-files/robot-slam/install/fast_lio/lib/libfast_lio__rosidl_generator_py.so
[38.187s] -- Set runtime path of "/home/ugiviag1/Documents/TFM-Miquel_Reynes/Follower_Project/robot-internal-files/robot-slam/install/fast_lio/lib/libfast_lio__rosidl_generator_py.so" to ""
[38.187s] -- Installing: /home/ugiviag1/Documents/TFM-Miquel_Reynes/Follower_Project/robot-internal-files/robot-slam/install/fast_lio/share/fast_lio/cmake/export_fast_lio__rosidl_generator_cExport.cmake
[38.187s] -- Installing: /home/ugiviag1/Documents/TFM-Miquel_Reynes/Follower_Project/robot-internal-files/robot-slam/install/fast_lio/share/fast_lio/cmake/export_fast_lio__rosidl_generator_cExport-release.cmake
[38.188s] -- Installing: /home/ugiviag1/Documents/TFM-Miquel_Reynes/Follower_Project/robot-internal-files/robot-slam/install/fast_lio/share/fast_lio/cmake/export_fast_lio__rosidl_typesupport_fastrtps_cExport.cmake
[38.188s] -- Installing: /home/ugiviag1/Documents/TFM-Miquel_Reynes/Follower_Project/robot-internal-files/robot-slam/install/fast_lio/share/fast_lio/cmake/export_fast_lio__rosidl_typesupport_fastrtps_cExport-release.cmake
[38.188s] -- Installing: /home/ugiviag1/Documents/TFM-Miquel_Reynes/Follower_Project/robot-internal-files/robot-slam/install/fast_lio/share/fast_lio/cmake/export_fast_lio__rosidl_generator_cppExport.cmake
[38.188s] -- Installing: /home/ugiviag1/Documents/TFM-Miquel_Reynes/Follower_Project/robot-internal-files/robot-slam/install/fast_lio/share/fast_lio/cmake/export_fast_lio__rosidl_typesupport_fastrtps_cppExport.cmake
[38.188s] -- Installing: /home/ugiviag1/Documents/TFM-Miquel_Reynes/Follower_Project/robot-internal-files/robot-slam/install/fast_lio/share/fast_lio/cmake/export_fast_lio__rosidl_typesupport_fastrtps_cppExport-release.cmake
[38.188s] -- Installing: /home/ugiviag1/Documents/TFM-Miquel_Reynes/Follower_Project/robot-internal-files/robot-slam/install/fast_lio/share/fast_lio/cmake/fast_lio__rosidl_typesupport_introspection_cExport.cmake
[38.188s] -- Installing: /home/ugiviag1/Documents/TFM-Miquel_Reynes/Follower_Project/robot-internal-files/robot-slam/install/fast_lio/share/fast_lio/cmake/fast_lio__rosidl_typesupport_introspection_cExport-release.cmake
[38.188s] -- Installing: /home/ugiviag1/Documents/TFM-Miquel_Reynes/Follower_Project/robot-internal-files/robot-slam/install/fast_lio/share/fast_lio/cmake/fast_lio__rosidl_typesupport_cExport.cmake
[38.189s] -- Installing: /home/ugiviag1/Documents/TFM-Miquel_Reynes/Follower_Project/robot-internal-files/robot-slam/install/fast_lio/share/fast_lio/cmake/fast_lio__rosidl_typesupport_cExport-release.cmake
[38.189s] -- Installing: /home/ugiviag1/Documents/TFM-Miquel_Reynes/Follower_Project/robot-internal-files/robot-slam/install/fast_lio/share/fast_lio/cmake/fast_lio__rosidl_typesupport_introspection_cppExport.cmake
[38.189s] -- Installing: /home/ugiviag1/Documents/TFM-Miquel_Reynes/Follower_Project/robot-internal-files/robot-slam/install/fast_lio/share/fast_lio/cmake/fast_lio__rosidl_typesupport_introspection_cppExport-release.cmake
[38.189s] -- Installing: /home/ugiviag1/Documents/TFM-Miquel_Reynes/Follower_Project/robot-internal-files/robot-slam/install/fast_lio/share/fast_lio/cmake/fast_lio__rosidl_typesupport_cppExport.cmake
[38.189s] -- Installing: /home/ugiviag1/Documents/TFM-Miquel_Reynes/Follower_Project/robot-internal-files/robot-slam/install/fast_lio/share/fast_lio/cmake/fast_lio__rosidl_typesupport_cppExport-release.cmake
[38.189s] -- Installing: /home/ugiviag1/Documents/TFM-Miquel_Reynes/Follower_Project/robot-internal-files/robot-slam/install/fast_lio/share/fast_lio/cmake/export_fast_lio__rosidl_generator_pyExport.cmake
[38.189s] -- Installing: /home/ugiviag1/Documents/TFM-Miquel_Reynes/Follower_Project/robot-internal-files/robot-slam/install/fast_lio/share/fast_lio/cmake/export_fast_lio__rosidl_generator_pyExport-release.cmake
[38.192s] Invoked command in '/home/ugiviag1/Documents/TFM-Miquel_Reynes/Follower_Project/robot-internal-files/robot-slam/build/fast_lio' returned '0': CMAKE_PREFIX_PATH=/home/ugiviag1/Documents/TFM-Miquel_Reynes/Follower_Project/robot-internal-files/robot-slam/install/livox_ros_driver2:/home/ugiviag1/Documents/TFM-Miquel_Reynes/Follower_Project/robot-internal-files/robot-slam/install/fast_lio:/home/ugiviag1/Documents/TFM-Miquel_Reynes/Follower_Project/robot-internal-files/robot-slam/install/kiss_icp:/home/ugiviag1/Documents/TFM-Miquel_Reynes/Follower_Project/robot-internal-files/robot-slam/install/g1_lidar_odometry:/opt/ros/humble LD_LIBRARY_PATH=/home/ugiviag1/Documents/TFM-Miquel_Reynes/Follower_Project/robot-internal-files/robot-slam/install/livox_ros_driver2/lib:/home/ugiviag1/Documents/TFM-Miquel_Reynes/Follower_Project/robot-internal-files/robot-slam/install/fast_lio/lib:/home/ugiviag1/Documents/TFM-Miquel_Reynes/Follower_Project/robot-internal-files/robot-slam/install/kiss_icp/lib:/usr/local/cuda-13.0/lib64:/usr/local/cuda-13.0/lib64:/opt/ros/humble/opt/rviz_ogre_vendor/lib:/opt/ros/humble/lib/x86_64-linux-gnu:/opt/ros/humble/lib /usr/bin/cmake --install /home/ugiviag1/Documents/TFM-Miquel_Reynes/Follower_Project/robot-internal-files/robot-slam/build/fast_lio
