-- The C compiler identification is GNU 11.4.0
-- The CXX compiler identification is GNU 11.4.0
-- Detecting C compiler ABI info
-- Detecting C compiler ABI info - done
-- Check for working C compiler: /usr/bin/cc - skipped
-- Detecting C compile features
-- Detecting C compile features - done
-- Detecting CXX compiler ABI info
-- Detecting CXX compiler ABI info - done
-- Check for working CXX compiler: /usr/bin/c++ - skipped
-- Detecting CXX compile features
-- Detecting CXX compile features - done
-- Found ament_cmake: 1.3.14 (/opt/ros/humble/share/ament_cmake/cmake)
-- Found Python3: /home/ugiviag1/miniconda3/envs/g1-slam-pc/bin/python3 (found version "3.10.20") found components: Interpreter
-- Override CMake install command with custom implementation using symlinks instead of copying resources
-- Found rosidl_default_generators: 1.2.1 (/opt/ros/humble/share/rosidl_default_generators/cmake)
-- Using all available rosidl_typesupport_c: rosidl_typesupport_fastrtps_c;rosidl_typesupport_introspection_c
-- Found rosidl_adapter: 3.1.8 (/opt/ros/humble/share/rosidl_adapter/cmake)
-- Using all available rosidl_typesupport_cpp: rosidl_typesupport_fastrtps_cpp;rosidl_typesupport_introspection_cpp
-- Found std_msgs: 4.9.1 (/opt/ros/humble/share/std_msgs/cmake)
-- Found ament_cmake_ros: 0.10.0 (/opt/ros/humble/share/ament_cmake_ros/cmake)
-- Using all available rosidl_typesupport_c: rosidl_typesupport_fastrtps_c;rosidl_typesupport_introspection_c
-- Using all available rosidl_typesupport_cpp: rosidl_typesupport_fastrtps_cpp;rosidl_typesupport_introspection_cpp
-- Found PythonInterp: /home/ugiviag1/miniconda3/envs/g1-slam-pc/bin/python3 (found suitable version "3.10.20", minimum required is "3.6")
-- Found python_cmake_module: 0.10.0 (/opt/ros/humble/share/python_cmake_module/cmake)
-- Found PythonLibs: /home/ugiviag1/miniconda3/envs/g1-slam-pc/lib/libpython3.10.so (found suitable version "3.10.20", minimum required is "3.5")
-- Using PYTHON_EXECUTABLE: /home/ugiviag1/miniconda3/envs/g1-slam-pc/bin/python3
-- Using PYTHON_INCLUDE_DIRS: /home/ugiviag1/miniconda3/envs/g1-slam-pc/include/python3.10
-- Using PYTHON_LIBRARIES: /home/ugiviag1/miniconda3/envs/g1-slam-pc/lib/libpython3.10.so
-- Found PythonExtra: .so
-- Using numpy include directory: /home/ugiviag1/miniconda3/envs/g1-slam-pc/lib/python3.10/site-packages/numpy/core/include
-- Configuring done (1.5s)
-- Generating done (0.0s)
-- Build files have been written to: /home/ugiviag1/Documents/TFM-Miquel_Reynes/Follower_Project/robot-internal-files/robot-slam/build/livox_ros_driver2
[  2%] [34m[1mGenerating C code for ROS interfaces[0m
[  5%] [34m[1mGenerating C++ code for ROS interfaces[0m
[  7%] [34m[1mGenerating Rust code for ROS interfaces[0m
[  7%] Built target ament_cmake_python_symlink_livox_ros_driver2
running egg_info
creating livox_ros_driver2.egg-info
writing livox_ros_driver2.egg-info/PKG-INFO
writing dependency_links to livox_ros_driver2.egg-info/dependency_links.txt
writing top-level names to livox_ros_driver2.egg-info/top_level.txt
writing manifest file 'livox_ros_driver2.egg-info/SOURCES.txt'
reading manifest file 'livox_ros_driver2.egg-info/SOURCES.txt'
writing manifest file 'livox_ros_driver2.egg-info/SOURCES.txt'
[  7%] Built target ament_cmake_python_build_livox_ros_driver2_egg
